Using coffee-rails 4.1.1
Using ffi 1.15.3
Using hirb 0.7.3
Using jbuilder 2.9.1
Using jquery-rails 4.4.0
Using sprockets 3.7.2
Using sprockets-rails 3.2.2
Using rails 4.2.7
Using rb-fsevent 0.11.0
Using rb-inotify 0.10.1
Using rdoc 4.3.0
Using sass-listen 4.0.0
Using sass 3.7.4
Using tilt 2.0.10
Using sass-rails 5.0.7
Using sdoc 0.4.2
Using spring 2.0.2
Using sqlite3 1.3.13 (was 1.4.2)
Using turbolinks-source 5.2.0
Using turbolinks 5.2.1
Using uglifier 4.2.0
Using web-console 2.3.0
Bundle complete! 13 Gemfile dependencies, 60 gems now installed.
Use `bundle info [gemname]` to see where a bundled gem is installed.
vagrant@vagrant-ubuntu-trusty-64:/vagrant/ruby_hw/ruby_hw_wk7/rails_models/bpm2/bpm2$ ls
app  config     db       Gemfile.lock  log     Rakefile     test  vendor
bin  config.ru  Gemfile  lib           public  README.rdoc  tmp
vagrant@vagrant-ubuntu-trusty-64:/vagrant/ruby_hw/ruby_hw_wk7/rails_models/bpm2/bpm2$ rails g model User first_name:string last_name:string email:string
Running via Spring preloader in process 3495
      invoke  active_record
      create    db/migrate/20210813225414_create_users.rb
      create    app/models/user.rb
      invoke    test_unit
      create      test/models/user_test.rb
      create      test/fixtures/users.yml
vagrant@vagrant-ubuntu-trusty-64:/vagrant/ruby_hw/ruby_hw_wk7/rails_models/bpm2/bpm2$ ls
app  config     db       Gemfile.lock  log     Rakefile     test  vendor
bin  config.ru  Gemfile  lib           public  README.rdoc  tmp
vagrant@vagrant-ubuntu-trusty-64:/vagrant/ruby_hw/ruby_hw_wk7/rails_models/bpm2/bpm2$ rails g model Blog
Running via Spring preloader in process 3505
      invoke  active_record
      create    db/migrate/20210813225448_create_blogs.rb
      create    app/models/blog.rb
      invoke    test_unit
      create      test/models/blog_test.rb
      create      test/fixtures/blogs.yml
vagrant@vagrant-ubuntu-trusty-64:/vagrant/ruby_hw/ruby_hw_wk7/rails_models/bpm2/bpm2$ rails g model Owner user:references blog:references
Running via Spring preloader in process 3521
      invoke  active_record
      create    db/migrate/20210813225938_create_owners.rb
      create    app/models/owner.rb
      invoke    test_unit
      create      test/models/owner_test.rb
      create      test/fixtures/owners.yml
vagrant@vagrant-ubuntu-trusty-64:/vagrant/ruby_hw/ruby_hw_wk7/rails_models/bpm2/bpm2$ rails g model Post blog:references user:references title:string content:string
Running via Spring preloader in process 3529
      invoke  active_record
      create    db/migrate/20210813230026_create_posts.rb
      create    app/models/post.rb
      invoke    test_unit
      create      test/models/post_test.rb
      create      test/fixtures/posts.yml
vagrant@vagrant-ubuntu-trusty-64:/vagrant/ruby_hw/ruby_hw_wk7/rails_models/bpm2/bpm2$ rails g model Message user:references post:references author:string message:string
Running via Spring preloader in process 3538
      invoke  active_record
      create    db/migrate/20210813230112_create_messages.rb
      create    app/models/message.rb
      invoke    test_unit
      create      test/models/message_test.rb
      create      test/fixtures/messages.yml
vagrant@vagrant-ubuntu-trusty-64:/vagrant/ruby_hw/ruby_hw_wk7/rails_models/bpm2/bpm2$ rake db:migrate
== 20210813225414 CreateUsers: migrating ======================================
-- create_table(:users)
   -> 0.0059s
== 20210813225414 CreateUsers: migrated (0.0060s) =============================

== 20210813225448 CreateBlogs: migrating ======================================
-- create_table(:blogs)
   -> 0.0051s
== 20210813225448 CreateBlogs: migrated (0.0053s) =============================

== 20210813225938 CreateOwners: migrating =====================================
-- create_table(:owners)
   -> 0.0059s
== 20210813225938 CreateOwners: migrated (0.0060s) ============================

== 20210813230026 CreatePosts: migrating ======================================
-- create_table(:posts)
   -> 0.0064s
== 20210813230026 CreatePosts: migrated (0.0065s) =============================

== 20210813230112 CreateMessages: migrating ===================================
-- create_table(:messages)
   -> 0.0064s
== 20210813230112 CreateMessages: migrated (0.0065s) ==========================

vagrant@vagrant-ubuntu-trusty-64:/vagrant/ruby_hw/ruby_hw_wk7/rails_models/bpm2/bpm2$ rails c
Running via Spring preloader in process 3549
Loading development environment (Rails 4.2.7)
2.3.1 :001 > Hirb.enable
 => true 
2.3.1 :002 > User.all
  User Load (10.1ms)  SELECT "users".* FROM "users"
 => #<ActiveRecord::Relation []> 
2.3.1 :003 > Post.all
  Post Load (2.8ms)  SELECT "posts".* FROM "posts"
 => #<ActiveRecord::Relation []> 
2.3.1 :004 > Owner.all
  Owner Load (2.4ms)  SELECT "owners".* FROM "owners"
 => #<ActiveRecord::Relation []> 
2.3.1 :005 > Blog.all
  Blog Load (2.2ms)  SELECT "blogs".* FROM "blogs"
 => #<ActiveRecord::Relation []> 
2.3.1 :006 > Message.all
  Message Load (3.2ms)  SELECT "messages".* FROM "messages"
 => #<ActiveRecord::Relation []> 
2.3.1 :007 > exit
vagrant@vagrant-ubuntu-trusty-64:/vagrant/ruby_hw/ruby_hw_wk7/rails_models/bpm2/bpm2$ rake db:migrate
vagrant@vagrant-ubuntu-trusty-64:/vagrant/ruby_hw/ruby_hw_wk7/rails_models/bpm2/bpm2$ rake db:migrate
vagrant@vagrant-ubuntu-trusty-64:/vagrant/ruby_hw/ruby_hw_wk7/rails_models/bpm2/bpm2$ rails c
Running via Spring preloader in process 3583
Loading development environment (Rails 4.2.7)
2.3.1 :001 > Hirb.enable
 => true 
2.3.1 :002 > User.all
  User Load (9.1ms)  SELECT "users".* FROM "users"
 => #<ActiveRecord::Relation []> 
2.3.1 :003 > Post.all
  Post Load (3.1ms)  SELECT "posts".* FROM "posts"
 => #<ActiveRecord::Relation []> 
2.3.1 :004 > Owner.all
  Owner Load (3.1ms)  SELECT "owners".* FROM "owners"
 => #<ActiveRecord::Relation []> 
2.3.1 :005 > Blog.all
  Blog Load (3.0ms)  SELECT "blogs".* FROM "blogs"
 => #<ActiveRecord::Relation []> 
2.3.1 :006 > Message.all
  Message Load (2.5ms)  SELECT "messages".* FROM "messages"
 => #<ActiveRecord::Relation []> 
2.3.1 :007 > u = User.create(first_name:'Harry',last_name:'Potter',email:'hp@example.com')
   (0.1ms)  begin transaction
  SQL (4.5ms)  INSERT INTO "users" ("first_name", "last_name", "email", "created_at", "updated_at") VALUES (?, ?, ?, ?, ?)  [["first_name", "Harry"], ["last_name", "Potter"], ["email", "hp@example.com"], ["created_at", "2021-08-13 23:17:23.179464"], ["updated_at", "2021-08-13 23:17:23.179464"]]
   (3.8ms)  commit transaction
+----+------------+-----------+----------------+-------------------------+-------------------------+
| id | first_name | last_name | email          | created_at              | updated_at              |
+----+------------+-----------+----------------+-------------------------+-------------------------+
| 1  | Harry      | Potter    | hp@example.com | 2021-08-13 23:17:23 UTC | 2021-08-13 23:17:23 UTC |
+----+------------+-----------+----------------+-------------------------+-------------------------+
1 row in set
2.3.1 :008 > u = User.create(first_name:'Hermione',last_name:'Granger',email:'hg@example.com')
   (0.1ms)  begin transaction
  SQL (6.4ms)  INSERT INTO "users" ("first_name", "last_name", "email", "created_at", "updated_at") VALUES (?, ?, ?, ?, ?)  [["first_name", "Hermione"], ["last_name", "Granger"], ["email", "hg@example.com"], ["created_at", "2021-08-13 23:20:47.385135"], ["updated_at", "2021-08-13 23:20:47.385135"]]
   (4.3ms)  commit transaction
+----+------------+-----------+----------------+-------------------------+-------------------------+
| id | first_name | last_name | email          | created_at              | updated_at              |
+----+------------+-----------+----------------+-------------------------+-------------------------+
| 2  | Hermione   | Granger   | hg@example.com | 2021-08-13 23:20:47 UTC | 2021-08-13 23:20:47 UTC |
+----+------------+-----------+----------------+-------------------------+-------------------------+
1 row in set
2.3.1 :009 > exit
vagrant@vagrant-ubuntu-trusty-64:/vagrant/ruby_hw/ruby_hw_wk7/rails_models/bpm2/bpm2$ rake db:migrate
vagrant@vagrant-ubuntu-trusty-64:/vagrant/ruby_hw/ruby_hw_wk7/rails_models/bpm2/bpm2$ rails c
Running via Spring preloader in process 3719
Loading development environment (Rails 4.2.7)
2.3.1 :001 > Hirb.enable
 => true 
2.3.1 :002 > u = User.create(first_name:'Ron',last_name:'Weasley',email:'rw@example.com')
   (0.1ms)  begin transaction
  User Exists (3.3ms)  SELECT  1 AS one FROM "users" WHERE "users"."email" = 'rw@example.com' LIMIT 1
  SQL (3.6ms)  INSERT INTO "users" ("first_name", "last_name", "email", "created_at", "updated_at") VALUES (?, ?, ?, ?, ?)  [["first_name", "Ron"], ["last_name", "Weasley"], ["email", "rw@example.com"], ["created_at", "2021-08-13 23:21:38.628397"], ["updated_at", "2021-08-13 23:21:38.628397"]]
   (3.9ms)  commit transaction
+----+------------+-----------+----------------+-------------------------+-------------------------+
| id | first_name | last_name | email          | created_at              | updated_at              |
+----+------------+-----------+----------------+-------------------------+-------------------------+
| 3  | Ron        | Weasley   | rw@example.com | 2021-08-13 23:21:38 UTC | 2021-08-13 23:21:38 UTC |
+----+------------+-----------+----------------+-------------------------+-------------------------+
1 row in set
2.3.1 :003 > u = User.create(first_name:'Ginny',last_name:'Weasley',email:'gw@example.com')
   (0.1ms)  begin transaction
  User Exists (3.3ms)  SELECT  1 AS one FROM "users" WHERE "users"."email" = 'gw@example.com' LIMIT 1
  SQL (4.2ms)  INSERT INTO "users" ("first_name", "last_name", "email", "created_at", "updated_at") VALUES (?, ?, ?, ?, ?)  [["first_name", "Ginny"], ["last_name", "Weasley"], ["email", "gw@example.com"], ["created_at", "2021-08-13 23:21:58.954191"], ["updated_at", "2021-08-13 23:21:58.954191"]]
   (4.6ms)  commit transaction
+----+------------+-----------+----------------+-------------------------+-------------------------+
| id | first_name | last_name | email          | created_at              | updated_at              |
+----+------------+-----------+----------------+-------------------------+-------------------------+
| 4  | Ginny      | Weasley   | gw@example.com | 2021-08-13 23:21:58 UTC | 2021-08-13 23:21:58 UTC |
+----+------------+-----------+----------------+-------------------------+-------------------------+
1 row in set
2.3.1 :004 > u = User.create(first_name:'Neville',last_name:'Longbottom',email:'nl@example.com')
   (0.1ms)  begin transaction
  User Exists (2.6ms)  SELECT  1 AS one FROM "users" WHERE "users"."email" = 'nl@example.com' LIMIT 1
  SQL (3.8ms)  INSERT INTO "users" ("first_name", "last_name", "email", "created_at", "updated_at") VALUES (?, ?, ?, ?, ?)  [["first_name", "Neville"], ["last_name", "Longbottom"], ["email", "nl@example.com"], ["created_at", "2021-08-13 23:22:19.249008"], ["updated_at", "2021-08-13 23:22:19.249008"]]
   (3.3ms)  commit transaction
+----+------------+------------+----------------+-------------------------+-------------------------+
| id | first_name | last_name  | email          | created_at              | updated_at              |
+----+------------+------------+----------------+-------------------------+-------------------------+
| 5  | Neville    | Longbottom | nl@example.com | 2021-08-13 23:22:19 UTC | 2021-08-13 23:22:19 UTC |
+----+------------+------------+----------------+-------------------------+-------------------------+
1 row in set
2.3.1 :005 > User.all
  User Load (3.5ms)  SELECT "users".* FROM "users"
+----+------------+------------+----------------+-------------------------+-------------------------+
| id | first_name | last_name  | email          | created_at              | updated_at              |
+----+------------+------------+----------------+-------------------------+-------------------------+
| 1  | Harry      | Potter     | hp@example.com | 2021-08-13 23:17:23 UTC | 2021-08-13 23:17:23 UTC |
| 2  | Hermione   | Granger    | hg@example.com | 2021-08-13 23:20:47 UTC | 2021-08-13 23:20:47 UTC |
| 3  | Ron        | Weasley    | rw@example.com | 2021-08-13 23:21:38 UTC | 2021-08-13 23:21:38 UTC |
| 4  | Ginny      | Weasley    | gw@example.com | 2021-08-13 23:21:58 UTC | 2021-08-13 23:21:58 UTC |
| 5  | Neville    | Longbottom | nl@example.com | 2021-08-13 23:22:19 UTC | 2021-08-13 23:22:19 UTC |
+----+------------+------------+----------------+-------------------------+-------------------------+
5 rows in set
2.3.1 :006 > exit
vagrant@vagrant-ubuntu-trusty-64:/vagrant/ruby_hw/ruby_hw_wk7/rails_models/bpm2/bpm2$ cd ..
vagrant@vagrant-ubuntu-trusty-64:/vagrant/ruby_hw/ruby_hw_wk7/rails_models/bpm2$ ls
bpm2
vagrant@vagrant-ubuntu-trusty-64:/vagrant/ruby_hw/ruby_hw_wk7/rails_models/bpm2$ git init
Initialized empty Git repository in /vagrant/ruby_hw/ruby_hw_wk7/rails_models/bpm2/.git/
vagrant@vagrant-ubuntu-trusty-64:/vagrant/ruby_hw/ruby_hw_wk7/rails_models/bpm2$ git add .
vagrant@vagrant-ubuntu-trusty-64:/vagrant/ruby_hw/ruby_hw_wk7/rails_models/bpm2$ git commit -m "First commit. Models made. 5 users inserted."
[master (root-commit) e6dd410] First commit. Models made. 5 users inserted.
 78 files changed, 1237 insertions(+)
 create mode 100644 bpm2/.gitignore
 create mode 100644 bpm2/Gemfile
 create mode 100644 bpm2/Gemfile.lock
 create mode 100644 bpm2/README.rdoc
 create mode 100644 bpm2/Rakefile
 create mode 100644 bpm2/app/assets/images/.keep
 create mode 100644 bpm2/app/assets/javascripts/application.js
 create mode 100644 bpm2/app/assets/stylesheets/application.css
 create mode 100644 bpm2/app/controllers/application_controller.rb
 create mode 100644 bpm2/app/controllers/concerns/.keep
 create mode 100644 bpm2/app/helpers/application_helper.rb
 create mode 100644 bpm2/app/mailers/.keep
 create mode 100644 bpm2/app/models/.keep
 create mode 100644 bpm2/app/models/blog.rb
 create mode 100644 bpm2/app/models/concerns/.keep
 create mode 100644 bpm2/app/models/message.rb
 create mode 100644 bpm2/app/models/owner.rb
 create mode 100644 bpm2/app/models/post.rb
 create mode 100644 bpm2/app/models/user.rb
 create mode 100644 bpm2/app/views/layouts/application.html.erb
 create mode 100755 bpm2/bin/bundle
 create mode 100755 bpm2/bin/rails
 create mode 100755 bpm2/bin/rake
 create mode 100755 bpm2/bin/setup
 create mode 100755 bpm2/bin/spring
 create mode 100644 bpm2/config.ru
 create mode 100644 bpm2/config/application.rb
 create mode 100644 bpm2/config/boot.rb
 create mode 100644 bpm2/config/database.yml
 create mode 100644 bpm2/config/environment.rb
 create mode 100644 bpm2/config/environments/development.rb
 create mode 100644 bpm2/config/environments/production.rb
 create mode 100644 bpm2/config/environments/test.rb
 create mode 100644 bpm2/config/initializers/assets.rb
 create mode 100644 bpm2/config/initializers/backtrace_silencers.rb
 create mode 100644 bpm2/config/initializers/cookies_serializer.rb
 create mode 100644 bpm2/config/initializers/filter_parameter_logging.rb
 create mode 100644 bpm2/config/initializers/inflections.rb
 create mode 100644 bpm2/config/initializers/mime_types.rb
 create mode 100644 bpm2/config/initializers/session_store.rb
 create mode 100644 bpm2/config/initializers/wrap_parameters.rb
 create mode 100644 bpm2/config/locales/en.yml
 create mode 100644 bpm2/config/routes.rb
 create mode 100644 bpm2/config/secrets.yml
 create mode 100644 bpm2/db/migrate/20210813225414_create_users.rb
 create mode 100644 bpm2/db/migrate/20210813225448_create_blogs.rb
 create mode 100644 bpm2/db/migrate/20210813225938_create_owners.rb
 create mode 100644 bpm2/db/migrate/20210813230026_create_posts.rb
 create mode 100644 bpm2/db/migrate/20210813230112_create_messages.rb
 create mode 100644 bpm2/db/schema.rb
 create mode 100644 bpm2/db/seeds.rb
 create mode 100644 bpm2/lib/assets/.keep
 create mode 100644 bpm2/lib/tasks/.keep
 create mode 100644 bpm2/log/.keep
 create mode 100644 bpm2/public/404.html
 create mode 100644 bpm2/public/422.html
 create mode 100644 bpm2/public/500.html
 create mode 100644 bpm2/public/favicon.ico
 create mode 100644 bpm2/public/robots.txt
 create mode 100644 bpm2/test/controllers/.keep
 create mode 100644 bpm2/test/fixtures/.keep
 create mode 100644 bpm2/test/fixtures/blogs.yml
 create mode 100644 bpm2/test/fixtures/messages.yml
 create mode 100644 bpm2/test/fixtures/owners.yml
 create mode 100644 bpm2/test/fixtures/posts.yml
 create mode 100644 bpm2/test/fixtures/users.yml
 create mode 100644 bpm2/test/helpers/.keep
 create mode 100644 bpm2/test/integration/.keep
 create mode 100644 bpm2/test/mailers/.keep
 create mode 100644 bpm2/test/models/.keep
 create mode 100644 bpm2/test/models/blog_test.rb
 create mode 100644 bpm2/test/models/message_test.rb
 create mode 100644 bpm2/test/models/owner_test.rb
 create mode 100644 bpm2/test/models/post_test.rb
 create mode 100644 bpm2/test/models/user_test.rb
 create mode 100644 bpm2/test/test_helper.rb
 create mode 100644 bpm2/vendor/assets/javascripts/.keep
 create mode 100644 bpm2/vendor/assets/stylesheets/.keep
vagrant@vagrant-ubuntu-trusty-64:/vagrant/ruby_hw/ruby_hw_wk7/rails_models/bpm2$ git branch -M main
vagrant@vagrant-ubuntu-trusty-64:/vagrant/ruby_hw/ruby_hw_wk7/rails_models/bpm2$ git remote add origin https://github.com/jsprofessional/ruby_BPM2.git
vagrant@vagrant-ubuntu-trusty-64:/vagrant/ruby_hw/ruby_hw_wk7/rails_models/bpm2$ git push -u origin main
Username for 'https://github.com': jsprofessional
Password for 'https://jsprofessional@github.com': 
Counting objects: 89, done.
Delta compression using up to 2 threads.
Compressing objects: 100% (78/78), done.
Writing objects: 100% (89/89), 20.37 KiB | 0 bytes/s, done.
Total 89 (delta 6), reused 0 (delta 0)
remote: Resolving deltas: 100% (6/6), done.
To https://github.com/jsprofessional/ruby_BPM2.git
 * [new branch]      main -> main
Branch main set up to track remote branch main from origin.
vagrant@vagrant-ubuntu-trusty-64:/vagrant/ruby_hw/ruby_hw_wk7/rails_models/bpm2$ cd bpm2
vagrant@vagrant-ubuntu-trusty-64:/vagrant/ruby_hw/ruby_hw_wk7/rails_models/bpm2/bpm2$ ls
app  config     db       Gemfile.lock  log     Rakefile     test  vendor
bin  config.ru  Gemfile  lib           public  README.rdoc  tmp
vagrant@vagrant-ubuntu-trusty-64:/vagrant/ruby_hw/ruby_hw_wk7/rails_models/bpm2/bpm2$ rails c
Running via Spring preloader in process 3763
Loading development environment (Rails 4.2.7)
2.3.1 :001 > Hirb.enable
 => true 
2.3.1 :002 > Blog.all
  Blog Load (14.9ms)  SELECT "blogs".* FROM "blogs"
 => #<ActiveRecord::Relation []> 
2.3.1 :003 > b = Blog.new
+----+------+-------------+------------+------------+
| id | name | description | created_at | updated_at |
+----+------+-------------+------------+------------+
|    |      |             |            |            |
+----+------+-------------+------------+------------+
1 row in set
2.3.1 :004 > b = Blog.create(name:'Wizard Blog',description:'The wild wizarding blog stuff')
   (0.1ms)  begin transaction
  SQL (9.1ms)  INSERT INTO "blogs" ("name", "description", "created_at", "updated_at") VALUES (?, ?, ?, ?)  [["name", "Wizard Blog"], ["description", "The wild wizarding blog stuff"], ["created_at", "2021-08-13 23:27:22.963437"], ["updated_at", "2021-08-13 23:27:22.963437"]]
   (5.1ms)  commit transaction
+----+-------------+-------------------------------+-------------------------+-------------------------+
| id | name        | description                   | created_at              | updated_at              |
+----+-------------+-------------------------------+-------------------------+-------------------------+
| 1  | Wizard Blog | The wild wizarding blog stuff | 2021-08-13 23:27:22 UTC | 2021-08-13 23:27:22 UTC |
+----+-------------+-------------------------------+-------------------------+-------------------------+
1 row in set
2.3.1 :005 > Blog.all
  Blog Load (3.2ms)  SELECT "blogs".* FROM "blogs"
+----+-------------+-------------------------------+-------------------------+-------------------------+
| id | name        | description                   | created_at              | updated_at              |
+----+-------------+-------------------------------+-------------------------+-------------------------+
| 1  | Wizard Blog | The wild wizarding blog stuff | 2021-08-13 23:27:22 UTC | 2021-08-13 23:27:22 UTC |
+----+-------------+-------------------------------+-------------------------+-------------------------+
1 row in set
2.3.1 :006 > b = Blog.create(name:'Radical Blog',description:'Radical stuff')
   (0.1ms)  begin transaction
  SQL (7.4ms)  INSERT INTO "blogs" ("name", "description", "created_at", "updated_at") VALUES (?, ?, ?, ?)  [["name", "Radical Blog"], ["description", "Radical stuff"], ["created_at", "2021-08-13 23:27:57.721477"], ["updated_at", "2021-08-13 23:27:57.721477"]]
   (3.9ms)  commit transaction
+----+--------------+---------------+-------------------------+-------------------------+
| id | name         | description   | created_at              | updated_at              |
+----+--------------+---------------+-------------------------+-------------------------+
| 2  | Radical Blog | Radical stuff | 2021-08-13 23:27:57 UTC | 2021-08-13 23:27:57 UTC |
+----+--------------+---------------+-------------------------+-------------------------+
1 row in set
2.3.1 :007 > b = Blog.create(name:'Funny Blog',description:'Hilarious stuff lol')
   (0.1ms)  begin transaction
  SQL (7.4ms)  INSERT INTO "blogs" ("name", "description", "created_at", "updated_at") VALUES (?, ?, ?, ?)  [["name", "Funny Blog"], ["description", "Hilarious stuff lol"], ["created_at", "2021-08-13 23:28:17.641323"], ["updated_at", "2021-08-13 23:28:17.641323"]]
   (3.9ms)  commit transaction
+----+------------+---------------------+-------------------------+-------------------------+
| id | name       | description         | created_at              | updated_at              |
+----+------------+---------------------+-------------------------+-------------------------+
| 3  | Funny Blog | Hilarious stuff lol | 2021-08-13 23:28:17 UTC | 2021-08-13 23:28:17 UTC |
+----+------------+---------------------+-------------------------+-------------------------+
1 row in set
2.3.1 :008 > b = Blog.create(name:'Yeet',description:'Yeetish content for the masses')
   (0.1ms)  begin transaction
  SQL (7.2ms)  INSERT INTO "blogs" ("name", "description", "created_at", "updated_at") VALUES (?, ?, ?, ?)  [["name", "Yeet"], ["description", "Yeetish content for the masses"], ["created_at", "2021-08-13 23:28:41.965345"], ["updated_at", "2021-08-13 23:28:41.965345"]]
   (3.0ms)  commit transaction
+----+------+--------------------------------+-------------------------+-------------------------+
| id | name | description                    | created_at              | updated_at              |
+----+------+--------------------------------+-------------------------+-------------------------+
| 4  | Yeet | Yeetish content for the masses | 2021-08-13 23:28:41 UTC | 2021-08-13 23:28:41 UTC |
+----+------+--------------------------------+-------------------------+-------------------------+
1 row in set
2.3.1 :009 > b = Blog.create(name:'Yoink',description:'Yoinkish content for all mankind')
   (0.1ms)  begin transaction
  SQL (6.3ms)  INSERT INTO "blogs" ("name", "description", "created_at", "updated_at") VALUES (?, ?, ?, ?)  [["name", "Yoink"], ["description", "Yoinkish content for all mankind"], ["created_at", "2021-08-13 23:29:07.172814"], ["updated_at", "2021-08-13 23:29:07.172814"]]
   (2.9ms)  commit transaction
+----+-------+----------------------------------+-------------------------+-------------------------+
| id | name  | description                      | created_at              | updated_at              |
+----+-------+----------------------------------+-------------------------+-------------------------+
| 5  | Yoink | Yoinkish content for all mankind | 2021-08-13 23:29:07 UTC | 2021-08-13 23:29:07 UTC |
+----+-------+----------------------------------+-------------------------+-------------------------+
1 row in set
2.3.1 :010 > Blog.all
  Blog Load (5.1ms)  SELECT "blogs".* FROM "blogs"
+----+--------------+-------------------------------+-------------------------+-------------------------+
| id | name         | description                   | created_at              | updated_at              |
+----+--------------+-------------------------------+-------------------------+-------------------------+
| 1  | Wizard Blog  | The wild wizarding blog stuff | 2021-08-13 23:27:22 UTC | 2021-08-13 23:27:22 UTC |
| 2  | Radical Blog | Radical stuff                 | 2021-08-13 23:27:57 UTC | 2021-08-13 23:27:57 UTC |
| 3  | Funny Blog   | Hilarious stuff lol           | 2021-08-13 23:28:17 UTC | 2021-08-13 23:28:17 UTC |
| 4  | Yeet         | Yeetish content for the ma... | 2021-08-13 23:28:41 UTC | 2021-08-13 23:28:41 UTC |
| 5  | Yoink        | Yoinkish content for all m... | 2021-08-13 23:29:07 UTC | 2021-08-13 23:29:07 UTC |
+----+--------------+-------------------------------+-------------------------+-------------------------+
5 rows in set
2.3.1 :011 > Owner.all
  Owner Load (1.5ms)  SELECT "owners".* FROM "owners"
 => #<ActiveRecord::Relation []> 
2.3.1 :012 > Blog.first.user
  Blog Load (3.8ms)  SELECT  "blogs".* FROM "blogs"  ORDER BY "blogs"."id" ASC LIMIT 1
NoMethodError: undefined method `user' for #<Blog:0x00000003962b40>
Did you mean?  users
        from /home/vagrant/.rvm/gems/ruby-2.3.1/gems/activemodel-4.2.7/lib/active_model/attribute_methods.rb:433:in `method_missing'
        from (irb):12
        from /home/vagrant/.rvm/gems/ruby-2.3.1/gems/railties-4.2.7/lib/rails/commands/console.rb:110:in `start'
        from /home/vagrant/.rvm/gems/ruby-2.3.1/gems/railties-4.2.7/lib/rails/commands/console.rb:9:in `start'
        from /home/vagrant/.rvm/gems/ruby-2.3.1/gems/railties-4.2.7/lib/rails/commands/commands_tasks.rb:68:in `console'
        from /home/vagrant/.rvm/gems/ruby-2.3.1/gems/railties-4.2.7/lib/rails/commands/commands_tasks.rb:39:in `run_command!'
        from /home/vagrant/.rvm/gems/ruby-2.3.1/gems/railties-4.2.7/lib/rails/commands.rb:17:in `<top (required)>'
        from /home/vagrant/.rvm/gems/ruby-2.3.1/gems/activesupport-4.2.7/lib/active_support/dependencies.rb:274:in `require'
        from /home/vagrant/.rvm/gems/ruby-2.3.1/gems/activesupport-4.2.7/lib/active_support/dependencies.rb:274:in `block in require'
        from /home/vagrant/.rvm/gems/ruby-2.3.1/gems/activesupport-4.2.7/lib/active_support/dependencies.rb:240:in `load_dependency'
        from /home/vagrant/.rvm/gems/ruby-2.3.1/gems/activesupport-4.2.7/lib/active_support/dependencies.rb:274:in `require'
        from /vagrant/ruby_hw/ruby_hw_wk7/rails_models/bpm2/bpm2/bin/rails:9:in `<top (required)>'
        from /home/vagrant/.rvm/gems/ruby-2.3.1/gems/activesupport-4.2.7/lib/active_support/dependencies.rb:268:in `load'
        from /home/vagrant/.rvm/gems/ruby-2.3.1/gems/activesupport-4.2.7/lib/active_support/dependencies.rb:268:in `block in load'
        from /home/vagrant/.rvm/gems/ruby-2.3.1/gems/activesupport-4.2.7/lib/active_support/dependencies.rb:240:in `load_dependency'
        from /home/vagrant/.rvm/gems/ruby-2.3.1/gems/activesupport-4.2.7/lib/active_support/dependencies.rb:268:in `load'
        from /home/vagrant/.rvm/gems/ruby-2.3.1/gems/spring-2.0.2/lib/spring/commands/rails.rb:6:in `call'
        from /home/vagrant/.rvm/gems/ruby-2.3.1/gems/spring-2.0.2/lib/spring/command_wrapper.rb:38:in `call'
        from /home/vagrant/.rvm/gems/ruby-2.3.1/gems/spring-2.0.2/lib/spring/application.rb:201:in `block in serve'
        from /home/vagrant/.rvm/gems/ruby-2.3.1/gems/spring-2.0.2/lib/spring/application.rb:171:in `fork'
        from /home/vagrant/.rvm/gems/ruby-2.3.1/gems/spring-2.0.2/lib/spring/application.rb:171:in `serve'
        from /home/vagrant/.rvm/gems/ruby-2.3.1/gems/spring-2.0.2/lib/spring/application.rb:141:in `block in run'
        from /home/vagrant/.rvm/gems/ruby-2.3.1/gems/spring-2.0.2/lib/spring/application.rb:135:in `loop'
        from /home/vagrant/.rvm/gems/ruby-2.3.1/gems/spring-2.0.2/lib/spring/application.rb:135:in `run'
        from /home/vagrant/.rvm/gems/ruby-2.3.1/gems/spring-2.0.2/lib/spring/application/boot.rb:19:in `<top (required)>'
        from /home/vagrant/.rvm/rubies/ruby-2.3.1/lib/ruby/site_ruby/2.3.0/rubygems/core_ext/kernel_require.rb:54:in `require'
        from /home/vagrant/.rvm/rubies/ruby-2.3.1/lib/ruby/site_ruby/2.3.0/rubygems/core_ext/kernel_require.rb:54:in `require'
        from -e:1:in `<main>'
2.3.1 :013 > Blog.first.user
  Blog Load (3.5ms)  SELECT  "blogs".* FROM "blogs"  ORDER BY "blogs"."id" ASC LIMIT 1
NoMethodError: undefined method `user' for #<Blog:0x000000038ff770>
Did you mean?  users
        from /home/vagrant/.rvm/gems/ruby-2.3.1/gems/activemodel-4.2.7/lib/active_model/attribute_methods.rb:433:in `method_missing'
        from (irb):13
        from /home/vagrant/.rvm/gems/ruby-2.3.1/gems/railties-4.2.7/lib/rails/commands/console.rb:110:in `start'
        from /home/vagrant/.rvm/gems/ruby-2.3.1/gems/railties-4.2.7/lib/rails/commands/console.rb:9:in `start'
        from /home/vagrant/.rvm/gems/ruby-2.3.1/gems/railties-4.2.7/lib/rails/commands/commands_tasks.rb:68:in `console'
        from /home/vagrant/.rvm/gems/ruby-2.3.1/gems/railties-4.2.7/lib/rails/commands/commands_tasks.rb:39:in `run_command!'
        from /home/vagrant/.rvm/gems/ruby-2.3.1/gems/railties-4.2.7/lib/rails/commands.rb:17:in `<top (required)>'
        from /home/vagrant/.rvm/gems/ruby-2.3.1/gems/activesupport-4.2.7/lib/active_support/dependencies.rb:274:in `require'
        from /home/vagrant/.rvm/gems/ruby-2.3.1/gems/activesupport-4.2.7/lib/active_support/dependencies.rb:274:in `block in require'
        from /home/vagrant/.rvm/gems/ruby-2.3.1/gems/activesupport-4.2.7/lib/active_support/dependencies.rb:240:in `load_dependency'
        from /home/vagrant/.rvm/gems/ruby-2.3.1/gems/activesupport-4.2.7/lib/active_support/dependencies.rb:274:in `require'
        from /vagrant/ruby_hw/ruby_hw_wk7/rails_models/bpm2/bpm2/bin/rails:9:in `<top (required)>'
        from /home/vagrant/.rvm/gems/ruby-2.3.1/gems/activesupport-4.2.7/lib/active_support/dependencies.rb:268:in `load'
        from /home/vagrant/.rvm/gems/ruby-2.3.1/gems/activesupport-4.2.7/lib/active_support/dependencies.rb:268:in `block in load'
        from /home/vagrant/.rvm/gems/ruby-2.3.1/gems/activesupport-4.2.7/lib/active_support/dependencies.rb:240:in `load_dependency'
        from /home/vagrant/.rvm/gems/ruby-2.3.1/gems/activesupport-4.2.7/lib/active_support/dependencies.rb:268:in `load'
        from /home/vagrant/.rvm/gems/ruby-2.3.1/gems/spring-2.0.2/lib/spring/commands/rails.rb:6:in `call'
        from /home/vagrant/.rvm/gems/ruby-2.3.1/gems/spring-2.0.2/lib/spring/command_wrapper.rb:38:in `call'
        from /home/vagrant/.rvm/gems/ruby-2.3.1/gems/spring-2.0.2/lib/spring/application.rb:201:in `block in serve'
        from /home/vagrant/.rvm/gems/ruby-2.3.1/gems/spring-2.0.2/lib/spring/application.rb:171:in `fork'
        from /home/vagrant/.rvm/gems/ruby-2.3.1/gems/spring-2.0.2/lib/spring/application.rb:171:in `serve'
        from /home/vagrant/.rvm/gems/ruby-2.3.1/gems/spring-2.0.2/lib/spring/application.rb:141:in `block in run'
        from /home/vagrant/.rvm/gems/ruby-2.3.1/gems/spring-2.0.2/lib/spring/application.rb:135:in `loop'
        from /home/vagrant/.rvm/gems/ruby-2.3.1/gems/spring-2.0.2/lib/spring/application.rb:135:in `run'
        from /home/vagrant/.rvm/gems/ruby-2.3.1/gems/spring-2.0.2/lib/spring/application/boot.rb:19:in `<top (required)>'
        from /home/vagrant/.rvm/rubies/ruby-2.3.1/lib/ruby/site_ruby/2.3.0/rubygems/core_ext/kernel_require.rb:54:in `require'
        from /home/vagrant/.rvm/rubies/ruby-2.3.1/lib/ruby/site_ruby/2.3.0/rubygems/core_ext/kernel_require.rb:54:in `require'
        from -e:1:in `<main>'
2.3.1 :014 > o = Owner.new
+----+---------+---------+------------+------------+
| id | user_id | blog_id | created_at | updated_at |
+----+---------+---------+------------+------------+
|    |         |         |            |            |
+----+---------+---------+------------+------------+
1 row in set
2.3.1 :015 > o = Owner.create(user:User.first,blog:Blog.first)
  User Load (3.0ms)  SELECT  "users".* FROM "users"  ORDER BY "users"."id" ASC LIMIT 1
  Blog Load (3.1ms)  SELECT  "blogs".* FROM "blogs"  ORDER BY "blogs"."id" ASC LIMIT 1
   (0.1ms)  begin transaction
  SQL (6.6ms)  INSERT INTO "owners" ("user_id", "blog_id", "created_at", "updated_at") VALUES (?, ?, ?, ?)  [["user_id", 1], ["blog_id", 1], ["created_at", "2021-08-13 23:37:51.455282"], ["updated_at", "2021-08-13 23:37:51.455282"]]
   (3.0ms)  commit transaction
+----+---------+---------+-------------------------+-------------------------+
| id | user_id | blog_id | created_at              | updated_at              |
+----+---------+---------+-------------------------+-------------------------+
| 1  | 1       | 1       | 2021-08-13 23:37:51 UTC | 2021-08-13 23:37:51 UTC |
+----+---------+---------+-------------------------+-------------------------+
1 row in set
2.3.1 :016 > o = Owner.create(user:User.first,blog:Blog.second)
  User Load (3.4ms)  SELECT  "users".* FROM "users"  ORDER BY "users"."id" ASC LIMIT 1
  Blog Load (3.3ms)  SELECT  "blogs".* FROM "blogs"  ORDER BY "blogs"."id" ASC LIMIT 1 OFFSET 1
   (0.1ms)  begin transaction
  SQL (7.1ms)  INSERT INTO "owners" ("user_id", "blog_id", "created_at", "updated_at") VALUES (?, ?, ?, ?)  [["user_id", 1], ["blog_id", 2], ["created_at", "2021-08-13 23:38:03.507805"], ["updated_at", "2021-08-13 23:38:03.507805"]]
   (3.7ms)  commit transaction
+----+---------+---------+-------------------------+-------------------------+
| id | user_id | blog_id | created_at              | updated_at              |
+----+---------+---------+-------------------------+-------------------------+
| 2  | 1       | 2       | 2021-08-13 23:38:03 UTC | 2021-08-13 23:38:03 UTC |
+----+---------+---------+-------------------------+-------------------------+
1 row in set
2.3.1 :017 > o = Owner.create(user:User.first,blog:Blog.third)
  User Load (3.5ms)  SELECT  "users".* FROM "users"  ORDER BY "users"."id" ASC LIMIT 1
  Blog Load (3.3ms)  SELECT  "blogs".* FROM "blogs"  ORDER BY "blogs"."id" ASC LIMIT 1 OFFSET 2
   (0.1ms)  begin transaction
  SQL (6.1ms)  INSERT INTO "owners" ("user_id", "blog_id", "created_at", "updated_at") VALUES (?, ?, ?, ?)  [["user_id", 1], ["blog_id", 3], ["created_at", "2021-08-13 23:38:08.139327"], ["updated_at", "2021-08-13 23:38:08.139327"]]
   (3.0ms)  commit transaction
+----+---------+---------+-------------------------+-------------------------+
| id | user_id | blog_id | created_at              | updated_at              |
+----+---------+---------+-------------------------+-------------------------+
| 3  | 1       | 3       | 2021-08-13 23:38:08 UTC | 2021-08-13 23:38:08 UTC |
+----+---------+---------+-------------------------+-------------------------+
1 row in set
2.3.1 :018 > Owner.all
  Owner Load (3.4ms)  SELECT "owners".* FROM "owners"
+----+---------+---------+-------------------------+-------------------------+
| id | user_id | blog_id | created_at              | updated_at              |
+----+---------+---------+-------------------------+-------------------------+
| 1  | 1       | 1       | 2021-08-13 23:37:51 UTC | 2021-08-13 23:37:51 UTC |
| 2  | 1       | 2       | 2021-08-13 23:38:03 UTC | 2021-08-13 23:38:03 UTC |
| 3  | 1       | 3       | 2021-08-13 23:38:08 UTC | 2021-08-13 23:38:08 UTC |
+----+---------+---------+-------------------------+-------------------------+
3 rows in set
2.3.1 :019 > o = Owner.create(user:User.second,blog:Blog.fourth)
  User Load (3.2ms)  SELECT  "users".* FROM "users"  ORDER BY "users"."id" ASC LIMIT 1 OFFSET 1
  Blog Load (3.1ms)  SELECT  "blogs".* FROM "blogs"  ORDER BY "blogs"."id" ASC LIMIT 1 OFFSET 3
   (0.1ms)  begin transaction
  SQL (7.6ms)  INSERT INTO "owners" ("user_id", "blog_id", "created_at", "updated_at") VALUES (?, ?, ?, ?)  [["user_id", 2], ["blog_id", 4], ["created_at", "2021-08-13 23:38:45.415150"], ["updated_at", "2021-08-13 23:38:45.415150"]]
   (4.0ms)  commit transaction
+----+---------+---------+-------------------------+-------------------------+
| id | user_id | blog_id | created_at              | updated_at              |
+----+---------+---------+-------------------------+-------------------------+
| 4  | 2       | 4       | 2021-08-13 23:38:45 UTC | 2021-08-13 23:38:45 UTC |
+----+---------+---------+-------------------------+-------------------------+
1 row in set
2.3.1 :020 > o = Owner.create(user:User.last,blog:Blog.fifth)
  User Load (3.5ms)  SELECT  "users".* FROM "users"  ORDER BY "users"."id" DESC LIMIT 1
  Blog Load (3.5ms)  SELECT  "blogs".* FROM "blogs"  ORDER BY "blogs"."id" ASC LIMIT 1 OFFSET 4
   (0.1ms)  begin transaction
  SQL (7.9ms)  INSERT INTO "owners" ("user_id", "blog_id", "created_at", "updated_at") VALUES (?, ?, ?, ?)  [["user_id", 5], ["blog_id", 5], ["created_at", "2021-08-13 23:39:08.358990"], ["updated_at", "2021-08-13 23:39:08.358990"]]
   (3.8ms)  commit transaction
+----+---------+---------+-------------------------+-------------------------+
| id | user_id | blog_id | created_at              | updated_at              |
+----+---------+---------+-------------------------+-------------------------+
| 5  | 5       | 5       | 2021-08-13 23:39:08 UTC | 2021-08-13 23:39:08 UTC |
+----+---------+---------+-------------------------+-------------------------+
1 row in set
2.3.1 :021 > Owner.all
  Owner Load (3.5ms)  SELECT "owners".* FROM "owners"
+----+---------+---------+-------------------------+-------------------------+
| id | user_id | blog_id | created_at              | updated_at              |
+----+---------+---------+-------------------------+-------------------------+
| 1  | 1       | 1       | 2021-08-13 23:37:51 UTC | 2021-08-13 23:37:51 UTC |
| 2  | 1       | 2       | 2021-08-13 23:38:03 UTC | 2021-08-13 23:38:03 UTC |
| 3  | 1       | 3       | 2021-08-13 23:38:08 UTC | 2021-08-13 23:38:08 UTC |
| 4  | 2       | 4       | 2021-08-13 23:38:45 UTC | 2021-08-13 23:38:45 UTC |
| 5  | 5       | 5       | 2021-08-13 23:39:08 UTC | 2021-08-13 23:39:08 UTC |
+----+---------+---------+-------------------------+-------------------------+
5 rows in set
2.3.1 :022 > o = Owner.update(user:User.third,blog:Blog.all)
  User Load (3.9ms)  SELECT  "users".* FROM "users"  ORDER BY "users"."id" ASC LIMIT 1 OFFSET 2
ArgumentError: wrong number of arguments (given 1, expected 2)
        from /home/vagrant/.rvm/gems/ruby-2.3.1/gems/activerecord-4.2.7/lib/active_record/relation.rb:364:in `update'
        from /home/vagrant/.rvm/gems/ruby-2.3.1/gems/activerecord-4.2.7/lib/active_record/querying.rb:8:in `update'
        from (irb):22
        from /home/vagrant/.rvm/gems/ruby-2.3.1/gems/railties-4.2.7/lib/rails/commands/console.rb:110:in `start'
        from /home/vagrant/.rvm/gems/ruby-2.3.1/gems/railties-4.2.7/lib/rails/commands/console.rb:9:in `start'
        from /home/vagrant/.rvm/gems/ruby-2.3.1/gems/railties-4.2.7/lib/rails/commands/commands_tasks.rb:68:in `console'
        from /home/vagrant/.rvm/gems/ruby-2.3.1/gems/railties-4.2.7/lib/rails/commands/commands_tasks.rb:39:in `run_command!'
        from /home/vagrant/.rvm/gems/ruby-2.3.1/gems/railties-4.2.7/lib/rails/commands.rb:17:in `<top (required)>'
        from /home/vagrant/.rvm/gems/ruby-2.3.1/gems/activesupport-4.2.7/lib/active_support/dependencies.rb:274:in `require'
        from /home/vagrant/.rvm/gems/ruby-2.3.1/gems/activesupport-4.2.7/lib/active_support/dependencies.rb:274:in `block in require'
        from /home/vagrant/.rvm/gems/ruby-2.3.1/gems/activesupport-4.2.7/lib/active_support/dependencies.rb:240:in `load_dependency'
        from /home/vagrant/.rvm/gems/ruby-2.3.1/gems/activesupport-4.2.7/lib/active_support/dependencies.rb:274:in `require'
        from /vagrant/ruby_hw/ruby_hw_wk7/rails_models/bpm2/bpm2/bin/rails:9:in `<top (required)>'
        from /home/vagrant/.rvm/gems/ruby-2.3.1/gems/activesupport-4.2.7/lib/active_support/dependencies.rb:268:in `load'
        from /home/vagrant/.rvm/gems/ruby-2.3.1/gems/activesupport-4.2.7/lib/active_support/dependencies.rb:268:in `block in load'
        from /home/vagrant/.rvm/gems/ruby-2.3.1/gems/activesupport-4.2.7/lib/active_support/dependencies.rb:240:in `load_dependency'
        from /home/vagrant/.rvm/gems/ruby-2.3.1/gems/activesupport-4.2.7/lib/active_support/dependencies.rb:268:in `load'
        from /home/vagrant/.rvm/gems/ruby-2.3.1/gems/spring-2.0.2/lib/spring/commands/rails.rb:6:in `call'
        from /home/vagrant/.rvm/gems/ruby-2.3.1/gems/spring-2.0.2/lib/spring/command_wrapper.rb:38:in `call'
        from /home/vagrant/.rvm/gems/ruby-2.3.1/gems/spring-2.0.2/lib/spring/application.rb:201:in `block in serve'
        from /home/vagrant/.rvm/gems/ruby-2.3.1/gems/spring-2.0.2/lib/spring/application.rb:171:in `fork'
        from /home/vagrant/.rvm/gems/ruby-2.3.1/gems/spring-2.0.2/lib/spring/application.rb:171:in `serve'
        from /home/vagrant/.rvm/gems/ruby-2.3.1/gems/spring-2.0.2/lib/spring/application.rb:141:in `block in run'
        from /home/vagrant/.rvm/gems/ruby-2.3.1/gems/spring-2.0.2/lib/spring/application.rb:135:in `loop'
        from /home/vagrant/.rvm/gems/ruby-2.3.1/gems/spring-2.0.2/lib/spring/application.rb:135:in `run'
        from /home/vagrant/.rvm/gems/ruby-2.3.1/gems/spring-2.0.2/lib/spring/application/boot.rb:19:in `<top (required)>'
        from /home/vagrant/.rvm/rubies/ruby-2.3.1/lib/ruby/site_ruby/2.3.0/rubygems/core_ext/kernel_require.rb:54:in `require'
        from /home/vagrant/.rvm/rubies/ruby-2.3.1/lib/ruby/site_ruby/2.3.0/rubygems/core_ext/kernel_require.rb:54:in `require'
        from -e:1:in `<main>'
2.3.1 :023 > o = Owner.update(user:User.third,blog:Blog.first)
  User Load (3.5ms)  SELECT  "users".* FROM "users"  ORDER BY "users"."id" ASC LIMIT 1 OFFSET 2
  Blog Load (3.6ms)  SELECT  "blogs".* FROM "blogs"  ORDER BY "blogs"."id" ASC LIMIT 1
ArgumentError: wrong number of arguments (given 1, expected 2)
        from /home/vagrant/.rvm/gems/ruby-2.3.1/gems/activerecord-4.2.7/lib/active_record/relation.rb:364:in `update'
        from /home/vagrant/.rvm/gems/ruby-2.3.1/gems/activerecord-4.2.7/lib/active_record/querying.rb:8:in `update'
        from (irb):23
        from /home/vagrant/.rvm/gems/ruby-2.3.1/gems/railties-4.2.7/lib/rails/commands/console.rb:110:in `start'
        from /home/vagrant/.rvm/gems/ruby-2.3.1/gems/railties-4.2.7/lib/rails/commands/console.rb:9:in `start'
        from /home/vagrant/.rvm/gems/ruby-2.3.1/gems/railties-4.2.7/lib/rails/commands/commands_tasks.rb:68:in `console'
        from /home/vagrant/.rvm/gems/ruby-2.3.1/gems/railties-4.2.7/lib/rails/commands/commands_tasks.rb:39:in `run_command!'
        from /home/vagrant/.rvm/gems/ruby-2.3.1/gems/railties-4.2.7/lib/rails/commands.rb:17:in `<top (required)>'
        from /home/vagrant/.rvm/gems/ruby-2.3.1/gems/activesupport-4.2.7/lib/active_support/dependencies.rb:274:in `require'
        from /home/vagrant/.rvm/gems/ruby-2.3.1/gems/activesupport-4.2.7/lib/active_support/dependencies.rb:274:in `block in require'
        from /home/vagrant/.rvm/gems/ruby-2.3.1/gems/activesupport-4.2.7/lib/active_support/dependencies.rb:240:in `load_dependency'
        from /home/vagrant/.rvm/gems/ruby-2.3.1/gems/activesupport-4.2.7/lib/active_support/dependencies.rb:274:in `require'
        from /vagrant/ruby_hw/ruby_hw_wk7/rails_models/bpm2/bpm2/bin/rails:9:in `<top (required)>'
        from /home/vagrant/.rvm/gems/ruby-2.3.1/gems/activesupport-4.2.7/lib/active_support/dependencies.rb:268:in `load'
        from /home/vagrant/.rvm/gems/ruby-2.3.1/gems/activesupport-4.2.7/lib/active_support/dependencies.rb:268:in `block in load'
        from /home/vagrant/.rvm/gems/ruby-2.3.1/gems/activesupport-4.2.7/lib/active_support/dependencies.rb:240:in `load_dependency'
        from /home/vagrant/.rvm/gems/ruby-2.3.1/gems/activesupport-4.2.7/lib/active_support/dependencies.rb:268:in `load'
        from /home/vagrant/.rvm/gems/ruby-2.3.1/gems/spring-2.0.2/lib/spring/commands/rails.rb:6:in `call'
        from /home/vagrant/.rvm/gems/ruby-2.3.1/gems/spring-2.0.2/lib/spring/command_wrapper.rb:38:in `call'
        from /home/vagrant/.rvm/gems/ruby-2.3.1/gems/spring-2.0.2/lib/spring/application.rb:201:in `block in serve'
        from /home/vagrant/.rvm/gems/ruby-2.3.1/gems/spring-2.0.2/lib/spring/application.rb:171:in `fork'
        from /home/vagrant/.rvm/gems/ruby-2.3.1/gems/spring-2.0.2/lib/spring/application.rb:171:in `serve'
        from /home/vagrant/.rvm/gems/ruby-2.3.1/gems/spring-2.0.2/lib/spring/application.rb:141:in `block in run'
        from /home/vagrant/.rvm/gems/ruby-2.3.1/gems/spring-2.0.2/lib/spring/application.rb:135:in `loop'
        from /home/vagrant/.rvm/gems/ruby-2.3.1/gems/spring-2.0.2/lib/spring/application.rb:135:in `run'
        from /home/vagrant/.rvm/gems/ruby-2.3.1/gems/spring-2.0.2/lib/spring/application/boot.rb:19:in `<top (required)>'
        from /home/vagrant/.rvm/rubies/ruby-2.3.1/lib/ruby/site_ruby/2.3.0/rubygems/core_ext/kernel_require.rb:54:in `require'
        from /home/vagrant/.rvm/rubies/ruby-2.3.1/lib/ruby/site_ruby/2.3.0/rubygems/core_ext/kernel_require.rb:54:in `require'
        from -e:1:in `<main>'
2.3.1 :024 > exit
vagrant@vagrant-ubuntu-trusty-64:/vagrant/ruby_hw/ruby_hw_wk7/rails_models/bpm2/bpm2$ cd ..
vagrant@vagrant-ubuntu-trusty-64:/vagrant/ruby_hw/ruby_hw_wk7/rails_models/bpm2$ git add .
vagrant@vagrant-ubuntu-trusty-64:/vagrant/ruby_hw/ruby_hw_wk7/rails_models/bpm2$ git commit -m "Populate owners table. Unable to make edits to it."
[main 7f05051] Populate owners table. Unable to make edits to it.
 1 file changed, 3 insertions(+)
vagrant@vagrant-ubuntu-trusty-64:/vagrant/ruby_hw/ruby_hw_wk7/rails_models/bpm2$ git push -u origin main
Username for 'https://github.com': jsprofessional
Password for 'https://jsprofessional@github.com': 
Counting objects: 11, done.
Delta compression using up to 2 threads.
Compressing objects: 100% (5/5), done.
Writing objects: 100% (6/6), 554 bytes | 0 bytes/s, done.
Total 6 (delta 3), reused 0 (delta 0)
remote: Resolving deltas: 100% (3/3), completed with 3 local objects.
To https://github.com/jsprofessional/ruby_BPM2.git
   e6dd410..7f05051  main -> main
Branch main set up to track remote branch main from origin.
vagrant@vagrant-ubuntu-trusty-64:/vagrant/ruby_hw/ruby_hw_wk7/rails_models/bpm2$ exit
logout
Connection to 127.0.0.1 closed.
jacobsexton@Jacobs-MacBook-Pro Rails_Models % vagrant halt
==> default: Attempting graceful shutdown of VM...
jacobsexton@Jacobs-MacBook-Pro Rails_Models % vagrant up
Bringing machine 'default' up with 'virtualbox' provider...
==> default: Checking if box 'ubuntu/trusty64' version '20190514.0.0' is up to date...
==> default: Clearing any previously set forwarded ports...
==> default: Clearing any previously set network interfaces...
==> default: Preparing network interfaces based on configuration...
    default: Adapter 1: nat
==> default: Forwarding ports...
    default: 3000 (guest) => 3000 (host) (adapter 1)
    default: 22 (guest) => 2222 (host) (adapter 1)
==> default: Running 'pre-boot' VM customizations...
==> default: Booting VM...
==> default: Waiting for machine to boot. This may take a few minutes...
    default: SSH address: 127.0.0.1:2222
    default: SSH username: vagrant
    default: SSH auth method: private key
==> default: Machine booted and ready!
==> default: Checking for guest additions in VM...
    default: The guest additions on this VM do not match the installed version of
    default: VirtualBox! In most cases this is fine, but in rare cases it can
    default: prevent things such as shared folders from working properly. If you see
    default: shared folder errors, please make sure the guest additions within the
    default: virtual machine match the version of VirtualBox you have installed on
    default: your host and reload your VM.
    default: 
    default: Guest Additions Version: 4.3.40
    default: VirtualBox Version: 6.1
==> default: Mounting shared folders...
    default: /vagrant => /Users/jacobsexton/Desktop/codingdojo/Dojo_Assignments/Rails/Vagrant
==> default: Machine already provisioned. Run `vagrant provision` or use the `--provision`
==> default: flag to force provisioning. Provisioners marked to run always will still run.
jacobsexton@Jacobs-MacBook-Pro Rails_Models % rails c     
Rails is not currently installed on this system. To get the latest version, simply type:

    $ sudo gem install rails

You can then rerun your "rails" command.
jacobsexton@Jacobs-MacBook-Pro Rails_Models % vagrant ssh
Welcome to Ubuntu 14.04.6 LTS (GNU/Linux 3.13.0-170-generic x86_64)

 * Documentation:  https://help.ubuntu.com/

  System information as of Sat Aug 14 01:25:48 UTC 2021

  System load:  0.0               Processes:           103
  Usage of /:   5.1% of 39.34GB   Users logged in:     0
  Memory usage: 6%                IP address for eth0: 10.0.2.15
  Swap usage:   0%

  Graph this data and manage this system at:
    https://landscape.canonical.com/

New release '16.04.7 LTS' available.
Run 'do-release-upgrade' to upgrade to it.


Last login: Fri Aug 13 22:49:49 2021 from 10.0.2.2
vagrant@vagrant-ubuntu-trusty-64:~$ cd /vagrant
vagrant@vagrant-ubuntu-trusty-64:/vagrant$ cd ruby_hw
vagrant@vagrant-ubuntu-trusty-64:/vagrant/ruby_hw$ cd ruby_hw_wk7
vagrant@vagrant-ubuntu-trusty-64:/vagrant/ruby_hw/ruby_hw_wk7$ ls
fundamentals  oop  Rails_Controllers_Views  Rails_Models
vagrant@vagrant-ubuntu-trusty-64:/vagrant/ruby_hw/ruby_hw_wk7$ cd rails_models
vagrant@vagrant-ubuntu-trusty-64:/vagrant/ruby_hw/ruby_hw_wk7/rails_models$ ls
__Also_Broken_BPM2  BPM1  BPM2  __Broken_BPM2  Dojo_Ninjas  Polymorphism  Self-Join  Users
vagrant@vagrant-ubuntu-trusty-64:/vagrant/ruby_hw/ruby_hw_wk7/rails_models$ cd bpm2
vagrant@vagrant-ubuntu-trusty-64:/vagrant/ruby_hw/ruby_hw_wk7/rails_models/bpm2$ cd bpm2
vagrant@vagrant-ubuntu-trusty-64:/vagrant/ruby_hw/ruby_hw_wk7/rails_models/bpm2/bpm2$ rails c
Running via Spring preloader in process 3385
Loading development environment (Rails 4.2.7)
2.3.1 :001 > Owner.all
  Owner Load (10.4ms)  SELECT "owners".* FROM "owners"
 => #<ActiveRecord::Relation [#<Owner id: 1, user_id: 1, blog_id: 1, created_at: "2021-08-13 23:37:51", updated_at: "2021-08-13 23:37:51">, #<Owner id: 2, user_id: 1, blog_id: 2, created_at: "2021-08-13 23:38:03", updated_at: "2021-08-13 23:38:03">, #<Owner id: 3, user_id: 1, blog_id: 3, created_at: "2021-08-13 23:38:08", updated_at: "2021-08-13 23:38:08">, #<Owner id: 4, user_id: 2, blog_id: 4, created_at: "2021-08-13 23:38:45", updated_at: "2021-08-13 23:38:45">, #<Owner id: 5, user_id: 5, blog_id: 5, created_at: "2021-08-13 23:39:08", updated_at: "2021-08-13 23:39:08">]> 
2.3.1 :002 > Hirb.enable
 => true 
2.3.1 :003 > Owner.all
  Owner Load (3.0ms)  SELECT "owners".* FROM "owners"
+----+---------+---------+-------------------------+-------------------------+
| id | user_id | blog_id | created_at              | updated_at              |
+----+---------+---------+-------------------------+-------------------------+
| 1  | 1       | 1       | 2021-08-13 23:37:51 UTC | 2021-08-13 23:37:51 UTC |
| 2  | 1       | 2       | 2021-08-13 23:38:03 UTC | 2021-08-13 23:38:03 UTC |
| 3  | 1       | 3       | 2021-08-13 23:38:08 UTC | 2021-08-13 23:38:08 UTC |
| 4  | 2       | 4       | 2021-08-13 23:38:45 UTC | 2021-08-13 23:38:45 UTC |
| 5  | 5       | 5       | 2021-08-13 23:39:08 UTC | 2021-08-13 23:39:08 UTC |
+----+---------+---------+-------------------------+-------------------------+
5 rows in set
2.3.1 :004 > o = Owner.update_all(user:User.third,blog:Blog.all)
  User Load (3.3ms)  SELECT  "users".* FROM "users"  ORDER BY "users"."id" ASC LIMIT 1 OFFSET 2
   (1.5ms)  SELECT COUNT(*) FROM "blogs"
  Blog Load (3.2ms)  SELECT "blogs".* FROM "blogs"
  SQL (0.3ms)  UPDATE "owners" SET "user" = 3, "blog" = 1,2,3,4,5
ActiveRecord::StatementInvalid: SQLite3::SQLException: near "2": syntax error: UPDATE "owners" SET "user" = 3, "blog" = 1,2,3,4,5
        from /home/vagrant/.rvm/gems/ruby-2.3.1/gems/sqlite3-1.3.13/lib/sqlite3/database.rb:91:in `initialize'
        from /home/vagrant/.rvm/gems/ruby-2.3.1/gems/sqlite3-1.3.13/lib/sqlite3/database.rb:91:in `new'
        from /home/vagrant/.rvm/gems/ruby-2.3.1/gems/sqlite3-1.3.13/lib/sqlite3/database.rb:91:in `prepare'
        from /home/vagrant/.rvm/gems/ruby-2.3.1/gems/activerecord-4.2.7/lib/active_record/connection_adapters/sqlite3_adapter.rb:284:in `block in exec_query'
        from /home/vagrant/.rvm/gems/ruby-2.3.1/gems/activerecord-4.2.7/lib/active_record/connection_adapters/abstract_adapter.rb:484:in `block in log'
        from /home/vagrant/.rvm/gems/ruby-2.3.1/gems/activesupport-4.2.7/lib/active_support/notifications/instrumenter.rb:20:in `instrument'
        from /home/vagrant/.rvm/gems/ruby-2.3.1/gems/activerecord-4.2.7/lib/active_record/connection_adapters/abstract_adapter.rb:478:in `log'
        from /home/vagrant/.rvm/gems/ruby-2.3.1/gems/activerecord-4.2.7/lib/active_record/connection_adapters/sqlite3_adapter.rb:281:in `exec_query'
        from /home/vagrant/.rvm/gems/ruby-2.3.1/gems/activerecord-4.2.7/lib/active_record/connection_adapters/sqlite3_adapter.rb:307:in `exec_delete'
        from /home/vagrant/.rvm/gems/ruby-2.3.1/gems/activerecord-4.2.7/lib/active_record/connection_adapters/abstract/database_statements.rb:114:in `update'
        from /home/vagrant/.rvm/gems/ruby-2.3.1/gems/activerecord-4.2.7/lib/active_record/connection_adapters/abstract/query_cache.rb:14:in `update'
        from /home/vagrant/.rvm/gems/ruby-2.3.1/gems/activerecord-4.2.7/lib/active_record/relation.rb:345:in `update_all'
        from /home/vagrant/.rvm/gems/ruby-2.3.1/gems/activerecord-4.2.7/lib/active_record/querying.rb:8:in `update_all'
        from (irb):4
        from /home/vagrant/.rvm/gems/ruby-2.3.1/gems/railties-4.2.7/lib/rails/commands/console.rb:110:in `start'
        from /home/vagrant/.rvm/gems/ruby-2.3.1/gems/railties-4.2.7/lib/rails/commands/console.rb:9:in `start'
        from /home/vagrant/.rvm/gems/ruby-2.3.1/gems/railties-4.2.7/lib/rails/commands/commands_tasks.rb:68:in `console'
        from /home/vagrant/.rvm/gems/ruby-2.3.1/gems/railties-4.2.7/lib/rails/commands/commands_tasks.rb:39:in `run_command!'
        from /home/vagrant/.rvm/gems/ruby-2.3.1/gems/railties-4.2.7/lib/rails/commands.rb:17:in `<top (required)>'
        from /home/vagrant/.rvm/gems/ruby-2.3.1/gems/activesupport-4.2.7/lib/active_support/dependencies.rb:274:in `require'
        from /home/vagrant/.rvm/gems/ruby-2.3.1/gems/activesupport-4.2.7/lib/active_support/dependencies.rb:274:in `block in require'
        from /home/vagrant/.rvm/gems/ruby-2.3.1/gems/activesupport-4.2.7/lib/active_support/dependencies.rb:240:in `load_dependency'
        from /home/vagrant/.rvm/gems/ruby-2.3.1/gems/activesupport-4.2.7/lib/active_support/dependencies.rb:274:in `require'
        from /vagrant/ruby_hw/ruby_hw_wk7/rails_models/bpm2/bpm2/bin/rails:9:in `<top (required)>'
        from /home/vagrant/.rvm/gems/ruby-2.3.1/gems/activesupport-4.2.7/lib/active_support/dependencies.rb:268:in `load'
        from /home/vagrant/.rvm/gems/ruby-2.3.1/gems/activesupport-4.2.7/lib/active_support/dependencies.rb:268:in `block in load'
        from /home/vagrant/.rvm/gems/ruby-2.3.1/gems/activesupport-4.2.7/lib/active_support/dependencies.rb:240:in `load_dependency'
        from /home/vagrant/.rvm/gems/ruby-2.3.1/gems/activesupport-4.2.7/lib/active_support/dependencies.rb:268:in `load'
        from /home/vagrant/.rvm/rubies/ruby-2.3.1/lib/ruby/site_ruby/2.3.0/rubygems/core_ext/kernel_require.rb:54:in `require'
        from /home/vagrant/.rvm/rubies/ruby-2.3.1/lib/ruby/site_ruby/2.3.0/rubygems/core_ext/kernel_require.rb:54:in `require'
        from -e:1:in `<main>'
2.3.1 :005 > ball = Blog.all
  Blog Load (3.4ms)  SELECT "blogs".* FROM "blogs"
+----+--------------+-------------------------------+-------------------------+-------------------------+
| id | name         | description                   | created_at              | updated_at              |
+----+--------------+-------------------------------+-------------------------+-------------------------+
| 1  | Wizard Blog  | The wild wizarding blog stuff | 2021-08-13 23:27:22 UTC | 2021-08-13 23:27:22 UTC |
| 2  | Radical Blog | Radical stuff                 | 2021-08-13 23:27:57 UTC | 2021-08-13 23:27:57 UTC |
| 3  | Funny Blog   | Hilarious stuff lol           | 2021-08-13 23:28:17 UTC | 2021-08-13 23:28:17 UTC |
| 4  | Yeet         | Yeetish content for the ma... | 2021-08-13 23:28:41 UTC | 2021-08-13 23:28:41 UTC |
| 5  | Yoink        | Yoinkish content for all m... | 2021-08-13 23:29:07 UTC | 2021-08-13 23:29:07 UTC |
+----+--------------+-------------------------------+-------------------------+-------------------------+
5 rows in set
2.3.1 :006 > b = Blog.update_all(user:User.third)
  User Load (3.3ms)  SELECT  "users".* FROM "users"  ORDER BY "users"."id" ASC LIMIT 1 OFFSET 2
  SQL (2.7ms)  UPDATE "blogs" SET "user" = 3
ActiveRecord::StatementInvalid: SQLite3::SQLException: no such column: user: UPDATE "blogs" SET "user" = 3
        from /home/vagrant/.rvm/gems/ruby-2.3.1/gems/sqlite3-1.3.13/lib/sqlite3/database.rb:91:in `initialize'
        from /home/vagrant/.rvm/gems/ruby-2.3.1/gems/sqlite3-1.3.13/lib/sqlite3/database.rb:91:in `new'
        from /home/vagrant/.rvm/gems/ruby-2.3.1/gems/sqlite3-1.3.13/lib/sqlite3/database.rb:91:in `prepare'
        from /home/vagrant/.rvm/gems/ruby-2.3.1/gems/activerecord-4.2.7/lib/active_record/connection_adapters/sqlite3_adapter.rb:284:in `block in exec_query'
        from /home/vagrant/.rvm/gems/ruby-2.3.1/gems/activerecord-4.2.7/lib/active_record/connection_adapters/abstract_adapter.rb:484:in `block in log'
        from /home/vagrant/.rvm/gems/ruby-2.3.1/gems/activesupport-4.2.7/lib/active_support/notifications/instrumenter.rb:20:in `instrument'
        from /home/vagrant/.rvm/gems/ruby-2.3.1/gems/activerecord-4.2.7/lib/active_record/connection_adapters/abstract_adapter.rb:478:in `log'
        from /home/vagrant/.rvm/gems/ruby-2.3.1/gems/activerecord-4.2.7/lib/active_record/connection_adapters/sqlite3_adapter.rb:281:in `exec_query'
        from /home/vagrant/.rvm/gems/ruby-2.3.1/gems/activerecord-4.2.7/lib/active_record/connection_adapters/sqlite3_adapter.rb:307:in `exec_delete'
        from /home/vagrant/.rvm/gems/ruby-2.3.1/gems/activerecord-4.2.7/lib/active_record/connection_adapters/abstract/database_statements.rb:114:in `update'
        from /home/vagrant/.rvm/gems/ruby-2.3.1/gems/activerecord-4.2.7/lib/active_record/connection_adapters/abstract/query_cache.rb:14:in `update'
        from /home/vagrant/.rvm/gems/ruby-2.3.1/gems/activerecord-4.2.7/lib/active_record/relation.rb:345:in `update_all'
        from /home/vagrant/.rvm/gems/ruby-2.3.1/gems/activerecord-4.2.7/lib/active_record/querying.rb:8:in `update_all'
        from (irb):6
        from /home/vagrant/.rvm/gems/ruby-2.3.1/gems/railties-4.2.7/lib/rails/commands/console.rb:110:in `start'
        from /home/vagrant/.rvm/gems/ruby-2.3.1/gems/railties-4.2.7/lib/rails/commands/console.rb:9:in `start'
        from /home/vagrant/.rvm/gems/ruby-2.3.1/gems/railties-4.2.7/lib/rails/commands/commands_tasks.rb:68:in `console'
        from /home/vagrant/.rvm/gems/ruby-2.3.1/gems/railties-4.2.7/lib/rails/commands/commands_tasks.rb:39:in `run_command!'
        from /home/vagrant/.rvm/gems/ruby-2.3.1/gems/railties-4.2.7/lib/rails/commands.rb:17:in `<top (required)>'
        from /home/vagrant/.rvm/gems/ruby-2.3.1/gems/activesupport-4.2.7/lib/active_support/dependencies.rb:274:in `require'
        from /home/vagrant/.rvm/gems/ruby-2.3.1/gems/activesupport-4.2.7/lib/active_support/dependencies.rb:274:in `block in require'
        from /home/vagrant/.rvm/gems/ruby-2.3.1/gems/activesupport-4.2.7/lib/active_support/dependencies.rb:240:in `load_dependency'
        from /home/vagrant/.rvm/gems/ruby-2.3.1/gems/activesupport-4.2.7/lib/active_support/dependencies.rb:274:in `require'
        from /vagrant/ruby_hw/ruby_hw_wk7/rails_models/bpm2/bpm2/bin/rails:9:in `<top (required)>'
        from /home/vagrant/.rvm/gems/ruby-2.3.1/gems/activesupport-4.2.7/lib/active_support/dependencies.rb:268:in `load'
        from /home/vagrant/.rvm/gems/ruby-2.3.1/gems/activesupport-4.2.7/lib/active_support/dependencies.rb:268:in `block in load'
        from /home/vagrant/.rvm/gems/ruby-2.3.1/gems/activesupport-4.2.7/lib/active_support/dependencies.rb:240:in `load_dependency'
        from /home/vagrant/.rvm/gems/ruby-2.3.1/gems/activesupport-4.2.7/lib/active_support/dependencies.rb:268:in `load'
        from /home/vagrant/.rvm/rubies/ruby-2.3.1/lib/ruby/site_ruby/2.3.0/rubygems/core_ext/kernel_require.rb:54:in `require'
        from /home/vagrant/.rvm/rubies/ruby-2.3.1/lib/ruby/site_ruby/2.3.0/rubygems/core_ext/kernel_require.rb:54:in `require'
        from -e:1:in `<main>'
2.3.1 :007 > o = Owner.update_all(user_id:3)
  SQL (11.1ms)  UPDATE "owners" SET "user_id" = 3
 => 5 
2.3.1 :008 > Owner.all
  Owner Load (3.5ms)  SELECT "owners".* FROM "owners"
+----+---------+---------+-------------------------+-------------------------+
| id | user_id | blog_id | created_at              | updated_at              |
+----+---------+---------+-------------------------+-------------------------+
| 1  | 3       | 1       | 2021-08-13 23:37:51 UTC | 2021-08-13 23:37:51 UTC |
| 2  | 3       | 2       | 2021-08-13 23:38:03 UTC | 2021-08-13 23:38:03 UTC |
| 3  | 3       | 3       | 2021-08-13 23:38:08 UTC | 2021-08-13 23:38:08 UTC |
| 4  | 3       | 4       | 2021-08-13 23:38:45 UTC | 2021-08-13 23:38:45 UTC |
| 5  | 3       | 5       | 2021-08-13 23:39:08 UTC | 2021-08-13 23:39:08 UTC |
+----+---------+---------+-------------------------+-------------------------+
5 rows in set




0000000000000000000000000000000000000000000000000000000000000000000000000000000
210813 20:39
0000000000000000000000000000000000000000000000000000000000000000000000000000000

MANY TO MANY:



2.3.1 :009 > p = Post.create(user:User.first,blog:Blog.find(2))
  User Load (3.3ms)  SELECT  "users".* FROM "users"  ORDER BY "users"."id" ASC LIMIT 1
  Blog Load (2.7ms)  SELECT  "blogs".* FROM "blogs" WHERE "blogs"."id" = ? LIMIT 1  [["id", 2]]
   (0.1ms)  begin transaction
  SQL (4.2ms)  INSERT INTO "posts" ("user_id", "blog_id", "created_at", "updated_at") VALUES (?, ?, ?, ?)  [["user_id", 1], ["blog_id", 2], ["created_at", "2021-08-14 01:45:25.160520"], ["updated_at", "2021-08-14 01:45:25.160520"]]
   (3.1ms)  commit transaction
+----+---------+---------+-------+---------+-------------------------+-------------------------+
| id | blog_id | user_id | title | content | created_at              | updated_at              |
+----+---------+---------+-------+---------+-------------------------+-------------------------+
| 1  | 2       | 1       |       |         | 2021-08-14 01:45:25 UTC | 2021-08-14 01:45:25 UTC |
+----+---------+---------+-------+---------+-------------------------+-------------------------+
1 row in set
2.3.1 :010 > p = Post.create(user:User.first,blog:Blog.find(2),title:"Hallo World",content:"Yeetopolis")
  User Load (3.2ms)  SELECT  "users".* FROM "users"  ORDER BY "users"."id" ASC LIMIT 1
  Blog Load (2.3ms)  SELECT  "blogs".* FROM "blogs" WHERE "blogs"."id" = ? LIMIT 1  [["id", 2]]
   (0.1ms)  begin transaction
  SQL (5.4ms)  INSERT INTO "posts" ("user_id", "blog_id", "title", "content", "created_at", "updated_at") VALUES (?, ?, ?, ?, ?, ?)  [["user_id", 1], ["blog_id", 2], ["title", "Hallo World"], ["content", "Yeetopolis"], ["created_at", "2021-08-14 01:46:45.706260"], ["updated_at", "2021-08-14 01:46:45.706260"]]
   (4.0ms)  commit transaction
+----+---------+---------+-------------+------------+-------------------------+-------------------------+
| id | blog_id | user_id | title       | content    | created_at              | updated_at              |
+----+---------+---------+-------------+------------+-------------------------+-------------------------+
| 2  | 2       | 1       | Hallo World | Yeetopolis | 2021-08-14 01:46:45 UTC | 2021-08-14 01:46:45 UTC |
+----+---------+---------+-------------+------------+-------------------------+-------------------------+
1 row in set
2.3.1 :011 > Post.all
  Post Load (3.8ms)  SELECT "posts".* FROM "posts"
+----+---------+---------+-------------+------------+-------------------------+-------------------------+
| id | blog_id | user_id | title       | content    | created_at              | updated_at              |
+----+---------+---------+-------------+------------+-------------------------+-------------------------+
| 1  | 2       | 1       |             |            | 2021-08-14 01:45:25 UTC | 2021-08-14 01:45:25 UTC |
| 2  | 2       | 1       | Hallo World | Yeetopolis | 2021-08-14 01:46:45 UTC | 2021-08-14 01:46:45 UTC |
+----+---------+---------+-------------+------------+-------------------------+-------------------------+
2 rows in set
2.3.1 :012 > Post.delete.first
ArgumentError: wrong number of arguments (given 0, expected 1)
        from /home/vagrant/.rvm/gems/ruby-2.3.1/gems/activerecord-4.2.7/lib/active_record/relation.rb:504:in `delete'
        from /home/vagrant/.rvm/gems/ruby-2.3.1/gems/activerecord-4.2.7/lib/active_record/querying.rb:8:in `delete'
        from (irb):12
        from /home/vagrant/.rvm/gems/ruby-2.3.1/gems/railties-4.2.7/lib/rails/commands/console.rb:110:in `start'
        from /home/vagrant/.rvm/gems/ruby-2.3.1/gems/railties-4.2.7/lib/rails/commands/console.rb:9:in `start'
        from /home/vagrant/.rvm/gems/ruby-2.3.1/gems/railties-4.2.7/lib/rails/commands/commands_tasks.rb:68:in `console'
        from /home/vagrant/.rvm/gems/ruby-2.3.1/gems/railties-4.2.7/lib/rails/commands/commands_tasks.rb:39:in `run_command!'
        from /home/vagrant/.rvm/gems/ruby-2.3.1/gems/railties-4.2.7/lib/rails/commands.rb:17:in `<top (required)>'
        from /home/vagrant/.rvm/gems/ruby-2.3.1/gems/activesupport-4.2.7/lib/active_support/dependencies.rb:274:in `require'
        from /home/vagrant/.rvm/gems/ruby-2.3.1/gems/activesupport-4.2.7/lib/active_support/dependencies.rb:274:in `block in require'
        from /home/vagrant/.rvm/gems/ruby-2.3.1/gems/activesupport-4.2.7/lib/active_support/dependencies.rb:240:in `load_dependency'
        from /home/vagrant/.rvm/gems/ruby-2.3.1/gems/activesupport-4.2.7/lib/active_support/dependencies.rb:274:in `require'
        from /vagrant/ruby_hw/ruby_hw_wk7/rails_models/bpm2/bpm2/bin/rails:9:in `<top (required)>'
        from /home/vagrant/.rvm/gems/ruby-2.3.1/gems/activesupport-4.2.7/lib/active_support/dependencies.rb:268:in `load'
        from /home/vagrant/.rvm/gems/ruby-2.3.1/gems/activesupport-4.2.7/lib/active_support/dependencies.rb:268:in `block in load'
        from /home/vagrant/.rvm/gems/ruby-2.3.1/gems/activesupport-4.2.7/lib/active_support/dependencies.rb:240:in `load_dependency'
        from /home/vagrant/.rvm/gems/ruby-2.3.1/gems/activesupport-4.2.7/lib/active_support/dependencies.rb:268:in `load'
        from /home/vagrant/.rvm/gems/ruby-2.3.1/gems/spring-2.0.2/lib/spring/commands/rails.rb:6:in `call'
        from /home/vagrant/.rvm/gems/ruby-2.3.1/gems/spring-2.0.2/lib/spring/command_wrapper.rb:38:in `call'
        from /home/vagrant/.rvm/gems/ruby-2.3.1/gems/spring-2.0.2/lib/spring/application.rb:201:in `block in serve'
        from /home/vagrant/.rvm/gems/ruby-2.3.1/gems/spring-2.0.2/lib/spring/application.rb:171:in `fork'
        from /home/vagrant/.rvm/gems/ruby-2.3.1/gems/spring-2.0.2/lib/spring/application.rb:171:in `serve'
        from /home/vagrant/.rvm/gems/ruby-2.3.1/gems/spring-2.0.2/lib/spring/application.rb:141:in `block in run'
        from /home/vagrant/.rvm/gems/ruby-2.3.1/gems/spring-2.0.2/lib/spring/application.rb:135:in `loop'
        from /home/vagrant/.rvm/gems/ruby-2.3.1/gems/spring-2.0.2/lib/spring/application.rb:135:in `run'
        from /home/vagrant/.rvm/gems/ruby-2.3.1/gems/spring-2.0.2/lib/spring/application/boot.rb:19:in `<top (required)>'
        from /home/vagrant/.rvm/rubies/ruby-2.3.1/lib/ruby/site_ruby/2.3.0/rubygems/core_ext/kernel_require.rb:54:in `require'
        from /home/vagrant/.rvm/rubies/ruby-2.3.1/lib/ruby/site_ruby/2.3.0/rubygems/core_ext/kernel_require.rb:54:in `require'
        from -e:1:in `<main>'
2.3.1 :013 > Post.first.destroy
  Post Load (3.7ms)  SELECT  "posts".* FROM "posts"  ORDER BY "posts"."id" ASC LIMIT 1
   (0.1ms)  begin transaction
  SQL (7.3ms)  DELETE FROM "posts" WHERE "posts"."id" = ?  [["id", 1]]
   (5.2ms)  commit transaction
+----+---------+---------+-------+---------+-------------------------+-------------------------+
| id | blog_id | user_id | title | content | created_at              | updated_at              |
+----+---------+---------+-------+---------+-------------------------+-------------------------+
| 1  | 2       | 1       |       |         | 2021-08-14 01:45:25 UTC | 2021-08-14 01:45:25 UTC |
+----+---------+---------+-------+---------+-------------------------+-------------------------+
1 row in set
2.3.1 :014 > Post.all
  Post Load (3.3ms)  SELECT "posts".* FROM "posts"
+----+---------+---------+-------------+------------+-------------------------+-------------------------+
| id | blog_id | user_id | title       | content    | created_at              | updated_at              |
+----+---------+---------+-------------+------------+-------------------------+-------------------------+
| 2  | 2       | 1       | Hallo World | Yeetopolis | 2021-08-14 01:46:45 UTC | 2021-08-14 01:46:45 UTC |
+----+---------+---------+-------------+------------+-------------------------+-------------------------+
1 row in set
2.3.1 :015 > p = Post.create(user:User.first,blog:Blog.find(2),title:"Hell o' World",content:"Yellow World")
  User Load (4.6ms)  SELECT  "users".* FROM "users"  ORDER BY "users"."id" ASC LIMIT 1
  Blog Load (2.8ms)  SELECT  "blogs".* FROM "blogs" WHERE "blogs"."id" = ? LIMIT 1  [["id", 2]]
   (0.1ms)  begin transaction
  SQL (5.1ms)  INSERT INTO "posts" ("user_id", "blog_id", "title", "content", "created_at", "updated_at") VALUES (?, ?, ?, ?, ?, ?)  [["user_id", 1], ["blog_id", 2], ["title", "Hell o' World"], ["content", "Yellow World"], ["created_at", "2021-08-14 01:49:01.827828"], ["updated_at", "2021-08-14 01:49:01.827828"]]
   (4.3ms)  commit transaction
+----+---------+---------+---------------+--------------+-----------------------+-----------------------+
| id | blog_id | user_id | title         | content      | created_at            | updated_at            |
+----+---------+---------+---------------+--------------+-----------------------+-----------------------+
| 3  | 2       | 1       | Hell o' World | Yellow World | 2021-08-14 01:49:0... | 2021-08-14 01:49:0... |
+----+---------+---------+---------------+--------------+-----------------------+-----------------------+
1 row in set
2.3.1 :016 > p = Post.create(user:User.first,blog:Blog.find(2),title:"Smell-o-World",content:"Don't forget the clothes pin!")
  User Load (3.6ms)  SELECT  "users".* FROM "users"  ORDER BY "users"."id" ASC LIMIT 1
  Blog Load (3.1ms)  SELECT  "blogs".* FROM "blogs" WHERE "blogs"."id" = ? LIMIT 1  [["id", 2]]
   (0.1ms)  begin transaction
  SQL (7.2ms)  INSERT INTO "posts" ("user_id", "blog_id", "title", "content", "created_at", "updated_at") VALUES (?, ?, ?, ?, ?, ?)  [["user_id", 1], ["blog_id", 2], ["title", "Smell-o-World"], ["content", "Don't forget the clothes pin!"], ["created_at", "2021-08-14 01:49:31.507353"], ["updated_at", "2021-08-14 01:49:31.507353"]]
   (3.7ms)  commit transaction
+----+---------+---------+---------------+--------------------+--------------------+--------------------+
| id | blog_id | user_id | title         | content            | created_at         | updated_at         |
+----+---------+---------+---------------+--------------------+--------------------+--------------------+
| 4  | 2       | 1       | Smell-o-World | Don't forget th... | 2021-08-14 01:4... | 2021-08-14 01:4... |
+----+---------+---------+---------------+--------------------+--------------------+--------------------+
1 row in set
2.3.1 :017 > Post.all
  Post Load (3.4ms)  SELECT "posts".* FROM "posts"
+----+---------+---------+---------------+--------------------+--------------------+--------------------+
| id | blog_id | user_id | title         | content            | created_at         | updated_at         |
+----+---------+---------+---------------+--------------------+--------------------+--------------------+
| 2  | 2       | 1       | Hallo World   | Yeetopolis         | 2021-08-14 01:4... | 2021-08-14 01:4... |
| 3  | 2       | 1       | Hell o' World | Yellow World       | 2021-08-14 01:4... | 2021-08-14 01:4... |
| 4  | 2       | 1       | Smell-o-World | Don't forget th... | 2021-08-14 01:4... | 2021-08-14 01:4... |
+----+---------+---------+---------------+--------------------+--------------------+--------------------+
3 rows in set
2.3.1 :018 > p = Post.create(user:User.second,blog:Blog.last,title:"O hi mark",content:"O hi world")
  User Load (3.4ms)  SELECT  "users".* FROM "users"  ORDER BY "users"."id" ASC LIMIT 1 OFFSET 1
  Blog Load (3.2ms)  SELECT  "blogs".* FROM "blogs"  ORDER BY "blogs"."id" DESC LIMIT 1
   (0.1ms)  begin transaction
  SQL (6.8ms)  INSERT INTO "posts" ("user_id", "blog_id", "title", "content", "created_at", "updated_at") VALUES (?, ?, ?, ?, ?, ?)  [["user_id", 2], ["blog_id", 5], ["title", "O hi mark"], ["content", "O hi world"], ["created_at", "2021-08-14 01:50:57.684150"], ["updated_at", "2021-08-14 01:50:57.684150"]]
   (3.5ms)  commit transaction
+----+---------+---------+-----------+------------+-------------------------+-------------------------+
| id | blog_id | user_id | title     | content    | created_at              | updated_at              |
+----+---------+---------+-----------+------------+-------------------------+-------------------------+
| 5  | 5       | 2       | O hi mark | O hi world | 2021-08-14 01:50:57 UTC | 2021-08-14 01:50:57 UTC |
+----+---------+---------+-----------+------------+-------------------------+-------------------------+
1 row in set
2.3.1 :019 > p = Post.create(user:User.second,blog:Blog.last,title:"O spy clark",content:"O rye plark")
  User Load (3.5ms)  SELECT  "users".* FROM "users"  ORDER BY "users"."id" ASC LIMIT 1 OFFSET 1
  Blog Load (2.5ms)  SELECT  "blogs".* FROM "blogs"  ORDER BY "blogs"."id" DESC LIMIT 1
   (0.1ms)  begin transaction
  SQL (6.4ms)  INSERT INTO "posts" ("user_id", "blog_id", "title", "content", "created_at", "updated_at") VALUES (?, ?, ?, ?, ?, ?)  [["user_id", 2], ["blog_id", 5], ["title", "O spy clark"], ["content", "O rye plark"], ["created_at", "2021-08-14 01:51:30.344916"], ["updated_at", "2021-08-14 01:51:30.344916"]]
   (2.9ms)  commit transaction
+----+---------+---------+-------------+-------------+------------------------+-------------------------+
| id | blog_id | user_id | title       | content     | created_at             | updated_at              |
+----+---------+---------+-------------+-------------+------------------------+-------------------------+
| 6  | 5       | 2       | O spy clark | O rye plark | 2021-08-14 01:51:30... | 2021-08-14 01:51:30 UTC |
+----+---------+---------+-------------+-------------+------------------------+-------------------------+
1 row in set
2.3.1 :020 > p = Post.create(user:User.second,blog:Blog.last,title:"Yo my park",content:"Row by dark")
  User Load (3.6ms)  SELECT  "users".* FROM "users"  ORDER BY "users"."id" ASC LIMIT 1 OFFSET 1
  Blog Load (2.4ms)  SELECT  "blogs".* FROM "blogs"  ORDER BY "blogs"."id" DESC LIMIT 1
   (0.1ms)  begin transaction
  SQL (5.6ms)  INSERT INTO "posts" ("user_id", "blog_id", "title", "content", "created_at", "updated_at") VALUES (?, ?, ?, ?, ?, ?)  [["user_id", 2], ["blog_id", 5], ["title", "Yo my park"], ["content", "Row by dark"], ["created_at", "2021-08-14 01:51:53.672941"], ["updated_at", "2021-08-14 01:51:53.672941"]]
   (4.4ms)  commit transaction
+----+---------+---------+------------+-------------+-------------------------+-------------------------+
| id | blog_id | user_id | title      | content     | created_at              | updated_at              |
+----+---------+---------+------------+-------------+-------------------------+-------------------------+
| 7  | 5       | 2       | Yo my park | Row by dark | 2021-08-14 01:51:53 UTC | 2021-08-14 01:51:53 UTC |
+----+---------+---------+------------+-------------+-------------------------+-------------------------+
1 row in set
2.3.1 :021 > p = Post.create(user:User.second,blog:Blog.last,title:"Throw sidearm",content:"Boregard")  User Load (3.6ms)  SELECT  "users".* FROM "users"  ORDER BY "users"."id" ASC LIMIT 1 OFFSET 1
  Blog Load (3.2ms)  SELECT  "blogs".* FROM "blogs"  ORDER BY "blogs"."id" DESC LIMIT 1
   (0.1ms)  begin transaction
  SQL (6.0ms)  INSERT INTO "posts" ("user_id", "blog_id", "title", "content", "created_at", "updated_at") VALUES (?, ?, ?, ?, ?, ?)  [["user_id", 2], ["blog_id", 5], ["title", "Throw sidearm"], ["content", "Boregard"], ["created_at", "2021-08-14 01:52:25.451108"], ["updated_at", "2021-08-14 01:52:25.451108"]]
   (3.1ms)  commit transaction
+----+---------+---------+---------------+----------+-------------------------+-------------------------+
| id | blog_id | user_id | title         | content  | created_at              | updated_at              |
+----+---------+---------+---------------+----------+-------------------------+-------------------------+
| 8  | 5       | 2       | Throw sidearm | Boregard | 2021-08-14 01:52:25 UTC | 2021-08-14 01:52:25 UTC |
+----+---------+---------+---------------+----------+-------------------------+-------------------------+
1 row in set
2.3.1 :022 > Post.all
  Post Load (3.7ms)  SELECT "posts".* FROM "posts"
+----+---------+---------+---------------+--------------------+--------------------+--------------------+
| id | blog_id | user_id | title         | content            | created_at         | updated_at         |
+----+---------+---------+---------------+--------------------+--------------------+--------------------+
| 2  | 2       | 1       | Hallo World   | Yeetopolis         | 2021-08-14 01:4... | 2021-08-14 01:4... |
| 3  | 2       | 1       | Hell o' World | Yellow World       | 2021-08-14 01:4... | 2021-08-14 01:4... |
| 4  | 2       | 1       | Smell-o-World | Don't forget th... | 2021-08-14 01:4... | 2021-08-14 01:4... |
| 5  | 5       | 2       | O hi mark     | O hi world         | 2021-08-14 01:5... | 2021-08-14 01:5... |
| 6  | 5       | 2       | O spy clark   | O rye plark        | 2021-08-14 01:5... | 2021-08-14 01:5... |
| 7  | 5       | 2       | Yo my park    | Row by dark        | 2021-08-14 01:5... | 2021-08-14 01:5... |
| 8  | 5       | 2       | Throw sidearm | Boregard           | 2021-08-14 01:5... | 2021-08-14 01:5... |
+----+---------+---------+---------------+--------------------+--------------------+--------------------+
7 rows in set
2.3.1 :023 > p = Post.create(user:User.second,blog:Blog.last,title:"Blow me down",content:"Show me around")
  User Load (3.6ms)  SELECT  "users".* FROM "users"  ORDER BY "users"."id" ASC LIMIT 1 OFFSET 1
  Blog Load (2.3ms)  SELECT  "blogs".* FROM "blogs"  ORDER BY "blogs"."id" DESC LIMIT 1
   (0.1ms)  begin transaction
  SQL (6.1ms)  INSERT INTO "posts" ("user_id", "blog_id", "title", "content", "created_at", "updated_at") VALUES (?, ?, ?, ?, ?, ?)  [["user_id", 2], ["blog_id", 5], ["title", "Blow me down"], ["content", "Show me around"], ["created_at", "2021-08-14 01:52:59.881853"], ["updated_at", "2021-08-14 01:52:59.881853"]]
   (3.3ms)  commit transaction
+----+---------+---------+--------------+----------------+----------------------+-----------------------+
| id | blog_id | user_id | title        | content        | created_at           | updated_at            |
+----+---------+---------+--------------+----------------+----------------------+-----------------------+
| 9  | 5       | 2       | Blow me down | Show me around | 2021-08-14 01:52:... | 2021-08-14 01:52:5... |
+----+---------+---------+--------------+----------------+----------------------+-----------------------+
1 row in set
2.3.1 :024 > Blog.all  Blog Load (3.4ms)  SELECT "blogs".* FROM "blogs"
+----+--------------+-------------------------------+-------------------------+-------------------------+
| id | name         | description                   | created_at              | updated_at              |
+----+--------------+-------------------------------+-------------------------+-------------------------+
| 1  | Wizard Blog  | The wild wizarding blog stuff | 2021-08-13 23:27:22 UTC | 2021-08-13 23:27:22 UTC |
| 2  | Radical Blog | Radical stuff                 | 2021-08-13 23:27:57 UTC | 2021-08-13 23:27:57 UTC |
| 3  | Funny Blog   | Hilarious stuff lol           | 2021-08-13 23:28:17 UTC | 2021-08-13 23:28:17 UTC |
| 4  | Yeet         | Yeetish content for the ma... | 2021-08-13 23:28:41 UTC | 2021-08-13 23:28:41 UTC |
| 5  | Yoink        | Yoinkish content for all m... | 2021-08-13 23:29:07 UTC | 2021-08-13 23:29:07 UTC |
+----+--------------+-------------------------------+-------------------------+-------------------------+
5 rows in set
2.3.1 :025 > Post.all
  Post Load (3.4ms)  SELECT "posts".* FROM "posts"
+----+---------+---------+---------------+--------------------+--------------------+--------------------+
| id | blog_id | user_id | title         | content            | created_at         | updated_at         |
+----+---------+---------+---------------+--------------------+--------------------+--------------------+
| 2  | 2       | 1       | Hallo World   | Yeetopolis         | 2021-08-14 01:4... | 2021-08-14 01:4... |
| 3  | 2       | 1       | Hell o' World | Yellow World       | 2021-08-14 01:4... | 2021-08-14 01:4... |
| 4  | 2       | 1       | Smell-o-World | Don't forget th... | 2021-08-14 01:4... | 2021-08-14 01:4... |
| 5  | 5       | 2       | O hi mark     | O hi world         | 2021-08-14 01:5... | 2021-08-14 01:5... |
| 6  | 5       | 2       | O spy clark   | O rye plark        | 2021-08-14 01:5... | 2021-08-14 01:5... |
| 7  | 5       | 2       | Yo my park    | Row by dark        | 2021-08-14 01:5... | 2021-08-14 01:5... |
| 8  | 5       | 2       | Throw sidearm | Boregard           | 2021-08-14 01:5... | 2021-08-14 01:5... |
| 9  | 5       | 2       | Blow me down  | Show me around     | 2021-08-14 01:5... | 2021-08-14 01:5... |
+----+---------+---------+---------------+--------------------+--------------------+--------------------+
8 rows in set
2.3.1 :026 > p = Post.create(user:User.third,blog:Blog.first,title:"Weird wild Stuff",content:"4 sure tho lol haha")
  User Load (3.7ms)  SELECT  "users".* FROM "users"  ORDER BY "users"."id" ASC LIMIT 1 OFFSET 2
  Blog Load (2.3ms)  SELECT  "blogs".* FROM "blogs"  ORDER BY "blogs"."id" ASC LIMIT 1
   (0.1ms)  begin transaction
  SQL (6.0ms)  INSERT INTO "posts" ("user_id", "blog_id", "title", "content", "created_at", "updated_at") VALUES (?, ?, ?, ?, ?, ?)  [["user_id", 3], ["blog_id", 1], ["title", "Weird wild Stuff"], ["content", "4 sure tho lol haha"], ["created_at", "2021-08-14 01:55:29.293160"], ["updated_at", "2021-08-14 01:55:29.293160"]]
   (7.2ms)  commit transaction
+----+---------+---------+------------------+-------------------+-------------------+-------------------+
| id | blog_id | user_id | title            | content           | created_at        | updated_at        |
+----+---------+---------+------------------+-------------------+-------------------+-------------------+
| 10 | 1       | 3       | Weird wild Stuff | 4 sure tho lol... | 2021-08-14 01:... | 2021-08-14 01:... |
+----+---------+---------+------------------+-------------------+-------------------+-------------------+
1 row in set
2.3.1 :027 > p = Post.create(user:User.third,blog:Blog.third,title:"Wacky wonky sandwich",content:"Extra chz plx")
  User Load (3.4ms)  SELECT  "users".* FROM "users"  ORDER BY "users"."id" ASC LIMIT 1 OFFSET 2
  Blog Load (2.7ms)  SELECT  "blogs".* FROM "blogs"  ORDER BY "blogs"."id" ASC LIMIT 1 OFFSET 2
   (0.1ms)  begin transaction
  SQL (7.3ms)  INSERT INTO "posts" ("user_id", "blog_id", "title", "content", "created_at", "updated_at") VALUES (?, ?, ?, ?, ?, ?)  [["user_id", 3], ["blog_id", 3], ["title", "Wacky wonky sandwich"], ["content", "Extra chz plx"], ["created_at", "2021-08-14 01:56:13.677549"], ["updated_at", "2021-08-14 01:56:13.677549"]]
   (2.7ms)  commit transaction
+----+---------+---------+--------------------+---------------+--------------------+--------------------+
| id | blog_id | user_id | title              | content       | created_at         | updated_at         |
+----+---------+---------+--------------------+---------------+--------------------+--------------------+
| 11 | 3       | 3       | Wacky wonky san... | Extra chz plx | 2021-08-14 01:5... | 2021-08-14 01:5... |
+----+---------+---------+--------------------+---------------+--------------------+--------------------+
1 row in set
2.3.1 :028 > p = Post.create(user:User.third,blog:Blog.fifth,title:"Yucky Sucky Artichucky",content:"What's ur favorite food tho?")
  User Load (3.2ms)  SELECT  "users".* FROM "users"  ORDER BY "users"."id" ASC LIMIT 1 OFFSET 2
  Blog Load (1.8ms)  SELECT  "blogs".* FROM "blogs"  ORDER BY "blogs"."id" ASC LIMIT 1 OFFSET 4
   (0.1ms)  begin transaction
  SQL (10.0ms)  INSERT INTO "posts" ("user_id", "blog_id", "title", "content", "created_at", "updated_at") VALUES (?, ?, ?, ?, ?, ?)  [["user_id", 3], ["blog_id", 5], ["title", "Yucky Sucky Artichucky"], ["content", "What's ur favorite food tho?"], ["created_at", "2021-08-14 01:57:15.560529"], ["updated_at", "2021-08-14 01:57:15.560529"]]
   (5.8ms)  commit transaction
+----+---------+---------+-------------------+------------------+-------------------+-------------------+
| id | blog_id | user_id | title             | content          | created_at        | updated_at        |
+----+---------+---------+-------------------+------------------+-------------------+-------------------+
| 12 | 5       | 3       | Yucky Sucky Ar... | What's ur fav... | 2021-08-14 01:... | 2021-08-14 01:... |
+----+---------+---------+-------------------+------------------+-------------------+-------------------+
1 row in set
2.3.1 :029 > Post.all
  Post Load (4.1ms)  SELECT "posts".* FROM "posts"
+----+---------+---------+-------------------+------------------+-------------------+-------------------+
| id | blog_id | user_id | title             | content          | created_at        | updated_at        |
+----+---------+---------+-------------------+------------------+-------------------+-------------------+
| 2  | 2       | 1       | Hallo World       | Yeetopolis       | 2021-08-14 01:... | 2021-08-14 01:... |
| 3  | 2       | 1       | Hell o' World     | Yellow World     | 2021-08-14 01:... | 2021-08-14 01:... |
| 4  | 2       | 1       | Smell-o-World     | Don't forget ... | 2021-08-14 01:... | 2021-08-14 01:... |
| 5  | 5       | 2       | O hi mark         | O hi world       | 2021-08-14 01:... | 2021-08-14 01:... |
| 6  | 5       | 2       | O spy clark       | O rye plark      | 2021-08-14 01:... | 2021-08-14 01:... |
| 7  | 5       | 2       | Yo my park        | Row by dark      | 2021-08-14 01:... | 2021-08-14 01:... |
| 8  | 5       | 2       | Throw sidearm     | Boregard         | 2021-08-14 01:... | 2021-08-14 01:... |
| 9  | 5       | 2       | Blow me down      | Show me around   | 2021-08-14 01:... | 2021-08-14 01:... |
| 10 | 1       | 3       | Weird wild Stuff  | 4 sure tho lo... | 2021-08-14 01:... | 2021-08-14 01:... |
| 11 | 3       | 3       | Wacky wonky sa... | Extra chz plx    | 2021-08-14 01:... | 2021-08-14 01:... |
| 12 | 5       | 3       | Yucky Sucky Ar... | What's ur fav... | 2021-08-14 01:... | 2021-08-14 01:... |
+----+---------+---------+-------------------+------------------+-------------------+-------------------+
11 rows in set
2.3.1 :030 > 
.3.1 :030 > Message.all
  Message Load (2.4ms)  SELECT "messages".* FROM "messages"
 => #<ActiveRecord::Relation []> 
2.3.1 :031 > Message.new
+----+---------+---------+--------+---------+------------+------------+
| id | user_id | post_id | author | message | created_at | updated_at |
+----+---------+---------+--------+---------+------------+------------+
|    |         |         |        |         |            |            |
+----+---------+---------+--------+---------+------------+------------+
1 row in set
2.3.1 :032 > Message.create(user:User.third,post:Post.first,author:"Harry",message:"Hey bros, hope yall r having fun")
  User Load (3.6ms)  SELECT  "users".* FROM "users"  ORDER BY "users"."id" ASC LIMIT 1 OFFSET 2
  Post Load (3.4ms)  SELECT  "posts".* FROM "posts"  ORDER BY "posts"."id" ASC LIMIT 1
   (0.1ms)  begin transaction
  SQL (5.4ms)  INSERT INTO "messages" ("user_id", "post_id", "author", "message", "created_at", "updated_at") VALUES (?, ?, ?, ?, ?, ?)  [["user_id", 3], ["post_id", 2], ["author", "Harry"], ["message", "Hey bros, hope yall r having fun"], ["created_at", "2021-08-14 02:02:26.401878"], ["updated_at", "2021-08-14 02:02:26.401878"]]
   (3.7ms)  commit transaction
+----+---------+---------+--------+----------------------+----------------------+-----------------------+
| id | user_id | post_id | author | message              | created_at           | updated_at            |
+----+---------+---------+--------+----------------------+----------------------+-----------------------+
| 1  | 3       | 2       | Harry  | Hey bros, hope ya... | 2021-08-14 02:02:... | 2021-08-14 02:02:2... |
+----+---------+---------+--------+----------------------+----------------------+-----------------------+
1 row in set
2.3.1 :033 > Message.create(user:User.third,post:Post.first,author:"Harry",message:"Don't worry about me i'm having a great time thx 4 asking")
  User Load (3.5ms)  SELECT  "users".* FROM "users"  ORDER BY "users"."id" ASC LIMIT 1 OFFSET 2
  Post Load (3.3ms)  SELECT  "posts".* FROM "posts"  ORDER BY "posts"."id" ASC LIMIT 1
   (0.1ms)  begin transaction
  SQL (8.2ms)  INSERT INTO "messages" ("user_id", "post_id", "author", "message", "created_at", "updated_at") VALUES (?, ?, ?, ?, ?, ?)  [["user_id", 3], ["post_id", 2], ["author", "Harry"], ["message", "Don't worry about me i'm having a great time thx 4 asking"], ["created_at", "2021-08-14 02:03:07.133550"], ["updated_at", "2021-08-14 02:03:07.133550"]]
   (4.0ms)  commit transaction
+----+---------+---------+--------+----------------------+----------------------+-----------------------+
| id | user_id | post_id | author | message              | created_at           | updated_at            |
+----+---------+---------+--------+----------------------+----------------------+-----------------------+
| 2  | 3       | 2       | Harry  | Don't worry about... | 2021-08-14 02:03:... | 2021-08-14 02:03:0... |
+----+---------+---------+--------+----------------------+----------------------+-----------------------+
1 row in set
2.3.1 :034 > Message.create(user:User.third,post:Post.second,author:"Harry",message:"YOOOWZA")  User Load (3.7ms)  SELECT  "users".* FROM "users"  ORDER BY "users"."id" ASC LIMIT 1 OFFSET 2
  Post Load (3.8ms)  SELECT  "posts".* FROM "posts"  ORDER BY "posts"."id" ASC LIMIT 1 OFFSET 1
   (0.1ms)  begin transaction
  SQL (7.0ms)  INSERT INTO "messages" ("user_id", "post_id", "author", "message", "created_at", "updated_at") VALUES (?, ?, ?, ?, ?, ?)  [["user_id", 3], ["post_id", 3], ["author", "Harry"], ["message", "YOOOWZA"], ["created_at", "2021-08-14 02:03:58.181077"], ["updated_at", "2021-08-14 02:03:58.181077"]]
   (5.0ms)  commit transaction
+----+---------+---------+--------+---------+-------------------------+-------------------------+
| id | user_id | post_id | author | message | created_at              | updated_at              |
+----+---------+---------+--------+---------+-------------------------+-------------------------+
| 3  | 3       | 3       | Harry  | YOOOWZA | 2021-08-14 02:03:58 UTC | 2021-08-14 02:03:58 UTC |
+----+---------+---------+--------+---------+-------------------------+-------------------------+
1 row in set
2.3.1 :035 > Message.create(user:User.third,post:Post.second,author:"Harry",message:"Yeet")
  User Load (4.7ms)  SELECT  "users".* FROM "users"  ORDER BY "users"."id" ASC LIMIT 1 OFFSET 2
  Post Load (1.9ms)  SELECT  "posts".* FROM "posts"  ORDER BY "posts"."id" ASC LIMIT 1 OFFSET 1
   (0.1ms)  begin transaction
  SQL (6.8ms)  INSERT INTO "messages" ("user_id", "post_id", "author", "message", "created_at", "updated_at") VALUES (?, ?, ?, ?, ?, ?)  [["user_id", 3], ["post_id", 3], ["author", "Harry"], ["message", "Yeet"], ["created_at", "2021-08-14 02:04:07.484192"], ["updated_at", "2021-08-14 02:04:07.484192"]]
   (4.4ms)  commit transaction
+----+---------+---------+--------+---------+-------------------------+-------------------------+
| id | user_id | post_id | author | message | created_at              | updated_at              |
+----+---------+---------+--------+---------+-------------------------+-------------------------+
| 4  | 3       | 3       | Harry  | Yeet    | 2021-08-14 02:04:07 UTC | 2021-08-14 02:04:07 UTC |
+----+---------+---------+--------+---------+-------------------------+-------------------------+
1 row in set
2.3.1 :036 > Message.create(user:User.third,post:Post.second,author:"Harry",message:"Yoink brov")
  User Load (3.9ms)  SELECT  "users".* FROM "users"  ORDER BY "users"."id" ASC LIMIT 1 OFFSET 2
  Post Load (2.2ms)  SELECT  "posts".* FROM "posts"  ORDER BY "posts"."id" ASC LIMIT 1 OFFSET 1
   (0.1ms)  begin transaction
  SQL (6.0ms)  INSERT INTO "messages" ("user_id", "post_id", "author", "message", "created_at", "updated_at") VALUES (?, ?, ?, ?, ?, ?)  [["user_id", 3], ["post_id", 3], ["author", "Harry"], ["message", "Yoink brov"], ["created_at", "2021-08-14 02:04:14.500387"], ["updated_at", "2021-08-14 02:04:14.500387"]]
   (2.5ms)  commit transaction
+----+---------+---------+--------+------------+-------------------------+-------------------------+
| id | user_id | post_id | author | message    | created_at              | updated_at              |
+----+---------+---------+--------+------------+-------------------------+-------------------------+
| 5  | 3       | 3       | Harry  | Yoink brov | 2021-08-14 02:04:14 UTC | 2021-08-14 02:04:14 UTC |
+----+---------+---------+--------+------------+-------------------------+-------------------------+
1 row in set
2.3.1 :037 > Message.all
  Message Load (2.1ms)  SELECT "messages".* FROM "messages"
+----+---------+---------+--------+----------------------+----------------------+-----------------------+
| id | user_id | post_id | author | message              | created_at           | updated_at            |
+----+---------+---------+--------+----------------------+----------------------+-----------------------+
| 1  | 3       | 2       | Harry  | Hey bros, hope ya... | 2021-08-14 02:02:... | 2021-08-14 02:02:2... |
| 2  | 3       | 2       | Harry  | Don't worry about... | 2021-08-14 02:03:... | 2021-08-14 02:03:0... |
| 3  | 3       | 3       | Harry  | YOOOWZA              | 2021-08-14 02:03:... | 2021-08-14 02:03:5... |
| 4  | 3       | 3       | Harry  | Yeet                 | 2021-08-14 02:04:... | 2021-08-14 02:04:0... |
| 5  | 3       | 3       | Harry  | Yoink brov           | 2021-08-14 02:04:... | 2021-08-14 02:04:1... |
+----+---------+---------+--------+----------------------+----------------------+-----------------------+
5 rows in set
2.3.1 :038 > Post.last
  Post Load (4.0ms)  SELECT  "posts".* FROM "posts"  ORDER BY "posts"."id" DESC LIMIT 1
+----+---------+---------+-------------------+------------------+-------------------+-------------------+
| id | blog_id | user_id | title             | content          | created_at        | updated_at        |
+----+---------+---------+-------------------+------------------+-------------------+-------------------+
| 12 | 5       | 3       | Yucky Sucky Ar... | What's ur fav... | 2021-08-14 01:... | 2021-08-14 01:... |
+----+---------+---------+-------------------+------------------+-------------------+-------------------+
1 row in set
2.3.1 :039 > m = Message.create(user:User.fourth,post:Post.last,author:"Ginny",message:"Hello there")
  User Load (3.7ms)  SELECT  "users".* FROM "users"  ORDER BY "users"."id" ASC LIMIT 1 OFFSET 3
  Post Load (3.2ms)  SELECT  "posts".* FROM "posts"  ORDER BY "posts"."id" DESC LIMIT 1
   (0.1ms)  begin transaction
  SQL (7.1ms)  INSERT INTO "messages" ("user_id", "post_id", "author", "message", "created_at", "updated_at") VALUES (?, ?, ?, ?, ?, ?)  [["user_id", 4], ["post_id", 12], ["author", "Ginny"], ["message", "Hello there"], ["created_at", "2021-08-14 02:06:31.793063"], ["updated_at", "2021-08-14 02:06:31.793063"]]
   (4.8ms)  commit transaction
+----+---------+---------+--------+-------------+-------------------------+-------------------------+
| id | user_id | post_id | author | message     | created_at              | updated_at              |
+----+---------+---------+--------+-------------+-------------------------+-------------------------+
| 6  | 4       | 12      | Ginny  | Hello there | 2021-08-14 02:06:31 UTC | 2021-08-14 02:06:31 UTC |
+----+---------+---------+--------+-------------+-------------------------+-------------------------+
1 row in set
2.3.1 :040 > m = Message.create(user:User.fourth,post:Post.last,author:"Ginny",message:"Pardon but")
  User Load (3.5ms)  SELECT  "users".* FROM "users"  ORDER BY "users"."id" ASC LIMIT 1 OFFSET 3
  Post Load (2.6ms)  SELECT  "posts".* FROM "posts"  ORDER BY "posts"."id" DESC LIMIT 1
   (0.1ms)  begin transaction
  SQL (6.2ms)  INSERT INTO "messages" ("user_id", "post_id", "author", "message", "created_at", "updated_at") VALUES (?, ?, ?, ?, ?, ?)  [["user_id", 4], ["post_id", 12], ["author", "Ginny"], ["message", "Pardon but"], ["created_at", "2021-08-14 02:06:43.912618"], ["updated_at", "2021-08-14 02:06:43.912618"]]
   (3.0ms)  commit transaction
+----+---------+---------+--------+------------+-------------------------+-------------------------+
| id | user_id | post_id | author | message    | created_at              | updated_at              |
+----+---------+---------+--------+------------+-------------------------+-------------------------+
| 7  | 4       | 12      | Ginny  | Pardon but | 2021-08-14 02:06:43 UTC | 2021-08-14 02:06:43 UTC |
+----+---------+---------+--------+------------+-------------------------+-------------------------+
1 row in set
2.3.1 :041 > m = Message.create(user:User.fourth,post:Post.last,author:"Ginny",message:"I don't have much to say")
  User Load (3.6ms)  SELECT  "users".* FROM "users"  ORDER BY "users"."id" ASC LIMIT 1 OFFSET 3
  Post Load (3.8ms)  SELECT  "posts".* FROM "posts"  ORDER BY "posts"."id" DESC LIMIT 1
   (0.1ms)  begin transaction
  SQL (6.2ms)  INSERT INTO "messages" ("user_id", "post_id", "author", "message", "created_at", "updated_at") VALUES (?, ?, ?, ?, ?, ?)  [["user_id", 4], ["post_id", 12], ["author", "Ginny"], ["message", "I don't have much to say"], ["created_at", "2021-08-14 02:06:53.082751"], ["updated_at", "2021-08-14 02:06:53.082751"]]
   (2.7ms)  commit transaction
+----+---------+---------+--------+----------------------+----------------------+-----------------------+
| id | user_id | post_id | author | message              | created_at           | updated_at            |
+----+---------+---------+--------+----------------------+----------------------+-----------------------+
| 8  | 4       | 12      | Ginny  | I don't have much... | 2021-08-14 02:06:... | 2021-08-14 02:06:5... |
+----+---------+---------+--------+----------------------+----------------------+-----------------------+
1 row in set
2.3.1 :042 > Message.all
  Message Load (3.4ms)  SELECT "messages".* FROM "messages"
+----+---------+---------+--------+----------------------+----------------------+-----------------------+
| id | user_id | post_id | author | message              | created_at           | updated_at            |
+----+---------+---------+--------+----------------------+----------------------+-----------------------+
| 1  | 3       | 2       | Harry  | Hey bros, hope ya... | 2021-08-14 02:02:... | 2021-08-14 02:02:2... |
| 2  | 3       | 2       | Harry  | Don't worry about... | 2021-08-14 02:03:... | 2021-08-14 02:03:0... |
| 3  | 3       | 3       | Harry  | YOOOWZA              | 2021-08-14 02:03:... | 2021-08-14 02:03:5... |
| 4  | 3       | 3       | Harry  | Yeet                 | 2021-08-14 02:04:... | 2021-08-14 02:04:0... |
| 5  | 3       | 3       | Harry  | Yoink brov           | 2021-08-14 02:04:... | 2021-08-14 02:04:1... |
| 6  | 4       | 12      | Ginny  | Hello there          | 2021-08-14 02:06:... | 2021-08-14 02:06:3... |
| 7  | 4       | 12      | Ginny  | Pardon but           | 2021-08-14 02:06:... | 2021-08-14 02:06:4... |
| 8  | 4       | 12      | Ginny  | I don't have much... | 2021-08-14 02:06:... | 2021-08-14 02:06:5... |
+----+---------+---------+--------+----------------------+----------------------+-----------------------+
8 rows in set
2.3.1 :043 > Post.second
  Post Load (3.7ms)  SELECT  "posts".* FROM "posts"  ORDER BY "posts"."id" ASC LIMIT 1 OFFSET 1
+----+---------+---------+---------------+--------------+-----------------------+-----------------------+
| id | blog_id | user_id | title         | content      | created_at            | updated_at            |
+----+---------+---------+---------------+--------------+-----------------------+-----------------------+
| 3  | 2       | 1       | Hell o' World | Yellow World | 2021-08-14 01:49:0... | 2021-08-14 01:49:0... |
+----+---------+---------+---------------+--------------+-----------------------+-----------------------+
1 row in set
2.3.1 :044 > Owner.all
  Owner Load (3.5ms)  SELECT "owners".* FROM "owners"
+----+---------+---------+-------------------------+-------------------------+
| id | user_id | blog_id | created_at              | updated_at              |
+----+---------+---------+-------------------------+-------------------------+
| 1  | 3       | 1       | 2021-08-13 23:37:51 UTC | 2021-08-13 23:37:51 UTC |
| 2  | 3       | 2       | 2021-08-13 23:38:03 UTC | 2021-08-13 23:38:03 UTC |
| 3  | 3       | 3       | 2021-08-13 23:38:08 UTC | 2021-08-13 23:38:08 UTC |
| 4  | 3       | 4       | 2021-08-13 23:38:45 UTC | 2021-08-13 23:38:45 UTC |
| 5  | 3       | 5       | 2021-08-13 23:39:08 UTC | 2021-08-13 23:39:08 UTC |
+----+---------+---------+-------------------------+-------------------------+
5 rows in set
2.3.1 :045 > Post.second
  Post Load (3.7ms)  SELECT  "posts".* FROM "posts"  ORDER BY "posts"."id" ASC LIMIT 1 OFFSET 1
+----+---------+---------+---------------+--------------+-----------------------+-----------------------+
| id | blog_id | user_id | title         | content      | created_at            | updated_at            |
+----+---------+---------+---------------+--------------+-----------------------+-----------------------+
| 3  | 2       | 1       | Hell o' World | Yellow World | 2021-08-14 01:49:0... | 2021-08-14 01:49:0... |
+----+---------+---------+---------------+--------------+-----------------------+-----------------------+
1 row in set






000000000000000000000000000000000000000000000000000000000000000000000000000
210813 21:10
000000000000000000000000000000000000000000000000000000000000000000000000000

UPDATE RECORDS IN MANY TO MANY




2.3.1 :046 > Owner.all
  Owner Load (3.5ms)  SELECT "owners".* FROM "owners"
+----+---------+---------+-------------------------+-------------------------+
| id | user_id | blog_id | created_at              | updated_at              |
+----+---------+---------+-------------------------+-------------------------+
| 1  | 3       | 1       | 2021-08-13 23:37:51 UTC | 2021-08-13 23:37:51 UTC |
| 2  | 3       | 2       | 2021-08-13 23:38:03 UTC | 2021-08-13 23:38:03 UTC |
| 3  | 3       | 3       | 2021-08-13 23:38:08 UTC | 2021-08-13 23:38:08 UTC |
| 4  | 3       | 4       | 2021-08-13 23:38:45 UTC | 2021-08-13 23:38:45 UTC |
| 5  | 3       | 5       | 2021-08-13 23:39:08 UTC | 2021-08-13 23:39:08 UTC |
+----+---------+---------+-------------------------+-------------------------+
5 rows in set
2.3.1 :047 > Post.second
  Post Load (4.6ms)  SELECT  "posts".* FROM "posts"  ORDER BY "posts"."id" ASC LIMIT 1 OFFSET 1
+----+---------+---------+---------------+--------------+-----------------------+-----------------------+
| id | blog_id | user_id | title         | content      | created_at            | updated_at            |
+----+---------+---------+---------------+--------------+-----------------------+-----------------------+
| 3  | 2       | 1       | Hell o' World | Yellow World | 2021-08-14 01:49:0... | 2021-08-14 01:49:0... |
+----+---------+---------+---------------+--------------+-----------------------+-----------------------+
1 row in set
2.3.1 :048 > p = Post.second
  Post Load (3.7ms)  SELECT  "posts".* FROM "posts"  ORDER BY "posts"."id" ASC LIMIT 1 OFFSET 1
+----+---------+---------+---------------+--------------+-----------------------+-----------------------+
| id | blog_id | user_id | title         | content      | created_at            | updated_at            |
+----+---------+---------+---------------+--------------+-----------------------+-----------------------+
| 3  | 2       | 1       | Hell o' World | Yellow World | 2021-08-14 01:49:0... | 2021-08-14 01:49:0... |
+----+---------+---------+---------------+--------------+-----------------------+-----------------------+
1 row in set
2.3.1 :049 > p.update(user:User.last)
  User Load (3.5ms)  SELECT  "users".* FROM "users"  ORDER BY "users"."id" DESC LIMIT 1
   (0.1ms)  begin transaction
  SQL (7.7ms)  UPDATE "posts" SET "user_id" = ?, "updated_at" = ? WHERE "posts"."id" = ?  [["user_id", 5], ["updated_at", "2021-08-14 02:09:49.296299"], ["id", 3]]
   (3.7ms)  commit transaction
 => true 
2.3.1 :050 > p = Post.second
  Post Load (2.6ms)  SELECT  "posts".* FROM "posts"  ORDER BY "posts"."id" ASC LIMIT 1 OFFSET 1
+----+---------+---------+---------------+--------------+-----------------------+-----------------------+
| id | blog_id | user_id | title         | content      | created_at            | updated_at            |
+----+---------+---------+---------------+--------------+-----------------------+-----------------------+
| 3  | 2       | 5       | Hell o' World | Yellow World | 2021-08-14 01:49:0... | 2021-08-14 02:09:4... |
+----+---------+---------+---------------+--------------+-----------------------+-----------------------+
1 row in set
2.3.1 :051 > p = Post.second
  Post Load (3.6ms)  SELECT  "posts".* FROM "posts"  ORDER BY "posts"."id" ASC LIMIT 1 OFFSET 1
+----+---------+---------+---------------+--------------+-----------------------+-----------------------+
| id | blog_id | user_id | title         | content      | created_at            | updated_at            |
+----+---------+---------+---------------+--------------+-----------------------+-----------------------+
| 3  | 2       | 5       | Hell o' World | Yellow World | 2021-08-14 01:49:0... | 2021-08-14 02:09:4... |
+----+---------+---------+---------------+--------------+-----------------------+-----------------------+
1 row in set
2.3.1 :052 > p.update(content:"SOMETHING ELSE MUCHACHO")
   (0.1ms)  begin transaction
  SQL (5.7ms)  UPDATE "posts" SET "content" = ?, "updated_at" = ? WHERE "posts"."id" = ?  [["content", "SOMETHING ELSE MUCHACHO"], ["updated_at", "2021-08-14 02:11:59.047459"], ["id", 3]]
   (3.0ms)  commit transaction
 => true 
2.3.1 :053 > p = Post.second
  Post Load (4.4ms)  SELECT  "posts".* FROM "posts"  ORDER BY "posts"."id" ASC LIMIT 1 OFFSET 1
+----+---------+---------+---------------+--------------------+--------------------+--------------------+
| id | blog_id | user_id | title         | content            | created_at         | updated_at         |
+----+---------+---------+---------------+--------------------+--------------------+--------------------+
| 3  | 2       | 5       | Hell o' World | SOMETHING ELSE ... | 2021-08-14 01:4... | 2021-08-14 02:1... |
+----+---------+---------+---------------+--------------------+--------------------+--------------------+
1 row in set
2.3.1 :054 > 







000000000000000000000000000000000000000000000000000000000000000000000000000
210813 21:15
000000000000000000000000000000000000000000000000000000000000000000000000000






2.3.1 :054 > User.find(3).blogs
  User Load (3.8ms)  SELECT  "users".* FROM "users" WHERE "users"."id" = ? LIMIT 1  [["id", 3]]
  Blog Load (2.1ms)  SELECT "blogs".* FROM "blogs" INNER JOIN "posts" ON "blogs"."id" = "posts"."blog_id" WHERE "posts"."user_id" = ?  [["user_id", 3]]
+----+-------------+--------------------------------+-------------------------+-------------------------+
| id | name        | description                    | created_at              | updated_at              |
+----+-------------+--------------------------------+-------------------------+-------------------------+
| 1  | Wizard Blog | The wild wizarding blog stuff  | 2021-08-13 23:27:22 UTC | 2021-08-13 23:27:22 UTC |
| 3  | Funny Blog  | Hilarious stuff lol            | 2021-08-13 23:28:17 UTC | 2021-08-13 23:28:17 UTC |
| 5  | Yoink       | Yoinkish content for all ma... | 2021-08-13 23:29:07 UTC | 2021-08-13 23:29:07 UTC |
+----+-------------+--------------------------------+-------------------------+-------------------------+
3 rows in set
2.3.1 :055 > User.find(3).posts
  User Load (3.1ms)  SELECT  "users".* FROM "users" WHERE "users"."id" = ? LIMIT 1  [["id", 3]]
  Post Load (3.0ms)  SELECT "posts".* FROM "posts" WHERE "posts"."user_id" = ?  [["user_id", 3]]
+----+---------+---------+-------------------+------------------+-------------------+-------------------+
| id | blog_id | user_id | title             | content          | created_at        | updated_at        |
+----+---------+---------+-------------------+------------------+-------------------+-------------------+
| 10 | 1       | 3       | Weird wild Stuff  | 4 sure tho lo... | 2021-08-14 01:... | 2021-08-14 01:... |
| 11 | 3       | 3       | Wacky wonky sa... | Extra chz plx    | 2021-08-14 01:... | 2021-08-14 01:... |
| 12 | 5       | 3       | Yucky Sucky Ar... | What's ur fav... | 2021-08-14 01:... | 2021-08-14 01:... |
+----+---------+---------+-------------------+------------------+-------------------+-------------------+
3 rows in set
2.3.1 :056 > User.find(3).messages
  User Load (2.2ms)  SELECT  "users".* FROM "users" WHERE "users"."id" = ? LIMIT 1  [["id", 3]]
  Message Load (2.8ms)  SELECT "messages".* FROM "messages" WHERE "messages"."user_id" = ?  [["user_id", 3]]
+----+---------+---------+--------+----------------------+----------------------+-----------------------+
| id | user_id | post_id | author | message              | created_at           | updated_at            |
+----+---------+---------+--------+----------------------+----------------------+-----------------------+
| 1  | 3       | 2       | Harry  | Hey bros, hope ya... | 2021-08-14 02:02:... | 2021-08-14 02:02:2... |
| 2  | 3       | 2       | Harry  | Don't worry about... | 2021-08-14 02:03:... | 2021-08-14 02:03:0... |
| 3  | 3       | 3       | Harry  | YOOOWZA              | 2021-08-14 02:03:... | 2021-08-14 02:03:5... |
| 4  | 3       | 3       | Harry  | Yeet                 | 2021-08-14 02:04:... | 2021-08-14 02:04:0... |
| 5  | 3       | 3       | Harry  | Yoink brov           | 2021-08-14 02:04:... | 2021-08-14 02:04:1... |
+----+---------+---------+--------+----------------------+----------------------+-----------------------+
5 rows in set
2.3.1 :057 > Blog.find(5).posts
  Blog Load (3.3ms)  SELECT  "blogs".* FROM "blogs" WHERE "blogs"."id" = ? LIMIT 1  [["id", 5]]
  Post Load (1.4ms)  SELECT "posts".* FROM "posts" WHERE "posts"."blog_id" = ?  [["blog_id", 5]]
+----+---------+---------+-------------------+------------------+-------------------+-------------------+
| id | blog_id | user_id | title             | content          | created_at        | updated_at        |
+----+---------+---------+-------------------+------------------+-------------------+-------------------+
| 5  | 5       | 2       | O hi mark         | O hi world       | 2021-08-14 01:... | 2021-08-14 01:... |
| 6  | 5       | 2       | O spy clark       | O rye plark      | 2021-08-14 01:... | 2021-08-14 01:... |
| 7  | 5       | 2       | Yo my park        | Row by dark      | 2021-08-14 01:... | 2021-08-14 01:... |
| 8  | 5       | 2       | Throw sidearm     | Boregard         | 2021-08-14 01:... | 2021-08-14 01:... |
| 9  | 5       | 2       | Blow me down      | Show me around   | 2021-08-14 01:... | 2021-08-14 01:... |
| 12 | 5       | 3       | Yucky Sucky Ar... | What's ur fav... | 2021-08-14 01:... | 2021-08-14 01:... |
+----+---------+---------+-------------------+------------------+-------------------+-------------------+
6 rows in set
2.3.1 :058 > Blog.first.owners
  Blog Load (3.4ms)  SELECT  "blogs".* FROM "blogs"  ORDER BY "blogs"."id" ASC LIMIT 1
NoMethodError: undefined method `owners' for #<Blog:0x00000004581368>
        from /home/vagrant/.rvm/gems/ruby-2.3.1/gems/activemodel-4.2.7/lib/active_model/attribute_methods.rb:433:in `method_missing'
        from (irb):58
        from /home/vagrant/.rvm/gems/ruby-2.3.1/gems/railties-4.2.7/lib/rails/commands/console.rb:110:in `start'
        from /home/vagrant/.rvm/gems/ruby-2.3.1/gems/railties-4.2.7/lib/rails/commands/console.rb:9:in `start'
        from /home/vagrant/.rvm/gems/ruby-2.3.1/gems/railties-4.2.7/lib/rails/commands/commands_tasks.rb:68:in `console'
        from /home/vagrant/.rvm/gems/ruby-2.3.1/gems/railties-4.2.7/lib/rails/commands/commands_tasks.rb:39:in `run_command!'
        from /home/vagrant/.rvm/gems/ruby-2.3.1/gems/railties-4.2.7/lib/rails/commands.rb:17:in `<top (required)>'
        from /home/vagrant/.rvm/gems/ruby-2.3.1/gems/activesupport-4.2.7/lib/active_support/dependencies.rb:274:in `require'
        from /home/vagrant/.rvm/gems/ruby-2.3.1/gems/activesupport-4.2.7/lib/active_support/dependencies.rb:274:in `block in require'
        from /home/vagrant/.rvm/gems/ruby-2.3.1/gems/activesupport-4.2.7/lib/active_support/dependencies.rb:240:in `load_dependency'
        from /home/vagrant/.rvm/gems/ruby-2.3.1/gems/activesupport-4.2.7/lib/active_support/dependencies.rb:274:in `require'
        from /vagrant/ruby_hw/ruby_hw_wk7/rails_models/bpm2/bpm2/bin/rails:9:in `<top (required)>'
        from /home/vagrant/.rvm/gems/ruby-2.3.1/gems/activesupport-4.2.7/lib/active_support/dependencies.rb:268:in `load'
        from /home/vagrant/.rvm/gems/ruby-2.3.1/gems/activesupport-4.2.7/lib/active_support/dependencies.rb:268:in `block in load'
        from /home/vagrant/.rvm/gems/ruby-2.3.1/gems/activesupport-4.2.7/lib/active_support/dependencies.rb:240:in `load_dependency'
        from /home/vagrant/.rvm/gems/ruby-2.3.1/gems/activesupport-4.2.7/lib/active_support/dependencies.rb:268:in `load'
        from /home/vagrant/.rvm/gems/ruby-2.3.1/gems/spring-2.0.2/lib/spring/commands/rails.rb:6:in `call'
        from /home/vagrant/.rvm/gems/ruby-2.3.1/gems/spring-2.0.2/lib/spring/command_wrapper.rb:38:in `call'
        from /home/vagrant/.rvm/gems/ruby-2.3.1/gems/spring-2.0.2/lib/spring/application.rb:201:in `block in serve'
        from /home/vagrant/.rvm/gems/ruby-2.3.1/gems/spring-2.0.2/lib/spring/application.rb:171:in `fork'
        from /home/vagrant/.rvm/gems/ruby-2.3.1/gems/spring-2.0.2/lib/spring/application.rb:171:in `serve'
        from /home/vagrant/.rvm/gems/ruby-2.3.1/gems/spring-2.0.2/lib/spring/application.rb:141:in `block in run'
        from /home/vagrant/.rvm/gems/ruby-2.3.1/gems/spring-2.0.2/lib/spring/application.rb:135:in `loop'
        from /home/vagrant/.rvm/gems/ruby-2.3.1/gems/spring-2.0.2/lib/spring/application.rb:135:in `run'
        from /home/vagrant/.rvm/gems/ruby-2.3.1/gems/spring-2.0.2/lib/spring/application/boot.rb:19:in `<top (required)>'
        from /home/vagrant/.rvm/rubies/ruby-2.3.1/lib/ruby/site_ruby/2.3.0/rubygems/core_ext/kernel_require.rb:54:in `require'
        from /home/vagrant/.rvm/rubies/ruby-2.3.1/lib/ruby/site_ruby/2.3.0/rubygems/core_ext/kernel_require.rb:54:in `require'
        from -e:1:in `<main>'
2.3.1 :059 > Blog.find(5).posts
  Blog Load (4.4ms)  SELECT  "blogs".* FROM "blogs" WHERE "blogs"."id" = ? LIMIT 1  [["id", 5]]
  Post Load (3.0ms)  SELECT "posts".* FROM "posts" WHERE "posts"."blog_id" = ?  [["blog_id", 5]]
+----+---------+---------+-------------------+------------------+-------------------+-------------------+
| id | blog_id | user_id | title             | content          | created_at        | updated_at        |
+----+---------+---------+-------------------+------------------+-------------------+-------------------+
| 5  | 5       | 2       | O hi mark         | O hi world       | 2021-08-14 01:... | 2021-08-14 01:... |
| 6  | 5       | 2       | O spy clark       | O rye plark      | 2021-08-14 01:... | 2021-08-14 01:... |
| 7  | 5       | 2       | Yo my park        | Row by dark      | 2021-08-14 01:... | 2021-08-14 01:... |
| 8  | 5       | 2       | Throw sidearm     | Boregard         | 2021-08-14 01:... | 2021-08-14 01:... |
| 9  | 5       | 2       | Blow me down      | Show me around   | 2021-08-14 01:... | 2021-08-14 01:... |
| 12 | 5       | 3       | Yucky Sucky Ar... | What's ur fav... | 2021-08-14 01:... | 2021-08-14 01:... |
+----+---------+---------+-------------------+------------------+-------------------+-------------------+
6 rows in set
2.3.1 :060 > Blog.find(5).users
  Blog Load (4.4ms)  SELECT  "blogs".* FROM "blogs" WHERE "blogs"."id" = ? LIMIT 1  [["id", 5]]
  User Load (1.6ms)  SELECT "users".* FROM "users" WHERE "users"."blog_id" = ?  [[nil, 5]]
Hirb Error: SQLite3::SQLException: no such column: users.blog_id: SELECT "users".* FROM "users" WHERE "users"."blog_id" = ?
    /home/vagrant/.rvm/gems/ruby-2.3.1/gems/sqlite3-1.3.13/lib/sqlite3/database.rb:91:in `initialize'
    /home/vagrant/.rvm/gems/ruby-2.3.1/gems/sqlite3-1.3.13/lib/sqlite3/database.rb:91:in `new'
    /home/vagrant/.rvm/gems/ruby-2.3.1/gems/sqlite3-1.3.13/lib/sqlite3/database.rb:91:in `prepare'
    /home/vagrant/.rvm/gems/ruby-2.3.1/gems/activerecord-4.2.7/lib/active_record/connection_adapters/sqlite3_adapter.rb:294:in `block in exec_query'
    /home/vagrant/.rvm/gems/ruby-2.3.1/gems/activerecord-4.2.7/lib/active_record/connection_adapters/abstract_adapter.rb:484:in `block in log'
    /home/vagrant/.rvm/gems/ruby-2.3.1/gems/activesupport-4.2.7/lib/active_support/notifications/instrumenter.rb:20:in `instrument'
    /home/vagrant/.rvm/gems/ruby-2.3.1/gems/activerecord-4.2.7/lib/active_record/connection_adapters/abstract_adapter.rb:478:in `log'
    /home/vagrant/.rvm/gems/ruby-2.3.1/gems/activerecord-4.2.7/lib/active_record/connection_adapters/sqlite3_adapter.rb:281:in `exec_query'
    /home/vagrant/.rvm/gems/ruby-2.3.1/gems/activerecord-4.2.7/lib/active_record/connection_adapters/abstract/database_statements.rb:356:in `select'
    /home/vagrant/.rvm/gems/ruby-2.3.1/gems/activerecord-4.2.7/lib/active_record/connection_adapters/abstract/database_statements.rb:32:in `select_all'
    /home/vagrant/.rvm/gems/ruby-2.3.1/gems/activerecord-4.2.7/lib/active_record/connection_adapters/abstract/query_cache.rb:70:in `select_all'
    /home/vagrant/.rvm/gems/ruby-2.3.1/gems/activerecord-4.2.7/lib/active_record/querying.rb:39:in `find_by_sql'
    /home/vagrant/.rvm/gems/ruby-2.3.1/gems/activerecord-4.2.7/lib/active_record/statement_cache.rb:107:in `execute'
    /home/vagrant/.rvm/gems/ruby-2.3.1/gems/activerecord-4.2.7/lib/active_record/associations/collection_association.rb:445:in `get_records'
    /home/vagrant/.rvm/gems/ruby-2.3.1/gems/activerecord-4.2.7/lib/active_record/associations/collection_association.rb:449:in `find_target'
    /home/vagrant/.rvm/gems/ruby-2.3.1/gems/activerecord-4.2.7/lib/active_record/associations/collection_association.rb:392:in `load_target'
    /home/vagrant/.rvm/gems/ruby-2.3.1/gems/activerecord-4.2.7/lib/active_record/associations/collection_proxy.rb:45:in `load_target'
    /home/vagrant/.rvm/gems/ruby-2.3.1/gems/activerecord-4.2.7/lib/active_record/associations/collection_proxy.rb:945:in `to_ary'
    /home/vagrant/.rvm/gems/ruby-2.3.1/gems/hirb-0.7.3/lib/hirb/formatter.rb:88:in `Array'
    /home/vagrant/.rvm/gems/ruby-2.3.1/gems/hirb-0.7.3/lib/hirb/formatter.rb:88:in `determine_output_class'
    /home/vagrant/.rvm/gems/ruby-2.3.1/gems/hirb-0.7.3/lib/hirb/formatter.rb:53:in `format_output'
    /home/vagrant/.rvm/gems/ruby-2.3.1/gems/hirb-0.7.3/lib/hirb/view.rb:205:in `render_output'
    /home/vagrant/.rvm/gems/ruby-2.3.1/gems/hirb-0.7.3/lib/hirb/view.rb:123:in `view_output'
    /home/vagrant/.rvm/gems/ruby-2.3.1/gems/hirb-0.7.3/lib/hirb/view.rb:201:in `view_or_page_output'
    /home/vagrant/.rvm/gems/ruby-2.3.1/gems/hirb-0.7.3/lib/hirb/view.rb:187:in `output_value'
    /home/vagrant/.rvm/rubies/ruby-2.3.1/lib/ruby/2.3.0/irb.rb:490:in `block (2 levels) in eval_input'
    /home/vagrant/.rvm/rubies/ruby-2.3.1/lib/ruby/2.3.0/irb.rb:623:in `signal_status'
    /home/vagrant/.rvm/rubies/ruby-2.3.1/lib/ruby/2.3.0/irb.rb:486:in `block in eval_input'
    /home/vagrant/.rvm/rubies/ruby-2.3.1/lib/ruby/2.3.0/irb/ruby-lex.rb:246:in `block (2 levels) in each_top_level_statement'
    /home/vagrant/.rvm/rubies/ruby-2.3.1/lib/ruby/2.3.0/irb/ruby-lex.rb:232:in `loop'
    /home/vagrant/.rvm/rubies/ruby-2.3.1/lib/ruby/2.3.0/irb/ruby-lex.rb:232:in `block in each_top_level_statement'
    /home/vagrant/.rvm/rubies/ruby-2.3.1/lib/ruby/2.3.0/irb/ruby-lex.rb:231:in `catch'
    /home/vagrant/.rvm/rubies/ruby-2.3.1/lib/ruby/2.3.0/irb/ruby-lex.rb:231:in `each_top_level_statement'
    /home/vagrant/.rvm/rubies/ruby-2.3.1/lib/ruby/2.3.0/irb.rb:485:in `eval_input'
    /home/vagrant/.rvm/rubies/ruby-2.3.1/lib/ruby/2.3.0/irb.rb:395:in `block in start'
    /home/vagrant/.rvm/rubies/ruby-2.3.1/lib/ruby/2.3.0/irb.rb:394:in `catch'
    /home/vagrant/.rvm/rubies/ruby-2.3.1/lib/ruby/2.3.0/irb.rb:394:in `start'
    /home/vagrant/.rvm/gems/ruby-2.3.1/gems/railties-4.2.7/lib/rails/commands/console.rb:110:in `start'
    /home/vagrant/.rvm/gems/ruby-2.3.1/gems/railties-4.2.7/lib/rails/commands/console.rb:9:in `start'
    /home/vagrant/.rvm/gems/ruby-2.3.1/gems/railties-4.2.7/lib/rails/commands/commands_tasks.rb:68:in `console'
    /home/vagrant/.rvm/gems/ruby-2.3.1/gems/railties-4.2.7/lib/rails/commands/commands_tasks.rb:39:in `run_command!'
    /home/vagrant/.rvm/gems/ruby-2.3.1/gems/railties-4.2.7/lib/rails/commands.rb:17:in `<top (required)>'
    /home/vagrant/.rvm/gems/ruby-2.3.1/gems/activesupport-4.2.7/lib/active_support/dependencies.rb:274:in `require'
    /home/vagrant/.rvm/gems/ruby-2.3.1/gems/activesupport-4.2.7/lib/active_support/dependencies.rb:274:in `block in require'
    /home/vagrant/.rvm/gems/ruby-2.3.1/gems/activesupport-4.2.7/lib/active_support/dependencies.rb:240:in `load_dependency'
    /home/vagrant/.rvm/gems/ruby-2.3.1/gems/activesupport-4.2.7/lib/active_support/dependencies.rb:274:in `require'
    /vagrant/ruby_hw/ruby_hw_wk7/rails_models/bpm2/bpm2/bin/rails:9:in `<top (required)>'
    /home/vagrant/.rvm/gems/ruby-2.3.1/gems/activesupport-4.2.7/lib/active_support/dependencies.rb:268:in `load'
    /home/vagrant/.rvm/gems/ruby-2.3.1/gems/activesupport-4.2.7/lib/active_support/dependencies.rb:268:in `block in load'
    /home/vagrant/.rvm/gems/ruby-2.3.1/gems/activesupport-4.2.7/lib/active_support/dependencies.rb:240:in `load_dependency'
    /home/vagrant/.rvm/gems/ruby-2.3.1/gems/activesupport-4.2.7/lib/active_support/dependencies.rb:268:in `load'
    /home/vagrant/.rvm/rubies/ruby-2.3.1/lib/ruby/site_ruby/2.3.0/rubygems/core_ext/kernel_require.rb:54:in `require'
    /home/vagrant/.rvm/rubies/ruby-2.3.1/lib/ruby/site_ruby/2.3.0/rubygems/core_ext/kernel_require.rb:54:in `require'
    -e:1:in `<main>'
2.3.1 :061 > Blog.find(5).posts.users
  Blog Load (3.5ms)  SELECT  "blogs".* FROM "blogs" WHERE "blogs"."id" = ? LIMIT 1  [["id", 5]]
NoMethodError:   Post Load (3.2ms)  SELECT "posts".* FROM "posts" WHERE "posts"."blog_id" = ?  [["blog_id", 5]]
undefined method `users' for #<Post::ActiveRecord_Associations_CollectionProxy:0x000000044776e8>
        from /home/vagrant/.rvm/gems/ruby-2.3.1/gems/activerecord-4.2.7/lib/active_record/relation/delegation.rb:136:in `method_missing'
        from /home/vagrant/.rvm/gems/ruby-2.3.1/gems/activerecord-4.2.7/lib/active_record/relation/delegation.rb:99:in `method_missing'
        from (irb):61
        from /home/vagrant/.rvm/gems/ruby-2.3.1/gems/railties-4.2.7/lib/rails/commands/console.rb:110:in `start'
        from /home/vagrant/.rvm/gems/ruby-2.3.1/gems/railties-4.2.7/lib/rails/commands/console.rb:9:in `start'
        from /home/vagrant/.rvm/gems/ruby-2.3.1/gems/railties-4.2.7/lib/rails/commands/commands_tasks.rb:68:in `console'
        from /home/vagrant/.rvm/gems/ruby-2.3.1/gems/railties-4.2.7/lib/rails/commands/commands_tasks.rb:39:in `run_command!'
        from /home/vagrant/.rvm/gems/ruby-2.3.1/gems/railties-4.2.7/lib/rails/commands.rb:17:in `<top (required)>'
        from /home/vagrant/.rvm/gems/ruby-2.3.1/gems/activesupport-4.2.7/lib/active_support/dependencies.rb:274:in `require'
        from /home/vagrant/.rvm/gems/ruby-2.3.1/gems/activesupport-4.2.7/lib/active_support/dependencies.rb:274:in `block in require'
        from /home/vagrant/.rvm/gems/ruby-2.3.1/gems/activesupport-4.2.7/lib/active_support/dependencies.rb:240:in `load_dependency'
        from /home/vagrant/.rvm/gems/ruby-2.3.1/gems/activesupport-4.2.7/lib/active_support/dependencies.rb:274:in `require'
        from /vagrant/ruby_hw/ruby_hw_wk7/rails_models/bpm2/bpm2/bin/rails:9:in `<top (required)>'
        from /home/vagrant/.rvm/gems/ruby-2.3.1/gems/activesupport-4.2.7/lib/active_support/dependencies.rb:268:in `load'
        from /home/vagrant/.rvm/gems/ruby-2.3.1/gems/activesupport-4.2.7/lib/active_support/dependencies.rb:268:in `block in load'
        from /home/vagrant/.rvm/gems/ruby-2.3.1/gems/activesupport-4.2.7/lib/active_support/dependencies.rb:240:in `load_dependency'
        from /home/vagrant/.rvm/gems/ruby-2.3.1/gems/activesupport-4.2.7/lib/active_support/dependencies.rb:268:in `load'
        from /home/vagrant/.rvm/gems/ruby-2.3.1/gems/spring-2.0.2/lib/spring/commands/rails.rb:6:in `call'
        from /home/vagrant/.rvm/gems/ruby-2.3.1/gems/spring-2.0.2/lib/spring/command_wrapper.rb:38:in `call'
        from /home/vagrant/.rvm/gems/ruby-2.3.1/gems/spring-2.0.2/lib/spring/application.rb:201:in `block in serve'
        from /home/vagrant/.rvm/gems/ruby-2.3.1/gems/spring-2.0.2/lib/spring/application.rb:171:in `fork'
        from /home/vagrant/.rvm/gems/ruby-2.3.1/gems/spring-2.0.2/lib/spring/application.rb:171:in `serve'
        from /home/vagrant/.rvm/gems/ruby-2.3.1/gems/spring-2.0.2/lib/spring/application.rb:141:in `block in run'
        from /home/vagrant/.rvm/gems/ruby-2.3.1/gems/spring-2.0.2/lib/spring/application.rb:135:in `loop'
        from /home/vagrant/.rvm/gems/ruby-2.3.1/gems/spring-2.0.2/lib/spring/application.rb:135:in `run'
        from /home/vagrant/.rvm/gems/ruby-2.3.1/gems/spring-2.0.2/lib/spring/application/boot.rb:19:in `<top (required)>'
        from /home/vagrant/.rvm/rubies/ruby-2.3.1/lib/ruby/site_ruby/2.3.0/rubygems/core_ext/kernel_require.rb:54:in `require'
        from /home/vagrant/.rvm/rubies/ruby-2.3.1/lib/ruby/site_ruby/2.3.0/rubygems/core_ext/kernel_require.rb:54:in `require'
        from -e:1:in `<main>'
2.3.1 :062 > Blog.find(5).posts(user:User.5)
SyntaxError: (irb):62: no .<digit> floating literal anymore; put 0 before dot
Blog.find(5).posts(user:User.5)
                             ^
(irb):62: syntax error, unexpected tINTEGER, expecting '('
Blog.find(5).posts(user:User.5)
                              ^
        from /home/vagrant/.rvm/gems/ruby-2.3.1/gems/railties-4.2.7/lib/rails/commands/console.rb:110:in `start'
        from /home/vagrant/.rvm/gems/ruby-2.3.1/gems/railties-4.2.7/lib/rails/commands/console.rb:9:in `start'
        from /home/vagrant/.rvm/gems/ruby-2.3.1/gems/railties-4.2.7/lib/rails/commands/commands_tasks.rb:68:in `console'
        from /home/vagrant/.rvm/gems/ruby-2.3.1/gems/railties-4.2.7/lib/rails/commands/commands_tasks.rb:39:in `run_command!'
        from /home/vagrant/.rvm/gems/ruby-2.3.1/gems/railties-4.2.7/lib/rails/commands.rb:17:in `<top (required)>'
        from /home/vagrant/.rvm/gems/ruby-2.3.1/gems/activesupport-4.2.7/lib/active_support/dependencies.rb:274:in `require'
        from /home/vagrant/.rvm/gems/ruby-2.3.1/gems/activesupport-4.2.7/lib/active_support/dependencies.rb:274:in `block in require'
        from /home/vagrant/.rvm/gems/ruby-2.3.1/gems/activesupport-4.2.7/lib/active_support/dependencies.rb:240:in `load_dependency'
        from /home/vagrant/.rvm/gems/ruby-2.3.1/gems/activesupport-4.2.7/lib/active_support/dependencies.rb:274:in `require'
        from /vagrant/ruby_hw/ruby_hw_wk7/rails_models/bpm2/bpm2/bin/rails:9:in `<top (required)>'
        from /home/vagrant/.rvm/gems/ruby-2.3.1/gems/activesupport-4.2.7/lib/active_support/dependencies.rb:268:in `load'
        from /home/vagrant/.rvm/gems/ruby-2.3.1/gems/activesupport-4.2.7/lib/active_support/dependencies.rb:268:in `block in load'
        from /home/vagrant/.rvm/gems/ruby-2.3.1/gems/activesupport-4.2.7/lib/active_support/dependencies.rb:240:in `load_dependency'
        from /home/vagrant/.rvm/gems/ruby-2.3.1/gems/activesupport-4.2.7/lib/active_support/dependencies.rb:268:in `load'
        from /home/vagrant/.rvm/gems/ruby-2.3.1/gems/spring-2.0.2/lib/spring/commands/rails.rb:6:in `call'
        from /home/vagrant/.rvm/gems/ruby-2.3.1/gems/spring-2.0.2/lib/spring/command_wrapper.rb:38:in `call'
        from /home/vagrant/.rvm/gems/ruby-2.3.1/gems/spring-2.0.2/lib/spring/application.rb:201:in `block in serve'
        from /home/vagrant/.rvm/gems/ruby-2.3.1/gems/spring-2.0.2/lib/spring/application.rb:171:in `fork'
        from /home/vagrant/.rvm/gems/ruby-2.3.1/gems/spring-2.0.2/lib/spring/application.rb:171:in `serve'
        from /home/vagrant/.rvm/gems/ruby-2.3.1/gems/spring-2.0.2/lib/spring/application.rb:141:in `block in run'
        from /home/vagrant/.rvm/gems/ruby-2.3.1/gems/spring-2.0.2/lib/spring/application.rb:135:in `loop'
        from /home/vagrant/.rvm/gems/ruby-2.3.1/gems/spring-2.0.2/lib/spring/application.rb:135:in `run'
        from /home/vagrant/.rvm/gems/ruby-2.3.1/gems/spring-2.0.2/lib/spring/application/boot.rb:19:in `<top (required)>'
        from /home/vagrant/.rvm/rubies/ruby-2.3.1/lib/ruby/site_ruby/2.3.0/rubygems/core_ext/kernel_require.rb:54:in `require'
        from /home/vagrant/.rvm/rubies/ruby-2.3.1/lib/ruby/site_ruby/2.3.0/rubygems/core_ext/kernel_require.rb:54:in `require'
        from -e:1:in `<main>'
2.3.1 :063 > Blog.find(5).posts(user:User.5)
SyntaxError: (irb):63: no .<digit> floating literal anymore; put 0 before dot
Blog.find(5).posts(user:User.5)
                             ^
(irb):63: syntax error, unexpected tINTEGER, expecting '('
Blog.find(5).posts(user:User.5)
                              ^
        from /home/vagrant/.rvm/gems/ruby-2.3.1/gems/railties-4.2.7/lib/rails/commands/console.rb:110:in `start'
        from /home/vagrant/.rvm/gems/ruby-2.3.1/gems/railties-4.2.7/lib/rails/commands/console.rb:9:in `start'
        from /home/vagrant/.rvm/gems/ruby-2.3.1/gems/railties-4.2.7/lib/rails/commands/commands_tasks.rb:68:in `console'
        from /home/vagrant/.rvm/gems/ruby-2.3.1/gems/railties-4.2.7/lib/rails/commands/commands_tasks.rb:39:in `run_command!'
        from /home/vagrant/.rvm/gems/ruby-2.3.1/gems/railties-4.2.7/lib/rails/commands.rb:17:in `<top (required)>'
        from /home/vagrant/.rvm/gems/ruby-2.3.1/gems/activesupport-4.2.7/lib/active_support/dependencies.rb:274:in `require'
        from /home/vagrant/.rvm/gems/ruby-2.3.1/gems/activesupport-4.2.7/lib/active_support/dependencies.rb:274:in `block in require'
        from /home/vagrant/.rvm/gems/ruby-2.3.1/gems/activesupport-4.2.7/lib/active_support/dependencies.rb:240:in `load_dependency'
        from /home/vagrant/.rvm/gems/ruby-2.3.1/gems/activesupport-4.2.7/lib/active_support/dependencies.rb:274:in `require'
        from /vagrant/ruby_hw/ruby_hw_wk7/rails_models/bpm2/bpm2/bin/rails:9:in `<top (required)>'
        from /home/vagrant/.rvm/gems/ruby-2.3.1/gems/activesupport-4.2.7/lib/active_support/dependencies.rb:268:in `load'
        from /home/vagrant/.rvm/gems/ruby-2.3.1/gems/activesupport-4.2.7/lib/active_support/dependencies.rb:268:in `block in load'
        from /home/vagrant/.rvm/gems/ruby-2.3.1/gems/activesupport-4.2.7/lib/active_support/dependencies.rb:240:in `load_dependency'
        from /home/vagrant/.rvm/gems/ruby-2.3.1/gems/activesupport-4.2.7/lib/active_support/dependencies.rb:268:in `load'
        from /home/vagrant/.rvm/gems/ruby-2.3.1/gems/spring-2.0.2/lib/spring/commands/rails.rb:6:in `call'
        from /home/vagrant/.rvm/gems/ruby-2.3.1/gems/spring-2.0.2/lib/spring/command_wrapper.rb:38:in `call'
        from /home/vagrant/.rvm/gems/ruby-2.3.1/gems/spring-2.0.2/lib/spring/application.rb:201:in `block in serve'
        from /home/vagrant/.rvm/gems/ruby-2.3.1/gems/spring-2.0.2/lib/spring/application.rb:171:in `fork'
        from /home/vagrant/.rvm/gems/ruby-2.3.1/gems/spring-2.0.2/lib/spring/application.rb:171:in `serve'
        from /home/vagrant/.rvm/gems/ruby-2.3.1/gems/spring-2.0.2/lib/spring/application.rb:141:in `block in run'
        from /home/vagrant/.rvm/gems/ruby-2.3.1/gems/spring-2.0.2/lib/spring/application.rb:135:in `loop'
        from /home/vagrant/.rvm/gems/ruby-2.3.1/gems/spring-2.0.2/lib/spring/application.rb:135:in `run'
        from /home/vagrant/.rvm/gems/ruby-2.3.1/gems/spring-2.0.2/lib/spring/application/boot.rb:19:in `<top (required)>'
        from /home/vagrant/.rvm/rubies/ruby-2.3.1/lib/ruby/site_ruby/2.3.0/rubygems/core_ext/kernel_require.rb:54:in `require'
        from /home/vagrant/.rvm/rubies/ruby-2.3.1/lib/ruby/site_ruby/2.3.0/rubygems/core_ext/kernel_require.rb:54:in `require'
        from -e:1:in `<main>'
2.3.1 :064 > Blog.find(5).posts.users
  Blog Load (2.4ms)  SELECT  "blogs".* FROM "blogs" WHERE "blogs"."id" = ? LIMIT 1  [["id", 5]]
NoMethodError:   Post Load (3.4ms)  SELECT "posts".* FROM "posts" WHERE "posts"."blog_id" = ?  [["blog_id", 5]]
undefined method `users' for #<Post::ActiveRecord_Associations_CollectionProxy:0x000000043b6470>
        from /home/vagrant/.rvm/gems/ruby-2.3.1/gems/activerecord-4.2.7/lib/active_record/relation/delegation.rb:136:in `method_missing'
        from /home/vagrant/.rvm/gems/ruby-2.3.1/gems/activerecord-4.2.7/lib/active_record/relation/delegation.rb:99:in `method_missing'
        from (irb):64
        from /home/vagrant/.rvm/gems/ruby-2.3.1/gems/railties-4.2.7/lib/rails/commands/console.rb:110:in `start'
        from /home/vagrant/.rvm/gems/ruby-2.3.1/gems/railties-4.2.7/lib/rails/commands/console.rb:9:in `start'
        from /home/vagrant/.rvm/gems/ruby-2.3.1/gems/railties-4.2.7/lib/rails/commands/commands_tasks.rb:68:in `console'
        from /home/vagrant/.rvm/gems/ruby-2.3.1/gems/railties-4.2.7/lib/rails/commands/commands_tasks.rb:39:in `run_command!'
        from /home/vagrant/.rvm/gems/ruby-2.3.1/gems/railties-4.2.7/lib/rails/commands.rb:17:in `<top (required)>'
        from /home/vagrant/.rvm/gems/ruby-2.3.1/gems/activesupport-4.2.7/lib/active_support/dependencies.rb:274:in `require'
        from /home/vagrant/.rvm/gems/ruby-2.3.1/gems/activesupport-4.2.7/lib/active_support/dependencies.rb:274:in `block in require'
        from /home/vagrant/.rvm/gems/ruby-2.3.1/gems/activesupport-4.2.7/lib/active_support/dependencies.rb:240:in `load_dependency'
        from /home/vagrant/.rvm/gems/ruby-2.3.1/gems/activesupport-4.2.7/lib/active_support/dependencies.rb:274:in `require'
        from /vagrant/ruby_hw/ruby_hw_wk7/rails_models/bpm2/bpm2/bin/rails:9:in `<top (required)>'
        from /home/vagrant/.rvm/gems/ruby-2.3.1/gems/activesupport-4.2.7/lib/active_support/dependencies.rb:268:in `load'
        from /home/vagrant/.rvm/gems/ruby-2.3.1/gems/activesupport-4.2.7/lib/active_support/dependencies.rb:268:in `block in load'
        from /home/vagrant/.rvm/gems/ruby-2.3.1/gems/activesupport-4.2.7/lib/active_support/dependencies.rb:240:in `load_dependency'
        from /home/vagrant/.rvm/gems/ruby-2.3.1/gems/activesupport-4.2.7/lib/active_support/dependencies.rb:268:in `load'
        from /home/vagrant/.rvm/gems/ruby-2.3.1/gems/spring-2.0.2/lib/spring/commands/rails.rb:6:in `call'
        from /home/vagrant/.rvm/gems/ruby-2.3.1/gems/spring-2.0.2/lib/spring/command_wrapper.rb:38:in `call'
        from /home/vagrant/.rvm/gems/ruby-2.3.1/gems/spring-2.0.2/lib/spring/application.rb:201:in `block in serve'
        from /home/vagrant/.rvm/gems/ruby-2.3.1/gems/spring-2.0.2/lib/spring/application.rb:171:in `fork'
        from /home/vagrant/.rvm/gems/ruby-2.3.1/gems/spring-2.0.2/lib/spring/application.rb:171:in `serve'
        from /home/vagrant/.rvm/gems/ruby-2.3.1/gems/spring-2.0.2/lib/spring/application.rb:141:in `block in run'
        from /home/vagrant/.rvm/gems/ruby-2.3.1/gems/spring-2.0.2/lib/spring/application.rb:135:in `loop'
        from /home/vagrant/.rvm/gems/ruby-2.3.1/gems/spring-2.0.2/lib/spring/application.rb:135:in `run'
        from /home/vagrant/.rvm/gems/ruby-2.3.1/gems/spring-2.0.2/lib/spring/application/boot.rb:19:in `<top (required)>'
        from /home/vagrant/.rvm/rubies/ruby-2.3.1/lib/ruby/site_ruby/2.3.0/rubygems/core_ext/kernel_require.rb:54:in `require'
        from /home/vagrant/.rvm/rubies/ruby-2.3.1/lib/ruby/site_ruby/2.3.0/rubygems/core_ext/kernel_require.rb:54:in `require'
        from -e:1:in `<main>'
2.3.1 :065 > Blog.find(5).users
  Blog Load (3.6ms)  SELECT  "blogs".* FROM "blogs" WHERE "blogs"."id" = ? LIMIT 1  [["id", 5]]
  User Load (3.0ms)  SELECT "users".* FROM "users" WHERE "users"."blog_id" = ?  [[nil, 5]]
Hirb Error: SQLite3::SQLException: no such column: users.blog_id: SELECT "users".* FROM "users" WHERE "users"."blog_id" = ?
    /home/vagrant/.rvm/gems/ruby-2.3.1/gems/sqlite3-1.3.13/lib/sqlite3/database.rb:91:in `initialize'
    /home/vagrant/.rvm/gems/ruby-2.3.1/gems/sqlite3-1.3.13/lib/sqlite3/database.rb:91:in `new'
    /home/vagrant/.rvm/gems/ruby-2.3.1/gems/sqlite3-1.3.13/lib/sqlite3/database.rb:91:in `prepare'
    /home/vagrant/.rvm/gems/ruby-2.3.1/gems/activerecord-4.2.7/lib/active_record/connection_adapters/sqlite3_adapter.rb:294:in `block in exec_query'
    /home/vagrant/.rvm/gems/ruby-2.3.1/gems/activerecord-4.2.7/lib/active_record/connection_adapters/abstract_adapter.rb:484:in `block in log'
    /home/vagrant/.rvm/gems/ruby-2.3.1/gems/activesupport-4.2.7/lib/active_support/notifications/instrumenter.rb:20:in `instrument'
    /home/vagrant/.rvm/gems/ruby-2.3.1/gems/activerecord-4.2.7/lib/active_record/connection_adapters/abstract_adapter.rb:478:in `log'
    /home/vagrant/.rvm/gems/ruby-2.3.1/gems/activerecord-4.2.7/lib/active_record/connection_adapters/sqlite3_adapter.rb:281:in `exec_query'
    /home/vagrant/.rvm/gems/ruby-2.3.1/gems/activerecord-4.2.7/lib/active_record/connection_adapters/abstract/database_statements.rb:356:in `select'
    /home/vagrant/.rvm/gems/ruby-2.3.1/gems/activerecord-4.2.7/lib/active_record/connection_adapters/abstract/database_statements.rb:32:in `select_all'
    /home/vagrant/.rvm/gems/ruby-2.3.1/gems/activerecord-4.2.7/lib/active_record/connection_adapters/abstract/query_cache.rb:70:in `select_all'
    /home/vagrant/.rvm/gems/ruby-2.3.1/gems/activerecord-4.2.7/lib/active_record/querying.rb:39:in `find_by_sql'
    /home/vagrant/.rvm/gems/ruby-2.3.1/gems/activerecord-4.2.7/lib/active_record/statement_cache.rb:107:in `execute'
    /home/vagrant/.rvm/gems/ruby-2.3.1/gems/activerecord-4.2.7/lib/active_record/associations/collection_association.rb:445:in `get_records'
    /home/vagrant/.rvm/gems/ruby-2.3.1/gems/activerecord-4.2.7/lib/active_record/associations/collection_association.rb:449:in `find_target'
    /home/vagrant/.rvm/gems/ruby-2.3.1/gems/activerecord-4.2.7/lib/active_record/associations/collection_association.rb:392:in `load_target'
    /home/vagrant/.rvm/gems/ruby-2.3.1/gems/activerecord-4.2.7/lib/active_record/associations/collection_proxy.rb:45:in `load_target'
    /home/vagrant/.rvm/gems/ruby-2.3.1/gems/activerecord-4.2.7/lib/active_record/associations/collection_proxy.rb:945:in `to_ary'
    /home/vagrant/.rvm/gems/ruby-2.3.1/gems/hirb-0.7.3/lib/hirb/formatter.rb:88:in `Array'
    /home/vagrant/.rvm/gems/ruby-2.3.1/gems/hirb-0.7.3/lib/hirb/formatter.rb:88:in `determine_output_class'
    /home/vagrant/.rvm/gems/ruby-2.3.1/gems/hirb-0.7.3/lib/hirb/formatter.rb:53:in `format_output'
    /home/vagrant/.rvm/gems/ruby-2.3.1/gems/hirb-0.7.3/lib/hirb/view.rb:205:in `render_output'
    /home/vagrant/.rvm/gems/ruby-2.3.1/gems/hirb-0.7.3/lib/hirb/view.rb:123:in `view_output'
    /home/vagrant/.rvm/gems/ruby-2.3.1/gems/hirb-0.7.3/lib/hirb/view.rb:201:in `view_or_page_output'
    /home/vagrant/.rvm/gems/ruby-2.3.1/gems/hirb-0.7.3/lib/hirb/view.rb:187:in `output_value'
    /home/vagrant/.rvm/rubies/ruby-2.3.1/lib/ruby/2.3.0/irb.rb:490:in `block (2 levels) in eval_input'
    /home/vagrant/.rvm/rubies/ruby-2.3.1/lib/ruby/2.3.0/irb.rb:623:in `signal_status'
    /home/vagrant/.rvm/rubies/ruby-2.3.1/lib/ruby/2.3.0/irb.rb:486:in `block in eval_input'
    /home/vagrant/.rvm/rubies/ruby-2.3.1/lib/ruby/2.3.0/irb/ruby-lex.rb:246:in `block (2 levels) in each_top_level_statement'
    /home/vagrant/.rvm/rubies/ruby-2.3.1/lib/ruby/2.3.0/irb/ruby-lex.rb:232:in `loop'
    /home/vagrant/.rvm/rubies/ruby-2.3.1/lib/ruby/2.3.0/irb/ruby-lex.rb:232:in `block in each_top_level_statement'
    /home/vagrant/.rvm/rubies/ruby-2.3.1/lib/ruby/2.3.0/irb/ruby-lex.rb:231:in `catch'
    /home/vagrant/.rvm/rubies/ruby-2.3.1/lib/ruby/2.3.0/irb/ruby-lex.rb:231:in `each_top_level_statement'
    /home/vagrant/.rvm/rubies/ruby-2.3.1/lib/ruby/2.3.0/irb.rb:485:in `eval_input'
    /home/vagrant/.rvm/rubies/ruby-2.3.1/lib/ruby/2.3.0/irb.rb:395:in `block in start'
    /home/vagrant/.rvm/rubies/ruby-2.3.1/lib/ruby/2.3.0/irb.rb:394:in `catch'
    /home/vagrant/.rvm/rubies/ruby-2.3.1/lib/ruby/2.3.0/irb.rb:394:in `start'
    /home/vagrant/.rvm/gems/ruby-2.3.1/gems/railties-4.2.7/lib/rails/commands/console.rb:110:in `start'
    /home/vagrant/.rvm/gems/ruby-2.3.1/gems/railties-4.2.7/lib/rails/commands/console.rb:9:in `start'
    /home/vagrant/.rvm/gems/ruby-2.3.1/gems/railties-4.2.7/lib/rails/commands/commands_tasks.rb:68:in `console'
    /home/vagrant/.rvm/gems/ruby-2.3.1/gems/railties-4.2.7/lib/rails/commands/commands_tasks.rb:39:in `run_command!'
    /home/vagrant/.rvm/gems/ruby-2.3.1/gems/railties-4.2.7/lib/rails/commands.rb:17:in `<top (required)>'
    /home/vagrant/.rvm/gems/ruby-2.3.1/gems/activesupport-4.2.7/lib/active_support/dependencies.rb:274:in `require'
    /home/vagrant/.rvm/gems/ruby-2.3.1/gems/activesupport-4.2.7/lib/active_support/dependencies.rb:274:in `block in require'
    /home/vagrant/.rvm/gems/ruby-2.3.1/gems/activesupport-4.2.7/lib/active_support/dependencies.rb:240:in `load_dependency'
    /home/vagrant/.rvm/gems/ruby-2.3.1/gems/activesupport-4.2.7/lib/active_support/dependencies.rb:274:in `require'
    /vagrant/ruby_hw/ruby_hw_wk7/rails_models/bpm2/bpm2/bin/rails:9:in `<top (required)>'
    /home/vagrant/.rvm/gems/ruby-2.3.1/gems/activesupport-4.2.7/lib/active_support/dependencies.rb:268:in `load'
    /home/vagrant/.rvm/gems/ruby-2.3.1/gems/activesupport-4.2.7/lib/active_support/dependencies.rb:268:in `block in load'
    /home/vagrant/.rvm/gems/ruby-2.3.1/gems/activesupport-4.2.7/lib/active_support/dependencies.rb:240:in `load_dependency'
    /home/vagrant/.rvm/gems/ruby-2.3.1/gems/activesupport-4.2.7/lib/active_support/dependencies.rb:268:in `load'
    /home/vagrant/.rvm/rubies/ruby-2.3.1/lib/ruby/site_ruby/2.3.0/rubygems/core_ext/kernel_require.rb:54:in `require'
    /home/vagrant/.rvm/rubies/ruby-2.3.1/lib/ruby/site_ruby/2.3.0/rubygems/core_ext/kernel_require.rb:54:in `require'
    -e:1:in `<main>'
2.3.1 :066 > Blog.first.owners
  Blog Load (3.4ms)  SELECT  "blogs".* FROM "blogs"  ORDER BY "blogs"."id" ASC LIMIT 1
NoMethodError: undefined method `owners' for #<Blog:0x000000042f5ab8>
        from /home/vagrant/.rvm/gems/ruby-2.3.1/gems/activemodel-4.2.7/lib/active_model/attribute_methods.rb:433:in `method_missing'
        from (irb):66
        from /home/vagrant/.rvm/gems/ruby-2.3.1/gems/railties-4.2.7/lib/rails/commands/console.rb:110:in `start'
        from /home/vagrant/.rvm/gems/ruby-2.3.1/gems/railties-4.2.7/lib/rails/commands/console.rb:9:in `start'
        from /home/vagrant/.rvm/gems/ruby-2.3.1/gems/railties-4.2.7/lib/rails/commands/commands_tasks.rb:68:in `console'
        from /home/vagrant/.rvm/gems/ruby-2.3.1/gems/railties-4.2.7/lib/rails/commands/commands_tasks.rb:39:in `run_command!'
        from /home/vagrant/.rvm/gems/ruby-2.3.1/gems/railties-4.2.7/lib/rails/commands.rb:17:in `<top (required)>'
        from /home/vagrant/.rvm/gems/ruby-2.3.1/gems/activesupport-4.2.7/lib/active_support/dependencies.rb:274:in `require'
        from /home/vagrant/.rvm/gems/ruby-2.3.1/gems/activesupport-4.2.7/lib/active_support/dependencies.rb:274:in `block in require'
        from /home/vagrant/.rvm/gems/ruby-2.3.1/gems/activesupport-4.2.7/lib/active_support/dependencies.rb:240:in `load_dependency'
        from /home/vagrant/.rvm/gems/ruby-2.3.1/gems/activesupport-4.2.7/lib/active_support/dependencies.rb:274:in `require'
        from /vagrant/ruby_hw/ruby_hw_wk7/rails_models/bpm2/bpm2/bin/rails:9:in `<top (required)>'
        from /home/vagrant/.rvm/gems/ruby-2.3.1/gems/activesupport-4.2.7/lib/active_support/dependencies.rb:268:in `load'
        from /home/vagrant/.rvm/gems/ruby-2.3.1/gems/activesupport-4.2.7/lib/active_support/dependencies.rb:268:in `block in load'
        from /home/vagrant/.rvm/gems/ruby-2.3.1/gems/activesupport-4.2.7/lib/active_support/dependencies.rb:240:in `load_dependency'
        from /home/vagrant/.rvm/gems/ruby-2.3.1/gems/activesupport-4.2.7/lib/active_support/dependencies.rb:268:in `load'
        from /home/vagrant/.rvm/gems/ruby-2.3.1/gems/spring-2.0.2/lib/spring/commands/rails.rb:6:in `call'
        from /home/vagrant/.rvm/gems/ruby-2.3.1/gems/spring-2.0.2/lib/spring/command_wrapper.rb:38:in `call'
        from /home/vagrant/.rvm/gems/ruby-2.3.1/gems/spring-2.0.2/lib/spring/application.rb:201:in `block in serve'
        from /home/vagrant/.rvm/gems/ruby-2.3.1/gems/spring-2.0.2/lib/spring/application.rb:171:in `fork'
        from /home/vagrant/.rvm/gems/ruby-2.3.1/gems/spring-2.0.2/lib/spring/application.rb:171:in `serve'
        from /home/vagrant/.rvm/gems/ruby-2.3.1/gems/spring-2.0.2/lib/spring/application.rb:141:in `block in run'
        from /home/vagrant/.rvm/gems/ruby-2.3.1/gems/spring-2.0.2/lib/spring/application.rb:135:in `loop'
        from /home/vagrant/.rvm/gems/ruby-2.3.1/gems/spring-2.0.2/lib/spring/application.rb:135:in `run'
        from /home/vagrant/.rvm/gems/ruby-2.3.1/gems/spring-2.0.2/lib/spring/application/boot.rb:19:in `<top (required)>'
        from /home/vagrant/.rvm/rubies/ruby-2.3.1/lib/ruby/site_ruby/2.3.0/rubygems/core_ext/kernel_require.rb:54:in `require'
        from /home/vagrant/.rvm/rubies/ruby-2.3.1/lib/ruby/site_ruby/2.3.0/rubygems/core_ext/kernel_require.rb:54:in `require'
        from -e:1:in `<main>'
2.3.1 :067 > Blog.find(5).posts
  Blog Load (3.3ms)  SELECT  "blogs".* FROM "blogs" WHERE "blogs"."id" = ? LIMIT 1  [["id", 5]]
  Post Load (3.1ms)  SELECT "posts".* FROM "posts" WHERE "posts"."blog_id" = ?  [["blog_id", 5]]
+----+---------+---------+-------------------+------------------+-------------------+-------------------+
| id | blog_id | user_id | title             | content          | created_at        | updated_at        |
+----+---------+---------+-------------------+------------------+-------------------+-------------------+
| 5  | 5       | 2       | O hi mark         | O hi world       | 2021-08-14 01:... | 2021-08-14 01:... |
| 6  | 5       | 2       | O spy clark       | O rye plark      | 2021-08-14 01:... | 2021-08-14 01:... |
| 7  | 5       | 2       | Yo my park        | Row by dark      | 2021-08-14 01:... | 2021-08-14 01:... |
| 8  | 5       | 2       | Throw sidearm     | Boregard         | 2021-08-14 01:... | 2021-08-14 01:... |
| 9  | 5       | 2       | Blow me down      | Show me around   | 2021-08-14 01:... | 2021-08-14 01:... |
| 12 | 5       | 3       | Yucky Sucky Ar... | What's ur fav... | 2021-08-14 01:... | 2021-08-14 01:... |
+----+---------+---------+-------------------+------------------+-------------------+-------------------+
6 rows in set
2.3.1 :068 > Blog.find(5).messsages
  Blog Load (3.2ms)  SELECT  "blogs".* FROM "blogs" WHERE "blogs"."id" = ? LIMIT 1  [["id", 5]]
NoMethodError: undefined method `messsages' for #<Blog:0x0000000423fda8>
        from /home/vagrant/.rvm/gems/ruby-2.3.1/gems/activemodel-4.2.7/lib/active_model/attribute_methods.rb:433:in `method_missing'
        from (irb):68
        from /home/vagrant/.rvm/gems/ruby-2.3.1/gems/railties-4.2.7/lib/rails/commands/console.rb:110:in `start'
        from /home/vagrant/.rvm/gems/ruby-2.3.1/gems/railties-4.2.7/lib/rails/commands/console.rb:9:in `start'
        from /home/vagrant/.rvm/gems/ruby-2.3.1/gems/railties-4.2.7/lib/rails/commands/commands_tasks.rb:68:in `console'
        from /home/vagrant/.rvm/gems/ruby-2.3.1/gems/railties-4.2.7/lib/rails/commands/commands_tasks.rb:39:in `run_command!'
        from /home/vagrant/.rvm/gems/ruby-2.3.1/gems/railties-4.2.7/lib/rails/commands.rb:17:in `<top (required)>'
        from /home/vagrant/.rvm/gems/ruby-2.3.1/gems/activesupport-4.2.7/lib/active_support/dependencies.rb:274:in `require'
        from /home/vagrant/.rvm/gems/ruby-2.3.1/gems/activesupport-4.2.7/lib/active_support/dependencies.rb:274:in `block in require'
        from /home/vagrant/.rvm/gems/ruby-2.3.1/gems/activesupport-4.2.7/lib/active_support/dependencies.rb:240:in `load_dependency'
        from /home/vagrant/.rvm/gems/ruby-2.3.1/gems/activesupport-4.2.7/lib/active_support/dependencies.rb:274:in `require'
        from /vagrant/ruby_hw/ruby_hw_wk7/rails_models/bpm2/bpm2/bin/rails:9:in `<top (required)>'
        from /home/vagrant/.rvm/gems/ruby-2.3.1/gems/activesupport-4.2.7/lib/active_support/dependencies.rb:268:in `load'
        from /home/vagrant/.rvm/gems/ruby-2.3.1/gems/activesupport-4.2.7/lib/active_support/dependencies.rb:268:in `block in load'
        from /home/vagrant/.rvm/gems/ruby-2.3.1/gems/activesupport-4.2.7/lib/active_support/dependencies.rb:240:in `load_dependency'
        from /home/vagrant/.rvm/gems/ruby-2.3.1/gems/activesupport-4.2.7/lib/active_support/dependencies.rb:268:in `load'
        from /home/vagrant/.rvm/gems/ruby-2.3.1/gems/spring-2.0.2/lib/spring/commands/rails.rb:6:in `call'
        from /home/vagrant/.rvm/gems/ruby-2.3.1/gems/spring-2.0.2/lib/spring/command_wrapper.rb:38:in `call'
        from /home/vagrant/.rvm/gems/ruby-2.3.1/gems/spring-2.0.2/lib/spring/application.rb:201:in `block in serve'
        from /home/vagrant/.rvm/gems/ruby-2.3.1/gems/spring-2.0.2/lib/spring/application.rb:171:in `fork'
        from /home/vagrant/.rvm/gems/ruby-2.3.1/gems/spring-2.0.2/lib/spring/application.rb:171:in `serve'
        from /home/vagrant/.rvm/gems/ruby-2.3.1/gems/spring-2.0.2/lib/spring/application.rb:141:in `block in run'
        from /home/vagrant/.rvm/gems/ruby-2.3.1/gems/spring-2.0.2/lib/spring/application.rb:135:in `loop'
        from /home/vagrant/.rvm/gems/ruby-2.3.1/gems/spring-2.0.2/lib/spring/application.rb:135:in `run'
        from /home/vagrant/.rvm/gems/ruby-2.3.1/gems/spring-2.0.2/lib/spring/application/boot.rb:19:in `<top (required)>'
        from /home/vagrant/.rvm/rubies/ruby-2.3.1/lib/ruby/site_ruby/2.3.0/rubygems/core_ext/kernel_require.rb:54:in `require'
        from /home/vagrant/.rvm/rubies/ruby-2.3.1/lib/ruby/site_ruby/2.3.0/rubygems/core_ext/kernel_require.rb:54:in `require'
        from -e:1:in `<main>'
2.3.1 :069 > Message.find_by(5)  Message Load (4.2ms)  SELECT  "messages".* FROM "messages" WHERE (5) LIMIT 1
+----+---------+---------+--------+----------------------+----------------------+-----------------------+
| id | user_id | post_id | author | message              | created_at           | updated_at            |
+----+---------+---------+--------+----------------------+----------------------+-----------------------+
| 1  | 3       | 2       | Harry  | Hey bros, hope ya... | 2021-08-14 02:02:... | 2021-08-14 02:02:2... |
+----+---------+---------+--------+----------------------+----------------------+-----------------------+
1 row in set
2.3.1 :070 > Message.find_by(post:Post.find_by(5))
  Post Load (4.1ms)  SELECT  "posts".* FROM "posts" WHERE (5) LIMIT 1
  Message Load (3.1ms)  SELECT  "messages".* FROM "messages" WHERE "messages"."post_id" = 2 LIMIT 1
+----+---------+---------+--------+----------------------+----------------------+-----------------------+
| id | user_id | post_id | author | message              | created_at           | updated_at            |
+----+---------+---------+--------+----------------------+----------------------+-----------------------+
| 1  | 3       | 2       | Harry  | Hey bros, hope ya... | 2021-08-14 02:02:... | 2021-08-14 02:02:2... |
+----+---------+---------+--------+----------------------+----------------------+-----------------------+
1 row in set
2.3.1 :071 > Blog.first.owner
  Blog Load (3.5ms)  SELECT  "blogs".* FROM "blogs"  ORDER BY "blogs"."id" ASC LIMIT 1
NoMethodError: undefined method `owner' for #<Blog:0x00000004179f68>
        from /home/vagrant/.rvm/gems/ruby-2.3.1/gems/activemodel-4.2.7/lib/active_model/attribute_methods.rb:433:in `method_missing'
        from (irb):71
        from /home/vagrant/.rvm/gems/ruby-2.3.1/gems/railties-4.2.7/lib/rails/commands/console.rb:110:in `start'
        from /home/vagrant/.rvm/gems/ruby-2.3.1/gems/railties-4.2.7/lib/rails/commands/console.rb:9:in `start'
        from /home/vagrant/.rvm/gems/ruby-2.3.1/gems/railties-4.2.7/lib/rails/commands/commands_tasks.rb:68:in `console'
        from /home/vagrant/.rvm/gems/ruby-2.3.1/gems/railties-4.2.7/lib/rails/commands/commands_tasks.rb:39:in `run_command!'
        from /home/vagrant/.rvm/gems/ruby-2.3.1/gems/railties-4.2.7/lib/rails/commands.rb:17:in `<top (required)>'
        from /home/vagrant/.rvm/gems/ruby-2.3.1/gems/activesupport-4.2.7/lib/active_support/dependencies.rb:274:in `require'
        from /home/vagrant/.rvm/gems/ruby-2.3.1/gems/activesupport-4.2.7/lib/active_support/dependencies.rb:274:in `block in require'
        from /home/vagrant/.rvm/gems/ruby-2.3.1/gems/activesupport-4.2.7/lib/active_support/dependencies.rb:240:in `load_dependency'
        from /home/vagrant/.rvm/gems/ruby-2.3.1/gems/activesupport-4.2.7/lib/active_support/dependencies.rb:274:in `require'
        from /vagrant/ruby_hw/ruby_hw_wk7/rails_models/bpm2/bpm2/bin/rails:9:in `<top (required)>'
        from /home/vagrant/.rvm/gems/ruby-2.3.1/gems/activesupport-4.2.7/lib/active_support/dependencies.rb:268:in `load'
        from /home/vagrant/.rvm/gems/ruby-2.3.1/gems/activesupport-4.2.7/lib/active_support/dependencies.rb:268:in `block in load'
        from /home/vagrant/.rvm/gems/ruby-2.3.1/gems/activesupport-4.2.7/lib/active_support/dependencies.rb:240:in `load_dependency'
        from /home/vagrant/.rvm/gems/ruby-2.3.1/gems/activesupport-4.2.7/lib/active_support/dependencies.rb:268:in `load'
        from /home/vagrant/.rvm/gems/ruby-2.3.1/gems/spring-2.0.2/lib/spring/commands/rails.rb:6:in `call'
        from /home/vagrant/.rvm/gems/ruby-2.3.1/gems/spring-2.0.2/lib/spring/command_wrapper.rb:38:in `call'
        from /home/vagrant/.rvm/gems/ruby-2.3.1/gems/spring-2.0.2/lib/spring/application.rb:201:in `block in serve'
        from /home/vagrant/.rvm/gems/ruby-2.3.1/gems/spring-2.0.2/lib/spring/application.rb:171:in `fork'
        from /home/vagrant/.rvm/gems/ruby-2.3.1/gems/spring-2.0.2/lib/spring/application.rb:171:in `serve'
        from /home/vagrant/.rvm/gems/ruby-2.3.1/gems/spring-2.0.2/lib/spring/application.rb:141:in `block in run'
        from /home/vagrant/.rvm/gems/ruby-2.3.1/gems/spring-2.0.2/lib/spring/application.rb:135:in `loop'
        from /home/vagrant/.rvm/gems/ruby-2.3.1/gems/spring-2.0.2/lib/spring/application.rb:135:in `run'
        from /home/vagrant/.rvm/gems/ruby-2.3.1/gems/spring-2.0.2/lib/spring/application/boot.rb:19:in `<top (required)>'
        from /home/vagrant/.rvm/rubies/ruby-2.3.1/lib/ruby/site_ruby/2.3.0/rubygems/core_ext/kernel_require.rb:54:in `require'
        from /home/vagrant/.rvm/rubies/ruby-2.3.1/lib/ruby/site_ruby/2.3.0/rubygems/core_ext/kernel_require.rb:54:in `require'
        from -e:1:in `<main>'
2.3.1 :072 > Blog.first.owners
  Blog Load (3.4ms)  SELECT  "blogs".* FROM "blogs"  ORDER BY "blogs"."id" ASC LIMIT 1
NoMethodError: undefined method `owners' for #<Blog:0x00000004101180>
        from /home/vagrant/.rvm/gems/ruby-2.3.1/gems/activemodel-4.2.7/lib/active_model/attribute_methods.rb:433:in `method_missing'
        from (irb):72
        from /home/vagrant/.rvm/gems/ruby-2.3.1/gems/railties-4.2.7/lib/rails/commands/console.rb:110:in `start'
        from /home/vagrant/.rvm/gems/ruby-2.3.1/gems/railties-4.2.7/lib/rails/commands/console.rb:9:in `start'
        from /home/vagrant/.rvm/gems/ruby-2.3.1/gems/railties-4.2.7/lib/rails/commands/commands_tasks.rb:68:in `console'
        from /home/vagrant/.rvm/gems/ruby-2.3.1/gems/railties-4.2.7/lib/rails/commands/commands_tasks.rb:39:in `run_command!'
        from /home/vagrant/.rvm/gems/ruby-2.3.1/gems/railties-4.2.7/lib/rails/commands.rb:17:in `<top (required)>'
        from /home/vagrant/.rvm/gems/ruby-2.3.1/gems/activesupport-4.2.7/lib/active_support/dependencies.rb:274:in `require'
        from /home/vagrant/.rvm/gems/ruby-2.3.1/gems/activesupport-4.2.7/lib/active_support/dependencies.rb:274:in `block in require'
        from /home/vagrant/.rvm/gems/ruby-2.3.1/gems/activesupport-4.2.7/lib/active_support/dependencies.rb:240:in `load_dependency'
        from /home/vagrant/.rvm/gems/ruby-2.3.1/gems/activesupport-4.2.7/lib/active_support/dependencies.rb:274:in `require'
        from /vagrant/ruby_hw/ruby_hw_wk7/rails_models/bpm2/bpm2/bin/rails:9:in `<top (required)>'
        from /home/vagrant/.rvm/gems/ruby-2.3.1/gems/activesupport-4.2.7/lib/active_support/dependencies.rb:268:in `load'
        from /home/vagrant/.rvm/gems/ruby-2.3.1/gems/activesupport-4.2.7/lib/active_support/dependencies.rb:268:in `block in load'
        from /home/vagrant/.rvm/gems/ruby-2.3.1/gems/activesupport-4.2.7/lib/active_support/dependencies.rb:240:in `load_dependency'
        from /home/vagrant/.rvm/gems/ruby-2.3.1/gems/activesupport-4.2.7/lib/active_support/dependencies.rb:268:in `load'
        from /home/vagrant/.rvm/gems/ruby-2.3.1/gems/spring-2.0.2/lib/spring/commands/rails.rb:6:in `call'
        from /home/vagrant/.rvm/gems/ruby-2.3.1/gems/spring-2.0.2/lib/spring/command_wrapper.rb:38:in `call'
        from /home/vagrant/.rvm/gems/ruby-2.3.1/gems/spring-2.0.2/lib/spring/application.rb:201:in `block in serve'
        from /home/vagrant/.rvm/gems/ruby-2.3.1/gems/spring-2.0.2/lib/spring/application.rb:171:in `fork'
        from /home/vagrant/.rvm/gems/ruby-2.3.1/gems/spring-2.0.2/lib/spring/application.rb:171:in `serve'
        from /home/vagrant/.rvm/gems/ruby-2.3.1/gems/spring-2.0.2/lib/spring/application.rb:141:in `block in run'
        from /home/vagrant/.rvm/gems/ruby-2.3.1/gems/spring-2.0.2/lib/spring/application.rb:135:in `loop'
        from /home/vagrant/.rvm/gems/ruby-2.3.1/gems/spring-2.0.2/lib/spring/application.rb:135:in `run'
        from /home/vagrant/.rvm/gems/ruby-2.3.1/gems/spring-2.0.2/lib/spring/application/boot.rb:19:in `<top (required)>'
        from /home/vagrant/.rvm/rubies/ruby-2.3.1/lib/ruby/site_ruby/2.3.0/rubygems/core_ext/kernel_require.rb:54:in `require'
        from /home/vagrant/.rvm/rubies/ruby-2.3.1/lib/ruby/site_ruby/2.3.0/rubygems/core_ext/kernel_require.rb:54:in `require'
        from -e:1:in `<main>'
2.3.1 :073 > Blog.first
  Blog Load (3.9ms)  SELECT  "blogs".* FROM "blogs"  ORDER BY "blogs"."id" ASC LIMIT 1
+----+-------------+-------------------------------+-------------------------+-------------------------+
| id | name        | description                   | created_at              | updated_at              |
+----+-------------+-------------------------------+-------------------------+-------------------------+
| 1  | Wizard Blog | The wild wizarding blog stuff | 2021-08-13 23:27:22 UTC | 2021-08-13 23:27:22 UTC |
+----+-------------+-------------------------------+-------------------------+-------------------------+
1 row in set
2.3.1 :074 > Owner.all
  Owner Load (3.7ms)  SELECT "owners".* FROM "owners"
+----+---------+---------+-------------------------+-------------------------+
| id | user_id | blog_id | created_at              | updated_at              |
+----+---------+---------+-------------------------+-------------------------+
| 1  | 3       | 1       | 2021-08-13 23:37:51 UTC | 2021-08-13 23:37:51 UTC |
| 2  | 3       | 2       | 2021-08-13 23:38:03 UTC | 2021-08-13 23:38:03 UTC |
| 3  | 3       | 3       | 2021-08-13 23:38:08 UTC | 2021-08-13 23:38:08 UTC |
| 4  | 3       | 4       | 2021-08-13 23:38:45 UTC | 2021-08-13 23:38:45 UTC |
| 5  | 3       | 5       | 2021-08-13 23:39:08 UTC | 2021-08-13 23:39:08 UTC |
+----+---------+---------+-------------------------+-------------------------+
5 rows in set
2.3.1 :075 > Blog.all
  Blog Load (3.4ms)  SELECT "blogs".* FROM "blogs"
+----+--------------+-------------------------------+-------------------------+-------------------------+
| id | name         | description                   | created_at              | updated_at              |
+----+--------------+-------------------------------+-------------------------+-------------------------+
| 1  | Wizard Blog  | The wild wizarding blog stuff | 2021-08-13 23:27:22 UTC | 2021-08-13 23:27:22 UTC |
| 2  | Radical Blog | Radical stuff                 | 2021-08-13 23:27:57 UTC | 2021-08-13 23:27:57 UTC |
| 3  | Funny Blog   | Hilarious stuff lol           | 2021-08-13 23:28:17 UTC | 2021-08-13 23:28:17 UTC |
| 4  | Yeet         | Yeetish content for the ma... | 2021-08-13 23:28:41 UTC | 2021-08-13 23:28:41 UTC |
| 5  | Yoink        | Yoinkish content for all m... | 2021-08-13 23:29:07 UTC | 2021-08-13 23:29:07 UTC |
+----+--------------+-------------------------------+-------------------------+-------------------------+
5 rows in set
2.3.1 :076 > o = Owner.find_by(blog:Blog.second)
  Blog Load (3.0ms)  SELECT  "blogs".* FROM "blogs"  ORDER BY "blogs"."id" ASC LIMIT 1 OFFSET 1
  Owner Load (2.3ms)  SELECT  "owners".* FROM "owners" WHERE "owners"."blog_id" = 2 LIMIT 1
+----+---------+---------+-------------------------+-------------------------+
| id | user_id | blog_id | created_at              | updated_at              |
+----+---------+---------+-------------------------+-------------------------+
| 2  | 3       | 2       | 2021-08-13 23:38:03 UTC | 2021-08-13 23:38:03 UTC |
+----+---------+---------+-------------------------+-------------------------+
1 row in set
2.3.1 :077 > o = Owner.find_by(blog:Blog.first)
  Blog Load (4.0ms)  SELECT  "blogs".* FROM "blogs"  ORDER BY "blogs"."id" ASC LIMIT 1
  Owner Load (2.5ms)  SELECT  "owners".* FROM "owners" WHERE "owners"."blog_id" = 1 LIMIT 1
+----+---------+---------+-------------------------+-------------------------+
| id | user_id | blog_id | created_at              | updated_at              |
+----+---------+---------+-------------------------+-------------------------+
| 1  | 3       | 1       | 2021-08-13 23:37:51 UTC | 2021-08-13 23:37:51 UTC |
+----+---------+---------+-------------------------+-------------------------+
1 row in set
2.3.1 :078 > o.update(user:User.second)
  User Load (3.4ms)  SELECT  "users".* FROM "users"  ORDER BY "users"."id" ASC LIMIT 1 OFFSET 1
   (0.0ms)  begin transaction
  SQL (7.7ms)  UPDATE "owners" SET "user_id" = ?, "updated_at" = ? WHERE "owners"."id" = ?  [["user_id", 2], ["updated_at", "2021-08-14 02:33:58.772540"], ["id", 1]]
   (3.6ms)  commit transaction
 => true 
2.3.1 :079 > o = Owner.find_by(blog:Blog.first)
  Blog Load (4.2ms)  SELECT  "blogs".* FROM "blogs"  ORDER BY "blogs"."id" ASC LIMIT 1
  Owner Load (3.6ms)  SELECT  "owners".* FROM "owners" WHERE "owners"."blog_id" = 1 LIMIT 1
+----+---------+---------+-------------------------+-------------------------+
| id | user_id | blog_id | created_at              | updated_at              |
+----+---------+---------+-------------------------+-------------------------+
| 1  | 2       | 1       | 2021-08-13 23:37:51 UTC | 2021-08-14 02:33:58 UTC |
+----+---------+---------+-------------------------+-------------------------+
1 row in set
2.3.1 :080 > 




2.3.1 :080 > b = Blog.fifth
  Blog Load (3.6ms)  SELECT  "blogs".* FROM "blogs"  ORDER BY "blogs"."id" ASC LIMIT 1 OFFSET 4
+----+-------+----------------------------------+-------------------------+-------------------------+
| id | name  | description                      | created_at              | updated_at              |
+----+-------+----------------------------------+-------------------------+-------------------------+
| 5  | Yoink | Yoinkish content for all mankind | 2021-08-13 23:29:07 UTC | 2021-08-13 23:29:07 UTC |
+----+-------+----------------------------------+-------------------------+-------------------------+
1 row in set
2.3.1 :081 > p = Post.fifth
  Post Load (3.6ms)  SELECT  "posts".* FROM "posts"  ORDER BY "posts"."id" ASC LIMIT 1 OFFSET 4
+----+---------+---------+-------------+-------------+------------------------+-------------------------+
| id | blog_id | user_id | title       | content     | created_at             | updated_at              |
+----+---------+---------+-------------+-------------+------------------------+-------------------------+
| 6  | 5       | 2       | O spy clark | O rye plark | 2021-08-14 01:51:30... | 2021-08-14 01:51:30 UTC |
+----+---------+---------+-------------+-------------+------------------------+-------------------------+
1 row in set
2.3.1 :082 > Massage.all
NameError: uninitialized constant Massage
        from (irb):82
        from /home/vagrant/.rvm/gems/ruby-2.3.1/gems/railties-4.2.7/lib/rails/commands/console.rb:110:in `start'
        from /home/vagrant/.rvm/gems/ruby-2.3.1/gems/railties-4.2.7/lib/rails/commands/console.rb:9:in `start'
        from /home/vagrant/.rvm/gems/ruby-2.3.1/gems/railties-4.2.7/lib/rails/commands/commands_tasks.rb:68:in `console'
        from /home/vagrant/.rvm/gems/ruby-2.3.1/gems/railties-4.2.7/lib/rails/commands/commands_tasks.rb:39:in `run_command!'
        from /home/vagrant/.rvm/gems/ruby-2.3.1/gems/railties-4.2.7/lib/rails/commands.rb:17:in `<top (required)>'
        from /vagrant/ruby_hw/ruby_hw_wk7/rails_models/bpm2/bpm2/bin/rails:9:in `<top (required)>'
        from /home/vagrant/.rvm/rubies/ruby-2.3.1/lib/ruby/site_ruby/2.3.0/rubygems/core_ext/kernel_require.rb:54:in `require'
        from /home/vagrant/.rvm/rubies/ruby-2.3.1/lib/ruby/site_ruby/2.3.0/rubygems/core_ext/kernel_require.rb:54:in `require'
        from -e:1:in `<main>'
2.3.1 :083 > Message.all
  Message Load (3.6ms)  SELECT "messages".* FROM "messages"
+----+---------+---------+--------+----------------------+----------------------+-----------------------+
| id | user_id | post_id | author | message              | created_at           | updated_at            |
+----+---------+---------+--------+----------------------+----------------------+-----------------------+
| 1  | 3       | 2       | Harry  | Hey bros, hope ya... | 2021-08-14 02:02:... | 2021-08-14 02:02:2... |
| 2  | 3       | 2       | Harry  | Don't worry about... | 2021-08-14 02:03:... | 2021-08-14 02:03:0... |
| 3  | 3       | 3       | Harry  | YOOOWZA              | 2021-08-14 02:03:... | 2021-08-14 02:03:5... |
| 4  | 3       | 3       | Harry  | Yeet                 | 2021-08-14 02:04:... | 2021-08-14 02:04:0... |
| 5  | 3       | 3       | Harry  | Yoink brov           | 2021-08-14 02:04:... | 2021-08-14 02:04:1... |
| 6  | 4       | 12      | Ginny  | Hello there          | 2021-08-14 02:06:... | 2021-08-14 02:06:3... |
| 7  | 4       | 12      | Ginny  | Pardon but           | 2021-08-14 02:06:... | 2021-08-14 02:06:4... |
| 8  | 4       | 12      | Ginny  | I don't have much... | 2021-08-14 02:06:... | 2021-08-14 02:06:5... |
+----+---------+---------+--------+----------------------+----------------------+-----------------------+
8 rows in set
2.3.1 :084 > m = Message.find_by(post:Post.find_by(5)
2.3.1 :085?>   )
  Post Load (3.3ms)  SELECT  "posts".* FROM "posts" WHERE (5) LIMIT 1
  Message Load (3.0ms)  SELECT  "messages".* FROM "messages" WHERE "messages"."post_id" = 2 LIMIT 1
+----+---------+---------+--------+----------------------+----------------------+-----------------------+
| id | user_id | post_id | author | message              | created_at           | updated_at            |
+----+---------+---------+--------+----------------------+----------------------+-----------------------+
| 1  | 3       | 2       | Harry  | Hey bros, hope ya... | 2021-08-14 02:02:... | 2021-08-14 02:02:2... |
+----+---------+---------+--------+----------------------+----------------------+-----------------------+
1 row in set
2.3.1 :086 > m = Message.find_by(post:Post.find_by(5))
  Post Load (3.6ms)  SELECT  "posts".* FROM "posts" WHERE (5) LIMIT 1
  Message Load (3.1ms)  SELECT  "messages".* FROM "messages" WHERE "messages"."post_id" = 2 LIMIT 1
+----+---------+---------+--------+----------------------+----------------------+-----------------------+
| id | user_id | post_id | author | message              | created_at           | updated_at            |
+----+---------+---------+--------+----------------------+----------------------+-----------------------+
| 1  | 3       | 2       | Harry  | Hey bros, hope ya... | 2021-08-14 02:02:... | 2021-08-14 02:02:2... |
+----+---------+---------+--------+----------------------+----------------------+-----------------------+
1 row in set
2.3.1 :087 > exit

-------------------------------------------------------------------------
210823
-------------------------------------------------------------------------
2.3.1 :001 > Hirb.enable
 => true 
2.3.1 :002 > ^C
2.3.1 :002 > exit
vagrant@vagrant-ubuntu-trusty-64:/vagrant/ruby_hw/ruby_hw_wk7/rails_models/polymorphism/poly$ rails g model Comment content:text imageable:references{polymorphic}
Running via Spring preloader in process 3430
      invoke  active_record
      create    db/migrate/20210823202908_create_comments.rb
      create    app/models/comment.rb
      invoke    test_unit
      create      test/models/comment_test.rb
      create      test/fixtures/comments.yml
vagrant@vagrant-ubuntu-trusty-64:/vagrant/ruby_hw/ruby_hw_wk7/rails_models/polymorphism/poly$ rake db:migrate
== 20210823202908 CreateComments: migrating ===================================
-- create_table(:comments)
   -> 0.0074s
== 20210823202908 CreateComments: migrated (0.0077s) ==========================

vagrant@vagrant-ubuntu-trusty-64:/vagrant/ruby_hw/ruby_hw_wk7/rails_models/polymorphism/poly$ rails c
Running via Spring preloader in process 3456
Loading development environment (Rails 4.2.7)
2.3.1 :001 > Hirb.enable
 => true 
2.3.1 :002 > Comment.all
  Comment Load (11.9ms)  SELECT "comments".* FROM "comments"
 => #<ActiveRecord::Relation []> 
2.3.1 :003 > Blog.all
  Blog Load (3.2ms)  SELECT "blogs".* FROM "blogs"
+----+--------------+------------------------+------------------------+-------------------------+
| id | name         | description            | created_at             | updated_at              |
+----+--------------+------------------------+------------------------+-------------------------+
| 1  | Wizard Blog  | The wild wizarding ... | 2021-08-13 23:27:22... | 2021-08-13 23:27:22 UTC |
| 2  | Radical Blog | Radical stuff          | 2021-08-13 23:27:57... | 2021-08-13 23:27:57 UTC |
| 3  | Funny Blog   | Hilarious stuff lol    | 2021-08-13 23:28:17... | 2021-08-13 23:28:17 UTC |
| 4  | Yeet         | Yeetish content for... | 2021-08-13 23:28:41... | 2021-08-13 23:28:41 UTC |
| 5  | Yoink        | Yoinkish content fo... | 2021-08-13 23:29:07... | 2021-08-13 23:29:07 UTC |
+----+--------------+------------------------+------------------------+-------------------------+
5 rows in set
2.3.1 :004 > Message.all
  Message Load (3.6ms)  SELECT "messages".* FROM "messages"
+----+---------+---------+--------+--------------------+-------------------+--------------------+
| id | user_id | post_id | author | message            | created_at        | updated_at         |
+----+---------+---------+--------+--------------------+-------------------+--------------------+
| 1  | 3       | 2       | Harry  | Hey bros, hope ... | 2021-08-14 02:... | 2021-08-14 02:0... |
| 2  | 3       | 2       | Harry  | Don't worry abo... | 2021-08-14 02:... | 2021-08-14 02:0... |
| 3  | 3       | 3       | Harry  | YOOOWZA            | 2021-08-14 02:... | 2021-08-14 02:0... |
| 4  | 3       | 3       | Harry  | Yeet               | 2021-08-14 02:... | 2021-08-14 02:0... |
| 5  | 3       | 3       | Harry  | Yoink brov         | 2021-08-14 02:... | 2021-08-14 02:0... |
| 6  | 4       | 12      | Ginny  | Hello there        | 2021-08-14 02:... | 2021-08-14 02:0... |
| 7  | 4       | 12      | Ginny  | Pardon but         | 2021-08-14 02:... | 2021-08-14 02:0... |
| 8  | 4       | 12      | Ginny  | I don't have mu... | 2021-08-14 02:... | 2021-08-14 02:0... |
+----+---------+---------+--------+--------------------+-------------------+--------------------+
8 rows in set
2.3.1 :005 > Owner.all
  Owner Load (1.8ms)  SELECT "owners".* FROM "owners"
+----+---------+---------+-------------------------+-------------------------+
| id | user_id | blog_id | created_at              | updated_at              |
+----+---------+---------+-------------------------+-------------------------+
| 1  | 2       | 1       | 2021-08-13 23:37:51 UTC | 2021-08-14 02:33:58 UTC |
| 2  | 3       | 2       | 2021-08-13 23:38:03 UTC | 2021-08-13 23:38:03 UTC |
| 3  | 3       | 3       | 2021-08-13 23:38:08 UTC | 2021-08-13 23:38:08 UTC |
| 4  | 3       | 4       | 2021-08-13 23:38:45 UTC | 2021-08-13 23:38:45 UTC |
| 5  | 3       | 5       | 2021-08-13 23:39:08 UTC | 2021-08-13 23:39:08 UTC |
+----+---------+---------+-------------------------+-------------------------+
5 rows in set
2.3.1 :006 > Post.all
  Post Load (3.1ms)  SELECT "posts".* FROM "posts"
+----+---------+---------+-----------------+----------------+-----------------+-----------------+
| id | blog_id | user_id | title           | content        | created_at      | updated_at      |
+----+---------+---------+-----------------+----------------+-----------------+-----------------+
| 2  | 2       | 1       | Hallo World     | Yeetopolis     | 2021-08-14 0... | 2021-08-14 0... |
| 3  | 2       | 5       | Hell o' World   | SOMETHING E... | 2021-08-14 0... | 2021-08-14 0... |
| 4  | 2       | 1       | Smell-o-World   | Don't forge... | 2021-08-14 0... | 2021-08-14 0... |
| 5  | 5       | 2       | O hi mark       | O hi world     | 2021-08-14 0... | 2021-08-14 0... |
| 6  | 5       | 2       | O spy clark     | O rye plark    | 2021-08-14 0... | 2021-08-14 0... |
| 7  | 5       | 2       | Yo my park      | Row by dark    | 2021-08-14 0... | 2021-08-14 0... |
| 8  | 5       | 2       | Throw sidearm   | Boregard       | 2021-08-14 0... | 2021-08-14 0... |
| 9  | 5       | 2       | Blow me down    | Show me around | 2021-08-14 0... | 2021-08-14 0... |
| 10 | 1       | 3       | Weird wild S... | 4 sure tho ... | 2021-08-14 0... | 2021-08-14 0... |
| 11 | 3       | 3       | Wacky wonky ... | Extra chz plx  | 2021-08-14 0... | 2021-08-14 0... |
| 12 | 5       | 3       | Yucky Sucky ... | What's ur f... | 2021-08-14 0... | 2021-08-14 0... |
+----+---------+---------+-----------------+----------------+-----------------+-----------------+
11 rows in set
2.3.1 :007 > User.all
  User Load (3.6ms)  SELECT "users".* FROM "users"
+----+------------+------------+----------------+-----------------------+-----------------------+
| id | first_name | last_name  | email          | created_at            | updated_at            |
+----+------------+------------+----------------+-----------------------+-----------------------+
| 1  | Harry      | Potter     | hp@example.com | 2021-08-13 23:17:2... | 2021-08-13 23:17:2... |
| 2  | Hermione   | Granger    | hg@example.com | 2021-08-13 23:20:4... | 2021-08-13 23:20:4... |
| 3  | Ron        | Weasley    | rw@example.com | 2021-08-13 23:21:3... | 2021-08-13 23:21:3... |
| 4  | Ginny      | Weasley    | gw@example.com | 2021-08-13 23:21:5... | 2021-08-13 23:21:5... |
| 5  | Neville    | Longbottom | nl@example.com | 2021-08-13 23:22:1... | 2021-08-13 23:22:1... |
+----+------------+------------+----------------+-----------------------+-----------------------+
5 rows in set
2.3.1 :008 > Comment.all
  Comment Load (3.6ms)  SELECT "comments".* FROM "comments"
 => #<ActiveRecord::Relation []> 
2.3.1 :009 > Comment.new
+----+---------+--------------+----------------+------------+------------+
| id | content | imageable_id | imageable_type | created_at | updated_at |
+----+---------+--------------+----------------+------------+------------+
|    |         |              |                |            |            |
+----+---------+--------------+----------------+------------+------------+
1 row in set
2.3.1 :010 > Comment.create(content:'Hey i just wanna say thx for posting',imageable_id:1,imageable_type:'Post')
   (0.1ms)  begin transaction
  SQL (5.9ms)  INSERT INTO "comments" ("content", "imageable_id", "imageable_type", "created_at", "updated_at") VALUES (?, ?, ?, ?, ?)  [["content", "Hey i just wanna say thx for posting"], ["imageable_id", 1], ["imageable_type", "Post"], ["created_at", "2021-08-23 20:48:29.376846"], ["updated_at", "2021-08-23 20:48:29.376846"]]
   (3.2ms)  commit transaction
+----+------------------+--------------+----------------+-------------------+-------------------+
| id | content          | imageable_id | imageable_type | created_at        | updated_at        |
+----+------------------+--------------+----------------+-------------------+-------------------+
| 1  | Hey i just wa... | 1            | Post           | 2021-08-23 20:... | 2021-08-23 20:... |
+----+------------------+--------------+----------------+-------------------+-------------------+
1 row in set
2.3.1 :011 > Comment.create(content:'Nice blog!',imageable_id:1,imageable_type:'Blog')   (0.1ms)  begin transaction
  SQL (6.7ms)  INSERT INTO "comments" ("content", "imageable_id", "imageable_type", "created_at", "updated_at") VALUES (?, ?, ?, ?, ?)  [["content", "Nice blog!"], ["imageable_id", 1], ["imageable_type", "Blog"], ["created_at", "2021-08-23 20:52:53.692863"], ["updated_at", "2021-08-23 20:52:53.692863"]]
   (3.6ms)  commit transaction
+----+------------+--------------+----------------+----------------------+----------------------+
| id | content    | imageable_id | imageable_type | created_at           | updated_at           |
+----+------------+--------------+----------------+----------------------+----------------------+
| 2  | Nice blog! | 1            | Blog           | 2021-08-23 20:52:... | 2021-08-23 20:52:... |
+----+------------+--------------+----------------+----------------------+----------------------+
1 row in set
2.3.1 :012 > Comment.create(content:'Yeetopia',imageable:User.first)
  User Load (3.5ms)  SELECT  "users".* FROM "users"  ORDER BY "users"."id" ASC LIMIT 1
   (0.1ms)  begin transaction
  SQL (6.3ms)  INSERT INTO "comments" ("content", "imageable_id", "imageable_type", "created_at", "updated_at") VALUES (?, ?, ?, ?, ?)  [["content", "Yeetopia"], ["imageable_id", 1], ["imageable_type", "User"], ["created_at", "2021-08-23 20:54:59.896760"], ["updated_at", "2021-08-23 20:54:59.896760"]]
   (3.5ms)  commit transaction
+----+----------+--------------+----------------+-----------------------+-----------------------+
| id | content  | imageable_id | imageable_type | created_at            | updated_at            |
+----+----------+--------------+----------------+-----------------------+-----------------------+
| 3  | Yeetopia | 1            | User           | 2021-08-23 20:54:5... | 2021-08-23 20:54:5... |
+----+----------+--------------+----------------+-----------------------+-----------------------+
1 row in set
2.3.1 :013 > Comment.all  Comment Load (2.8ms)  SELECT "comments".* FROM "comments"
+----+------------------+--------------+----------------+-------------------+-------------------+
| id | content          | imageable_id | imageable_type | created_at        | updated_at        |
+----+------------------+--------------+----------------+-------------------+-------------------+
| 1  | Hey i just wa... | 1            | Post           | 2021-08-23 20:... | 2021-08-23 20:... |
| 2  | Nice blog!       | 1            | Blog           | 2021-08-23 20:... | 2021-08-23 20:... |
| 3  | Yeetopia         | 1            | User           | 2021-08-23 20:... | 2021-08-23 20:... |
+----+------------------+--------------+----------------+-------------------+-------------------+
3 rows in set
2.3.1 :014 > Comment.create(content:'crazy 2 me that I can comment on a msg ikr',imageable:Message.second)
  Message Load (3.3ms)  SELECT  "messages".* FROM "messages"  ORDER BY "messages"."id" ASC LIMIT 1 OFFSET 1
   (0.1ms)  begin transaction
  SQL (6.9ms)  INSERT INTO "comments" ("content", "imageable_id", "imageable_type", "created_at", "updated_at") VALUES (?, ?, ?, ?, ?)  [["content", "crazy 2 me that I can comment on a msg ikr"], ["imageable_id", 2], ["imageable_type", "Message"], ["created_at", "2021-08-23 20:55:44.390229"], ["updated_at", "2021-08-23 20:55:44.390229"]]
   (3.2ms)  commit transaction
+----+------------------+--------------+----------------+-------------------+-------------------+
| id | content          | imageable_id | imageable_type | created_at        | updated_at        |
+----+------------------+--------------+----------------+-------------------+-------------------+
| 4  | crazy 2 me th... | 2            | Message        | 2021-08-23 20:... | 2021-08-23 20:... |
+----+------------------+--------------+----------------+-------------------+-------------------+
1 row in set
2.3.1 :015 > Comment.all  Comment Load (3.5ms)  SELECT "comments".* FROM "comments"
+----+------------------+--------------+----------------+-------------------+-------------------+
| id | content          | imageable_id | imageable_type | created_at        | updated_at        |
+----+------------------+--------------+----------------+-------------------+-------------------+
| 1  | Hey i just wa... | 1            | Post           | 2021-08-23 20:... | 2021-08-23 20:... |
| 2  | Nice blog!       | 1            | Blog           | 2021-08-23 20:... | 2021-08-23 20:... |
| 3  | Yeetopia         | 1            | User           | 2021-08-23 20:... | 2021-08-23 20:... |
| 4  | crazy 2 me th... | 2            | Message        | 2021-08-23 20:... | 2021-08-23 20:... |
+----+------------------+--------------+----------------+-------------------+-------------------+
4 rows in set
2.3.1 :016 > Comment.create(content:'crazy 4 me that I can comment on a msg ikr',imageable:Message.fourth)
  Message Load (2.4ms)  SELECT  "messages".* FROM "messages"  ORDER BY "messages"."id" ASC LIMIT 1 OFFSET 3
   (0.1ms)  begin transaction
  SQL (7.7ms)  INSERT INTO "comments" ("content", "imageable_id", "imageable_type", "created_at", "updated_at") VALUES (?, ?, ?, ?, ?)  [["content", "crazy 4 me that I can comment on a msg ikr"], ["imageable_id", 4], ["imageable_type", "Message"], ["created_at", "2021-08-23 20:56:13.795550"], ["updated_at", "2021-08-23 20:56:13.795550"]]
   (5.5ms)  commit transaction
+----+------------------+--------------+----------------+-------------------+-------------------+
| id | content          | imageable_id | imageable_type | created_at        | updated_at        |
+----+------------------+--------------+----------------+-------------------+-------------------+
| 5  | crazy 4 me th... | 4            | Message        | 2021-08-23 20:... | 2021-08-23 20:... |
+----+------------------+--------------+----------------+-------------------+-------------------+
1 row in set
2.3.1 :017 > Comment.all  Comment Load (4.2ms)  SELECT "comments".* FROM "comments"
+----+------------------+--------------+----------------+-------------------+-------------------+
| id | content          | imageable_id | imageable_type | created_at        | updated_at        |
+----+------------------+--------------+----------------+-------------------+-------------------+
| 1  | Hey i just wa... | 1            | Post           | 2021-08-23 20:... | 2021-08-23 20:... |
| 2  | Nice blog!       | 1            | Blog           | 2021-08-23 20:... | 2021-08-23 20:... |
| 3  | Yeetopia         | 1            | User           | 2021-08-23 20:... | 2021-08-23 20:... |
| 4  | crazy 2 me th... | 2            | Message        | 2021-08-23 20:... | 2021-08-23 20:... |
| 5  | crazy 4 me th... | 4            | Message        | 2021-08-23 20:... | 2021-08-23 20:... |
+----+------------------+--------------+----------------+-------------------+-------------------+
5 rows in set
2.3.1 :018 > Comment.create(content:'can 2 post comments have same imageable_id?',imageable:Post.first)
  Post Load (3.7ms)  SELECT  "posts".* FROM "posts"  ORDER BY "posts"."id" ASC LIMIT 1
   (0.1ms)  begin transaction
  SQL (6.1ms)  INSERT INTO "comments" ("content", "imageable_id", "imageable_type", "created_at", "updated_at") VALUES (?, ?, ?, ?, ?)  [["content", "can 2 post comments have same imageable_id?"], ["imageable_id", 2], ["imageable_type", "Post"], ["created_at", "2021-08-23 20:57:42.806707"], ["updated_at", "2021-08-23 20:57:42.806707"]]
   (3.6ms)  commit transaction
+----+------------------+--------------+----------------+-------------------+-------------------+
| id | content          | imageable_id | imageable_type | created_at        | updated_at        |
+----+------------------+--------------+----------------+-------------------+-------------------+
| 6  | can 2 post co... | 2            | Post           | 2021-08-23 20:... | 2021-08-23 20:... |
+----+------------------+--------------+----------------+-------------------+-------------------+
1 row in set
2.3.1 :019 > Comment.all  Comment Load (3.6ms)  SELECT "comments".* FROM "comments"
+----+------------------+--------------+----------------+-------------------+-------------------+
| id | content          | imageable_id | imageable_type | created_at        | updated_at        |
+----+------------------+--------------+----------------+-------------------+-------------------+
| 1  | Hey i just wa... | 1            | Post           | 2021-08-23 20:... | 2021-08-23 20:... |
| 2  | Nice blog!       | 1            | Blog           | 2021-08-23 20:... | 2021-08-23 20:... |
| 3  | Yeetopia         | 1            | User           | 2021-08-23 20:... | 2021-08-23 20:... |
| 4  | crazy 2 me th... | 2            | Message        | 2021-08-23 20:... | 2021-08-23 20:... |
| 5  | crazy 4 me th... | 4            | Message        | 2021-08-23 20:... | 2021-08-23 20:... |
| 6  | can 2 post co... | 2            | Post           | 2021-08-23 20:... | 2021-08-23 20:... |
+----+------------------+--------------+----------------+-------------------+-------------------+
6 rows in set



-------------------------------------------------------------------------
-------------------------------------------------------------------------

UPDATE:




2.3.1 :020 > c = Comment.find(1)  Comment Load (2.6ms)  SELECT  "comments".* FROM "comments" WHERE "comments"."id" = ? LIMIT 1  [["id", 1]]
+----+------------------+--------------+----------------+-------------------+-------------------+
| id | content          | imageable_id | imageable_type | created_at        | updated_at        |
+----+------------------+--------------+----------------+-------------------+-------------------+
| 1  | Hey i just wa... | 1            | Post           | 2021-08-23 20:... | 2021-08-23 20:... |
+----+------------------+--------------+----------------+-------------------+-------------------+
1 row in set
2.3.1 :021 > c.update(content:'Actually hey just wanna say blah blah')
   (0.2ms)  begin transaction
  SQL (6.6ms)  UPDATE "comments" SET "content" = ?, "updated_at" = ? WHERE "comments"."id" = ?  [["content", "Actually hey just wanna say blah blah"], ["updated_at", "2021-08-23 21:08:43.227445"], ["id", 1]]
   (3.4ms)  commit transaction
 => true 
2.3.1 :022 > c.save
   (0.1ms)  begin transaction
   (0.1ms)  commit transaction
 => true 
2.3.1 :023 > Comment.all
  Comment Load (3.6ms)  SELECT "comments".* FROM "comments"
+----+------------------+--------------+----------------+-------------------+-------------------+
| id | content          | imageable_id | imageable_type | created_at        | updated_at        |
+----+------------------+--------------+----------------+-------------------+-------------------+
| 1  | Actually hey ... | 1            | Post           | 2021-08-23 20:... | 2021-08-23 21:... |
| 2  | Nice blog!       | 1            | Blog           | 2021-08-23 20:... | 2021-08-23 20:... |
| 3  | Yeetopia         | 1            | User           | 2021-08-23 20:... | 2021-08-23 20:... |
| 4  | crazy 2 me th... | 2            | Message        | 2021-08-23 20:... | 2021-08-23 20:... |
| 5  | crazy 4 me th... | 4            | Message        | 2021-08-23 20:... | 2021-08-23 20:... |
| 6  | can 2 post co... | 2            | Post           | 2021-08-23 20:... | 2021-08-23 20:... |
+----+------------------+--------------+----------------+-------------------+-------------------+
6 rows in set
2.3.1 :024 > c = Comment.find(1)
  Comment Load (4.3ms)  SELECT  "comments".* FROM "comments" WHERE "comments"."id" = ? LIMIT 1  [["id", 1]]
+----+------------------+--------------+----------------+-------------------+-------------------+
| id | content          | imageable_id | imageable_type | created_at        | updated_at        |
+----+------------------+--------------+----------------+-------------------+-------------------+
| 1  | Actually hey ... | 1            | Post           | 2021-08-23 20:... | 2021-08-23 21:... |
+----+------------------+--------------+----------------+-------------------+-------------------+
1 row in set
2.3.1 :025 > 



-------------------------------------------------------------------------
-------------------------------------------------------------------------


DESTROY:



2.3.1 :025 > Comment.all
  Comment Load (3.5ms)  SELECT "comments".* FROM "comments"
+----+------------------+--------------+----------------+-------------------+-------------------+
| id | content          | imageable_id | imageable_type | created_at        | updated_at        |
+----+------------------+--------------+----------------+-------------------+-------------------+
| 1  | Actually hey ... | 1            | Post           | 2021-08-23 20:... | 2021-08-23 21:... |
| 2  | Nice blog!       | 1            | Blog           | 2021-08-23 20:... | 2021-08-23 20:... |
| 3  | Yeetopia         | 1            | User           | 2021-08-23 20:... | 2021-08-23 20:... |
| 4  | crazy 2 me th... | 2            | Message        | 2021-08-23 20:... | 2021-08-23 20:... |
| 5  | crazy 4 me th... | 4            | Message        | 2021-08-23 20:... | 2021-08-23 20:... |
| 6  | can 2 post co... | 2            | Post           | 2021-08-23 20:... | 2021-08-23 20:... |
+----+------------------+--------------+----------------+-------------------+-------------------+
6 rows in set
2.3.1 :026 > c = Comment.find(5)
  Comment Load (2.4ms)  SELECT  "comments".* FROM "comments" WHERE "comments"."id" = ? LIMIT 1  [["id", 5]]
+----+------------------+--------------+----------------+-------------------+-------------------+
| id | content          | imageable_id | imageable_type | created_at        | updated_at        |
+----+------------------+--------------+----------------+-------------------+-------------------+
| 5  | crazy 4 me th... | 4            | Message        | 2021-08-23 20:... | 2021-08-23 20:... |
+----+------------------+--------------+----------------+-------------------+-------------------+
1 row in set
2.3.1 :027 > c.destroy
   (0.1ms)  begin transaction
  SQL (6.0ms)  DELETE FROM "comments" WHERE "comments"."id" = ?  [["id", 5]]
   (5.2ms)  commit transaction
+----+------------------+--------------+----------------+-------------------+-------------------+
| id | content          | imageable_id | imageable_type | created_at        | updated_at        |
+----+------------------+--------------+----------------+-------------------+-------------------+
| 5  | crazy 4 me th... | 4            | Message        | 2021-08-23 20:... | 2021-08-23 20:... |
+----+------------------+--------------+----------------+-------------------+-------------------+
1 row in set
2.3.1 :028 > Comment.all
  Comment Load (3.3ms)  SELECT "comments".* FROM "comments"
+----+------------------+--------------+----------------+-------------------+-------------------+
| id | content          | imageable_id | imageable_type | created_at        | updated_at        |
+----+------------------+--------------+----------------+-------------------+-------------------+
| 1  | Actually hey ... | 1            | Post           | 2021-08-23 20:... | 2021-08-23 21:... |
| 2  | Nice blog!       | 1            | Blog           | 2021-08-23 20:... | 2021-08-23 20:... |
| 3  | Yeetopia         | 1            | User           | 2021-08-23 20:... | 2021-08-23 20:... |
| 4  | crazy 2 me th... | 2            | Message        | 2021-08-23 20:... | 2021-08-23 20:... |
| 6  | can 2 post co... | 2            | Post           | 2021-08-23 20:... | 2021-08-23 20:... |
+----+------------------+--------------+----------------+-------------------+-------------------+
5 rows in set
2.3.1 :029 > 